Component: ARM Compiler 5.05 update 2 (build 169) Tool: armlink [4d0f33]

==============================================================================

Section Cross References

    cs43l22.o(i.CODEC_IO_Write) refers to stm32f4_discovery.o(i.AUDIO_IO_Write) for AUDIO_IO_Write
    cs43l22.o(i.cs43l22_DeInit) refers to stm32f4_discovery.o(i.AUDIO_IO_DeInit) for AUDIO_IO_DeInit
    cs43l22.o(i.cs43l22_Init) refers to stm32f4_discovery.o(i.AUDIO_IO_Init) for AUDIO_IO_Init
    cs43l22.o(i.cs43l22_Init) refers to cs43l22.o(i.CODEC_IO_Write) for CODEC_IO_Write
    cs43l22.o(i.cs43l22_Init) refers to cs43l22.o(i.cs43l22_SetVolume) for cs43l22_SetVolume
    cs43l22.o(i.cs43l22_Init) refers to cs43l22.o(.data) for .data
    cs43l22.o(i.cs43l22_Pause) refers to cs43l22.o(i.cs43l22_SetMute) for cs43l22_SetMute
    cs43l22.o(i.cs43l22_Pause) refers to cs43l22.o(i.CODEC_IO_Write) for CODEC_IO_Write
    cs43l22.o(i.cs43l22_Play) refers to cs43l22.o(i.cs43l22_SetMute) for cs43l22_SetMute
    cs43l22.o(i.cs43l22_Play) refers to cs43l22.o(i.CODEC_IO_Write) for CODEC_IO_Write
    cs43l22.o(i.cs43l22_Play) refers to cs43l22.o(.data) for .data
    cs43l22.o(i.cs43l22_ReadID) refers to stm32f4_discovery.o(i.AUDIO_IO_Init) for AUDIO_IO_Init
    cs43l22.o(i.cs43l22_ReadID) refers to stm32f4_discovery.o(i.AUDIO_IO_Read) for AUDIO_IO_Read
    cs43l22.o(i.cs43l22_Resume) refers to cs43l22.o(i.cs43l22_SetMute) for cs43l22_SetMute
    cs43l22.o(i.cs43l22_Resume) refers to cs43l22.o(i.CODEC_IO_Write) for CODEC_IO_Write
    cs43l22.o(i.cs43l22_Resume) refers to cs43l22.o(.data) for .data
    cs43l22.o(i.cs43l22_SetMute) refers to cs43l22.o(i.CODEC_IO_Write) for CODEC_IO_Write
    cs43l22.o(i.cs43l22_SetMute) refers to cs43l22.o(.data) for .data
    cs43l22.o(i.cs43l22_SetOutputMode) refers to cs43l22.o(i.CODEC_IO_Write) for CODEC_IO_Write
    cs43l22.o(i.cs43l22_SetOutputMode) refers to cs43l22.o(.data) for .data
    cs43l22.o(i.cs43l22_SetVolume) refers to cs43l22.o(i.CODEC_IO_Write) for CODEC_IO_Write
    cs43l22.o(i.cs43l22_Stop) refers to cs43l22.o(i.cs43l22_SetMute) for cs43l22_SetMute
    cs43l22.o(i.cs43l22_Stop) refers to cs43l22.o(i.CODEC_IO_Write) for CODEC_IO_Write
    cs43l22.o(i.cs43l22_Stop) refers to cs43l22.o(.data) for .data
    cs43l22.o(.data) refers to cs43l22.o(i.cs43l22_Init) for cs43l22_Init
    cs43l22.o(.data) refers to cs43l22.o(i.cs43l22_DeInit) for cs43l22_DeInit
    cs43l22.o(.data) refers to cs43l22.o(i.cs43l22_ReadID) for cs43l22_ReadID
    cs43l22.o(.data) refers to cs43l22.o(i.cs43l22_Play) for cs43l22_Play
    cs43l22.o(.data) refers to cs43l22.o(i.cs43l22_Pause) for cs43l22_Pause
    cs43l22.o(.data) refers to cs43l22.o(i.cs43l22_Resume) for cs43l22_Resume
    cs43l22.o(.data) refers to cs43l22.o(i.cs43l22_Stop) for cs43l22_Stop
    cs43l22.o(.data) refers to cs43l22.o(i.cs43l22_SetFrequency) for cs43l22_SetFrequency
    cs43l22.o(.data) refers to cs43l22.o(i.cs43l22_SetVolume) for cs43l22_SetVolume
    cs43l22.o(.data) refers to cs43l22.o(i.cs43l22_SetMute) for cs43l22_SetMute
    cs43l22.o(.data) refers to cs43l22.o(i.cs43l22_SetOutputMode) for cs43l22_SetOutputMode
    cs43l22.o(.data) refers to cs43l22.o(i.cs43l22_Reset) for cs43l22_Reset
    lis302dl.o(i.LIS302DL_Click_IntClear) refers to stm32f4_discovery.o(i.ACCELERO_IO_Read) for ACCELERO_IO_Read
    lis302dl.o(i.LIS302DL_Click_IntConfig) refers to stm32f4_discovery.o(i.ACCELERO_IO_ITConfig) for ACCELERO_IO_ITConfig
    lis302dl.o(i.LIS302DL_Click_IntConfig) refers to lis302dl.o(i.LIS302DL_InterruptConfig) for LIS302DL_InterruptConfig
    lis302dl.o(i.LIS302DL_Click_IntConfig) refers to stm32f4_discovery.o(i.ACCELERO_IO_Write) for ACCELERO_IO_Write
    lis302dl.o(i.LIS302DL_DataRateCmd) refers to stm32f4_discovery.o(i.ACCELERO_IO_Read) for ACCELERO_IO_Read
    lis302dl.o(i.LIS302DL_DataRateCmd) refers to stm32f4_discovery.o(i.ACCELERO_IO_Write) for ACCELERO_IO_Write
    lis302dl.o(i.LIS302DL_FilterConfig) refers to stm32f4_discovery.o(i.ACCELERO_IO_Read) for ACCELERO_IO_Read
    lis302dl.o(i.LIS302DL_FilterConfig) refers to stm32f4_discovery.o(i.ACCELERO_IO_Write) for ACCELERO_IO_Write
    lis302dl.o(i.LIS302DL_FullScaleCmd) refers to stm32f4_discovery.o(i.ACCELERO_IO_Read) for ACCELERO_IO_Read
    lis302dl.o(i.LIS302DL_FullScaleCmd) refers to stm32f4_discovery.o(i.ACCELERO_IO_Write) for ACCELERO_IO_Write
    lis302dl.o(i.LIS302DL_Init) refers to stm32f4_discovery.o(i.ACCELERO_IO_Init) for ACCELERO_IO_Init
    lis302dl.o(i.LIS302DL_Init) refers to stm32f4_discovery.o(i.ACCELERO_IO_Write) for ACCELERO_IO_Write
    lis302dl.o(i.LIS302DL_InterruptConfig) refers to stm32f4_discovery.o(i.ACCELERO_IO_Read) for ACCELERO_IO_Read
    lis302dl.o(i.LIS302DL_InterruptConfig) refers to stm32f4_discovery.o(i.ACCELERO_IO_Write) for ACCELERO_IO_Write
    lis302dl.o(i.LIS302DL_LowpowerCmd) refers to stm32f4_discovery.o(i.ACCELERO_IO_Read) for ACCELERO_IO_Read
[...]
    i.HAL_TIM_OC_ConfigChannel               0x08001990   Section        0  stm32f4xx_hal_tim.o(i.HAL_TIM_OC_ConfigChannel)
    i.HAL_TIM_OC_DelayElapsedCallback        0x080019e6   Section        0  main.o(i.HAL_TIM_OC_DelayElapsedCallback)
    i.HAL_TIM_OC_Init                        0x080019e8   Section        0  stm32f4xx_hal_tim.o(i.HAL_TIM_OC_Init)
    i.HAL_TIM_OC_MspInit                     0x08001a1e   Section        0  stm32f4xx_hal_tim.o(i.HAL_TIM_OC_MspInit)
    i.HAL_TIM_OC_Start_IT                    0x08001a20   Section        0  stm32f4xx_hal_tim.o(i.HAL_TIM_OC_Start_IT)
    i.HAL_TIM_PWM_PulseFinishedCallback      0x08001a8c   Section        0  stm32f4xx_hal_tim.o(i.HAL_TIM_PWM_PulseFinishedCallback)
    i.HAL_TIM_PeriodElapsedCallback          0x08001a90   Section        0  main.o(i.HAL_TIM_PeriodElapsedCallback)
    i.HAL_TIM_TriggerCallback                0x08001ad0   Section        0  stm32f4xx_hal_tim.o(i.HAL_TIM_TriggerCallback)
    i.Handle_USBAsynchXfer                   0x08001ad4   Section        0  usbd_cdc_core.o(i.Handle_USBAsynchXfer)
    Handle_USBAsynchXfer                     0x08001ad5   Thumb Code    94  usbd_cdc_core.o(i.Handle_USBAsynchXfer)
    i.HardFault_Handler                      0x08001b3c   Section        0  stm32f4xx_it.o(i.HardFault_Handler)
    i.MemManage_Handler                      0x08001b3e   Section        0  stm32f4xx_it.o(i.MemManage_Handler)
    i.NMI_Handler                            0x08001b40   Section        0  stm32f4xx_it.o(i.NMI_Handler)
    i.NVIC_SetPriority                       0x08001b42   Section        0  stm32f4xx_hal_cortex.o(i.NVIC_SetPriority)
    NVIC_SetPriority                         0x08001b43   Thumb Code    32  stm32f4xx_hal_cortex.o(i.NVIC_SetPriority)
    i.OTG_FS_IRQHandler                      0x08001b64   Section        0  usb_bsp.o(i.OTG_FS_IRQHandler)
    i.OTG_FS_WKUP_IRQHandler                 0x08001b70   Section        0  usb_bsp.o(i.OTG_FS_WKUP_IRQHandler)
    i.PendSV_Handler                         0x08001b80   Section        0  stm32f4xx_it.o(i.PendSV_Handler)
    i.SPI_WaitOnFlagUntilTimeout             0x08001b82   Section        0  stm32f4xx_hal_spi.o(i.SPI_WaitOnFlagUntilTimeout)
    SPI_WaitOnFlagUntilTimeout               0x08001b83   Thumb Code   158  stm32f4xx_hal_spi.o(i.SPI_WaitOnFlagUntilTimeout)
    i.SVC_Handler                            0x08001c20   Section        0  stm32f4xx_it.o(i.SVC_Handler)
    i.SysTick_Handler                        0x08001c22   Section        0  stm32f4xx_it.o(i.SysTick_Handler)
    i.SystemClock_Config                     0x08001c28   Section        0  main.o(i.SystemClock_Config)
    SystemClock_Config                       0x08001c29   Thumb Code   140  main.o(i.SystemClock_Config)
    i.SystemInit                             0x08001cc0   Section        0  system_stm32f4xx.o(i.SystemInit)
    i.TIM1_UP_TIM10_IRQHandler               0x08001d14   Section        0  stm32f4xx_it.o(i.TIM1_UP_TIM10_IRQHandler)
    i.TIM8_CC_IRQHandler                     0x08001d20   Section        0  stm32f4xx_it.o(i.TIM8_CC_IRQHandler)
    i.TIM8_UP_TIM13_IRQHandler               0x08001d2c   Section        0  stm32f4xx_it.o(i.TIM8_UP_TIM13_IRQHandler)
    i.TIM_Base_SetConfig                     0x08001d38   Section        0  stm32f4xx_hal_tim.o(i.TIM_Base_SetConfig)
    i.TIM_CCxChannelCmd                      0x08001df8   Section        0  stm32f4xx_hal_tim.o(i.TIM_CCxChannelCmd)
    i.TIM_ETR_SetConfig                      0x08001e0e   Section        0  stm32f4xx_hal_tim.o(i.TIM_ETR_SetConfig)
    TIM_ETR_SetConfig                        0x08001e0f   Thumb Code    20  stm32f4xx_hal_tim.o(i.TIM_ETR_SetConfig)
    i.TIM_ITRx_SetConfig                     0x08001e22   Section        0  stm32f4xx_hal_tim.o(i.TIM_ITRx_SetConfig)
    TIM_ITRx_SetConfig                       0x08001e23   Thumb Code    16  stm32f4xx_hal_tim.o(i.TIM_ITRx_SetConfig)
    i.TIM_OC1_SetConfig                      0x08001e34   Section        0  stm32f4xx_hal_tim.o(i.TIM_OC1_SetConfig)
    TIM_OC1_SetConfig                        0x08001e35   Thumb Code    80  stm32f4xx_hal_tim.o(i.TIM_OC1_SetConfig)
    i.TIM_OC2_SetConfig                      0x08001e8c   Section        0  stm32f4xx_hal_tim.o(i.TIM_OC2_SetConfig)
    i.TIM_OC3_SetConfig                      0x08001ef0   Section        0  stm32f4xx_hal_tim.o(i.TIM_OC3_SetConfig)
    TIM_OC3_SetConfig                        0x08001ef1   Thumb Code    88  stm32f4xx_hal_tim.o(i.TIM_OC3_SetConfig)
    i.TIM_OC4_SetConfig                      0x08001f50   Section        0  stm32f4xx_hal_tim.o(i.TIM_OC4_SetConfig)
    TIM_OC4_SetConfig                        0x08001f51   Thumb Code    70  stm32f4xx_hal_tim.o(i.TIM_OC4_SetConfig)
    i.TIM_TI1_ConfigInputStage               0x08001fa0   Section        0  stm32f4xx_hal_tim.o(i.TIM_TI1_ConfigInputStage)
    TIM_TI1_ConfigInputStage                 0x08001fa1   Thumb Code    34  stm32f4xx_hal_tim.o(i.TIM_TI1_ConfigInputStage)
    i.TIM_TI2_ConfigInputStage               0x08001fc2   Section        0  stm32f4xx_hal_tim.o(i.TIM_TI2_ConfigInputStage)
    TIM_TI2_ConfigInputStage                 0x08001fc3   Thumb Code    36  stm32f4xx_hal_tim.o(i.TIM_TI2_ConfigInputStage)
    i.TM_INT_USB_VCP_AddReceived             0x08001fe8   Section        0  tm_stm32f4_usb_vcp.o(i.TM_INT_USB_VCP_AddReceived)
    i.TM_USB_VCP_GetStatus                   0x08002018   Section        0  tm_stm32f4_usb_vcp.o(i.TM_USB_VCP_GetStatus)
    i.TM_USB_VCP_Getc                        0x08002030   Section        0  tm_stm32f4_usb_vcp.o(i.TM_USB_VCP_Getc)
    i.TM_USB_VCP_Init                        0x0800206c   Section        0  tm_stm32f4_usb_vcp.o(i.TM_USB_VCP_Init)
    i.TM_USB_VCP_Putc                        0x080020a4   Section        0  tm_stm32f4_usb_vcp.o(i.TM_USB_VCP_Putc)
    i.TM_USB_VCP_Puts                        0x080020bc   Section        0  tm_stm32f4_usb_vcp.o(i.TM_USB_VCP_Puts)
    i.USBD_ClrCfg                            0x080020d0   Section        0  usbd_core.o(i.USBD_ClrCfg)
    i.USBD_CtlContinueRx                     0x080020de   Section        0  usbd_ioreq.o(i.USBD_CtlContinueRx)
    i.USBD_CtlContinueSendData               0x080020f0   Section        0  usbd_ioreq.o(i.USBD_CtlContinueSendData)
    i.USBD_CtlError                          0x08002102   Section        0  usbd_req.o(i.USBD_CtlError)
    i.USBD_CtlPrepareRx                      0x0800211e   Section        0  usbd_ioreq.o(i.USBD_CtlPrepareRx)
    i.USBD_CtlReceiveStatus                  0x0800213e   Section        0  usbd_ioreq.o(i.USBD_CtlReceiveStatus)
    i.USBD_CtlSendData                       0x08002160   Section        0  usbd_ioreq.o(i.USBD_CtlSendData)
    i.USBD_CtlSendStatus                     0x08002180   Section        0  usbd_ioreq.o(i.USBD_CtlSendStatus)
    i.USBD_DataInStage                       0x080021a4   Section        0  usbd_core.o(i.USBD_DataInStage)
    USBD_DataInStage                         0x080021a5   Thumb Code   172  usbd_core.o(i.USBD_DataInStage)
    i.USBD_DataOutStage                      0x08002254   Section        0  usbd_core.o(i.USBD_DataOutStage)
    USBD_DataOutStage                        0x08002255   Thumb Code   120  usbd_core.o(i.USBD_DataOutStage)
    i.USBD_GetDescriptor                     0x080022cc   Section        0  usbd_req.o(i.USBD_GetDescriptor)
    USBD_GetDescriptor                       0x080022cd   Thumb Code   206  usbd_req.o(i.USBD_GetDescriptor)
    i.USBD_GetString                         0x0800239a   Section        0  usbd_req.o(i.USBD_GetString)
    i.USBD_Init                              0x080023e0   Section        0  usbd_core.o(i.USBD_Init)
    i.USBD_IsoINIncomplete                   0x08002414   Section        0  usbd_core.o(i.USBD_IsoINIncomplete)
    USBD_IsoINIncomplete                     0x08002415   Thumb Code    14  usbd_core.o(i.USBD_IsoINIncomplete)
    i.USBD_IsoOUTIncomplete                  0x08002422   Section        0  usbd_core.o(i.USBD_IsoOUTIncomplete)
    USBD_IsoOUTIncomplete                    0x08002423   Thumb Code    14  usbd_core.o(i.USBD_IsoOUTIncomplete)
    i.USBD_OTG_ISR_Handler                   0x08002430   Section        0  usb_dcd_int.o(i.USBD_OTG_ISR_Handler)
    i.USBD_ParseSetupRequest                 0x08002578   Section        0  usbd_req.o(i.USBD_ParseSetupRequest)
    i.USBD_Reset                             0x080025bc   Section        0  usbd_core.o(i.USBD_Reset)
    USBD_Reset                               0x080025bd   Thumb Code    46  usbd_core.o(i.USBD_Reset)
    i.USBD_Resume                            0x080025ea   Section        0  usbd_core.o(i.USBD_Resume)
    USBD_Resume                              0x080025eb   Thumb Code    22  usbd_core.o(i.USBD_Resume)
    i.USBD_SOF                               0x08002600   Section        0  usbd_core.o(i.USBD_SOF)
    USBD_SOF                                 0x08002601   Thumb Code    16  usbd_core.o(i.USBD_SOF)
    i.USBD_SetCfg                            0x08002610   Section        0  usbd_core.o(i.USBD_SetCfg)
    i.USBD_SetConfig                         0x0800262c   Section        0  usbd_req.o(i.USBD_SetConfig)
    USBD_SetConfig                           0x0800262d   Thumb Code   112  usbd_req.o(i.USBD_SetConfig)
    i.USBD_SetFeature                        0x080026a0   Section        0  usbd_req.o(i.USBD_SetFeature)
    USBD_SetFeature                          0x080026a1   Thumb Code   118  usbd_req.o(i.USBD_SetFeature)
    i.USBD_SetupStage                        0x0800271c   Section        0  usbd_core.o(i.USBD_SetupStage)
    USBD_SetupStage                          0x0800271d   Thumb Code    72  usbd_core.o(i.USBD_SetupStage)
    i.USBD_StdDevReq                         0x08002764   Section        0  usbd_req.o(i.USBD_StdDevReq)
    i.USBD_StdEPReq                          0x08002854   Section        0  usbd_req.o(i.USBD_StdEPReq)
    i.USBD_StdItfReq                         0x08002928   Section        0  usbd_req.o(i.USBD_StdItfReq)
    i.USBD_Suspend                           0x0800295e   Section        0  usbd_core.o(i.USBD_Suspend)
    USBD_Suspend                             0x0800295f   Thumb Code    28  usbd_core.o(i.USBD_Suspend)
    i.USBD_USR_ConfigStrDescriptor           0x0800297c   Section        0  usbd_desc.o(i.USBD_USR_ConfigStrDescriptor)
    i.USBD_USR_DeviceConfigured              0x0800299c   Section        0  usbd_usr.o(i.USBD_USR_DeviceConfigured)
    i.USBD_USR_DeviceConnected               0x080029a8   Section        0  usbd_usr.o(i.USBD_USR_DeviceConnected)
    i.USBD_USR_DeviceDescriptor              0x080029b4   Section        0  usbd_desc.o(i.USBD_USR_DeviceDescriptor)
    i.USBD_USR_DeviceDisconnected            0x080029c0   Section        0  usbd_usr.o(i.USBD_USR_DeviceDisconnected)
    i.USBD_USR_DeviceReset                   0x080029cc   Section        0  usbd_usr.o(i.USBD_USR_DeviceReset)
    i.USBD_USR_DeviceResumed                 0x080029d8   Section        0  usbd_usr.o(i.USBD_USR_DeviceResumed)
    i.USBD_USR_DeviceSuspended               0x080029e4   Section        0  usbd_usr.o(i.USBD_USR_DeviceSuspended)
    i.USBD_USR_Init                          0x080029f0   Section        0  usbd_usr.o(i.USBD_USR_Init)
    i.USBD_USR_InterfaceStrDescriptor        0x080029fc   Section        0  usbd_desc.o(i.USBD_USR_InterfaceStrDescriptor)
    i.USBD_USR_LangIDStrDescriptor           0x08002a20   Section        0  usbd_desc.o(i.USBD_USR_LangIDStrDescriptor)
    i.USBD_USR_ManufacturerStrDescriptor     0x08002a2c   Section        0  usbd_desc.o(i.USBD_USR_ManufacturerStrDescriptor)
    i.USBD_USR_ProductStrDescriptor          0x08002a54   Section        0  usbd_desc.o(i.USBD_USR_ProductStrDescriptor)
    i.USBD_USR_SerialStrDescriptor           0x08002a8c   Section        0  usbd_desc.o(i.USBD_USR_SerialStrDescriptor)
    i.USBD_cdc_GetCfgDesc                    0x08002ab0   Section        0  usbd_cdc_core.o(i.USBD_cdc_GetCfgDesc)
    USBD_cdc_GetCfgDesc                      0x08002ab1   Thumb Code     8  usbd_cdc_core.o(i.USBD_cdc_GetCfgDesc)
    i.USB_OTG_BSP_EnableInterrupt            0x08002abc   Section        0  usb_bsp.o(i.USB_OTG_BSP_EnableInterrupt)
    i.USB_OTG_BSP_Init                       0x08002ad8   Section        0  usb_bsp.o(i.USB_OTG_BSP_Init)
    i.USB_OTG_BSP_mDelay                     0x08002b90   Section        0  usb_bsp.o(i.USB_OTG_BSP_mDelay)
    i.USB_OTG_BSP_uDelay                     0x08002b9a   Section        0  usb_bsp.o(i.USB_OTG_BSP_uDelay)
    i.USB_OTG_CoreInit                       0x08002bb0   Section        0  usb_core.o(i.USB_OTG_CoreInit)
    i.USB_OTG_CoreInitDev                    0x08002c30   Section        0  usb_core.o(i.USB_OTG_CoreInitDev)
    i.USB_OTG_CoreReset                      0x08002d60   Section        0  usb_core.o(i.USB_OTG_CoreReset)
    USB_OTG_CoreReset                        0x08002d61   Thumb Code    84  usb_core.o(i.USB_OTG_CoreReset)
    i.USB_OTG_DisableGlobalInt               0x08002db8   Section        0  usb_core.o(i.USB_OTG_DisableGlobalInt)
    i.USB_OTG_EP0Activate                    0x08002dc8   Section        0  usb_core.o(i.USB_OTG_EP0Activate)
    i.USB_OTG_EP0StartXfer                   0x08002e04   Section        0  usb_core.o(i.USB_OTG_EP0StartXfer)
    i.USB_OTG_EP0_OutStart                   0x08002ebc   Section        0  usb_core.o(i.USB_OTG_EP0_OutStart)
    i.USB_OTG_EPActivate                     0x08002ee0   Section        0  usb_core.o(i.USB_OTG_EPActivate)
    i.USB_OTG_EPClearStall                   0x08002f32   Section        0  usb_core.o(i.USB_OTG_EPClearStall)
    i.USB_OTG_EPDeactivate                   0x08002f64   Section        0  usb_core.o(i.USB_OTG_EPDeactivate)
    i.USB_OTG_EPSetStall                     0x08002f98   Section        0  usb_core.o(i.USB_OTG_EPSetStall)
    i.USB_OTG_EPStartXfer                    0x08002fc8   Section        0  usb_core.o(i.USB_OTG_EPStartXfer)
    i.USB_OTG_EnableDevInt                   0x080030e8   Section        0  usb_core.o(i.USB_OTG_EnableDevInt)
    i.USB_OTG_EnableGlobalInt                0x08003130   Section        0  usb_core.o(i.USB_OTG_EnableGlobalInt)
    i.USB_OTG_FlushRxFifo                    0x08003140   Section        0  usb_core.o(i.USB_OTG_FlushRxFifo)
    i.USB_OTG_FlushTxFifo                    0x08003178   Section        0  usb_core.o(i.USB_OTG_FlushTxFifo)
    i.USB_OTG_GetDeviceSpeed                 0x080031b8   Section        0  usb_core.o(i.USB_OTG_GetDeviceSpeed)
    i.USB_OTG_InitDevSpeed                   0x080031de   Section        0  usb_core.o(i.USB_OTG_InitDevSpeed)
    i.USB_OTG_IsDeviceMode                   0x080031ea   Section        0  usb_core.o(i.USB_OTG_IsDeviceMode)
    i.USB_OTG_ReadCoreItr                    0x080031fc   Section        0  usb_core.o(i.USB_OTG_ReadCoreItr)
    i.USB_OTG_ReadDevAllInEPItr              0x08003206   Section        0  usb_core.o(i.USB_OTG_ReadDevAllInEPItr)
    i.USB_OTG_ReadDevAllOutEp_itr            0x08003212   Section        0  usb_core.o(i.USB_OTG_ReadDevAllOutEp_itr)
    i.USB_OTG_ReadDevOutEP_itr               0x0800321e   Section        0  usb_core.o(i.USB_OTG_ReadDevOutEP_itr)
    i.USB_OTG_ReadPacket                     0x0800322e   Section        0  usb_core.o(i.USB_OTG_ReadPacket)
    i.USB_OTG_SelectCore                     0x08003250   Section        0  usb_core.o(i.USB_OTG_SelectCore)
    i.USB_OTG_SetCurrentMode                 0x08003314   Section        0  usb_core.o(i.USB_OTG_SetCurrentMode)
    i.USB_OTG_WritePacket                    0x0800333e   Section        0  usb_core.o(i.USB_OTG_WritePacket)
    i.UsageFault_Handler                     0x08003366   Section        0  stm32f4xx_it.o(i.UsageFault_Handler)
    i.VCP_Ctrl                               0x08003368   Section        0  usbd_cdc_vcp.o(i.VCP_Ctrl)
    VCP_Ctrl                                 0x08003369   Thumb Code    82  usbd_cdc_vcp.o(i.VCP_Ctrl)
    i.VCP_DataRx                             0x080033c0   Section        0  usbd_cdc_vcp.o(i.VCP_DataRx)
    i.VCP_DataTx                             0x080033dc   Section        0  usbd_cdc_vcp.o(i.VCP_DataTx)
    i.VCP_DeInit                             0x08003410   Section        0  usbd_cdc_vcp.o(i.VCP_DeInit)
    VCP_DeInit                               0x08003411   Thumb Code     4  usbd_cdc_vcp.o(i.VCP_DeInit)
    i.VCP_Init                               0x08003414   Section        0  usbd_cdc_vcp.o(i.VCP_Init)
    VCP_Init                                 0x08003415   Thumb Code     4  usbd_cdc_vcp.o(i.VCP_Init)
    i.__0printf$8                            0x08003418   Section        0  printf8.o(i.__0printf$8)
    i.__scatterload_copy                     0x08003438   Section       14  handlers.o(i.__scatterload_copy)
    i.__scatterload_null                     0x08003446   Section        2  handlers.o(i.__scatterload_null)
    i.__scatterload_zeroinit                 0x08003448   Section       14  handlers.o(i.__scatterload_zeroinit)
    i._printf_core                           0x08003458   Section        0  printf8.o(i._printf_core)
    _printf_core                             0x08003459   Thumb Code   996  printf8.o(i._printf_core)
    i._printf_post_padding                   0x08003868   Section        0  printf8.o(i._printf_post_padding)
    _printf_post_padding                     0x08003869   Thumb Code    36  printf8.o(i._printf_post_padding)
    i._printf_pre_padding                    0x0800388c   Section        0  printf8.o(i._printf_pre_padding)
    _printf_pre_padding                      0x0800388d   Thumb Code    46  printf8.o(i._printf_pre_padding)
    i.fputc                                  0x080038bc   Section        0  retarget.o(i.fputc)
    i.initDDS                                0x080038e4   Section        0  main.o(i.initDDS)
    i.initializesync                         0x08003960   Section        0  main.o(i.initializesync)
    i.inituscounter                          0x080039e4   Section        0  main.o(i.inituscounter)
    i.ioupdate                               0x08003a2c   Section        0  main.o(i.ioupdate)
    i.main                                   0x08003a58   Section        0  main.o(i.main)
    i.modulation_off                         0x08003d0c   Section        0  main.o(i.modulation_off)
    i.modulation_on                          0x08003d4c   Section        0  main.o(i.modulation_on)
    i.nextquad                               0x08003da0   Section        0  main.o(i.nextquad)
    i.parse_usb                              0x08003f1c   Section        0  main.o(i.parse_usb)
    i.resetDDS                               0x08004070   Section        0  main.o(i.resetDDS)
    i.resetphase                             0x08004098   Section        0  main.o(i.resetphase)
    i.setfreqDDS                             0x08004114   Section        0  main.o(i.setfreqDDS)
    i.startcounter                           0x08004204   Section        0  main.o(i.startcounter)
    i.startsyncpulse                         0x08004218   Section        0  main.o(i.startsyncpulse)
    i.usbd_cdc_DataIn                        0x08004230   Section        0  usbd_cdc_core.o(i.usbd_cdc_DataIn)
    usbd_cdc_DataIn                          0x08004231   Thumb Code    64  usbd_cdc_core.o(i.usbd_cdc_DataIn)
    i.usbd_cdc_DataOut                       0x08004278   Section        0  usbd_cdc_core.o(i.usbd_cdc_DataOut)
    usbd_cdc_DataOut                         0x08004279   Thumb Code    42  usbd_cdc_core.o(i.usbd_cdc_DataOut)
    i.usbd_cdc_DeInit                        0x080042ac   Section        0  usbd_cdc_core.o(i.usbd_cdc_DeInit)
    usbd_cdc_DeInit                          0x080042ad   Thumb Code    36  usbd_cdc_core.o(i.usbd_cdc_DeInit)
    i.usbd_cdc_EP0_RxReady                   0x080042d4   Section        0  usbd_cdc_core.o(i.usbd_cdc_EP0_RxReady)
    usbd_cdc_EP0_RxReady                     0x080042d5   Thumb Code    30  usbd_cdc_core.o(i.usbd_cdc_EP0_RxReady)
    i.usbd_cdc_Init                          0x080042fc   Section        0  usbd_cdc_core.o(i.usbd_cdc_Init)
    usbd_cdc_Init                            0x080042fd   Thumb Code    70  usbd_cdc_core.o(i.usbd_cdc_Init)
    i.usbd_cdc_SOF                           0x08004350   Section        0  usbd_cdc_core.o(i.usbd_cdc_SOF)
    usbd_cdc_SOF                             0x08004351   Thumb Code    26  usbd_cdc_core.o(i.usbd_cdc_SOF)
    i.usbd_cdc_Setup                         0x08004370   Section        0  usbd_cdc_core.o(i.usbd_cdc_Setup)
    usbd_cdc_Setup                           0x08004371   Thumb Code   172  usbd_cdc_core.o(i.usbd_cdc_Setup)
    .constdata                               0x08004424   Section       12  stm32f4_discovery.o(.constdata)
    .constdata                               0x08004430   Section       16  stm32f4xx_hal_rcc.o(.constdata)
    .constdata                               0x08004440   Section       15  main.o(.constdata)
    .data                                    0x20000000   Section       28  stm32f4_discovery.o(.data)
    .data                                    0x2000001c   Section       20  system_stm32f4xx.o(.data)
    .data                                    0x20000030   Section        4  stm32f4xx_hal.o(.data)
    uwTick                                   0x20000030   Data           4  stm32f4xx_hal.o(.data)
    .data                                    0x20000034   Section      229  main.o(.data)
    quadcount                                0x20000034   Data           1  main.o(.data)
    absquad                                  0x20000035   Data           1  main.o(.data)
    click                                    0x20000036   Data           1  main.o(.data)
    modulation_state                         0x20000037   Data           1  main.o(.data)
    init1                                    0x20000038   Data           2  main.o(.data)
    chan                                     0x2000003a   Data           2  main.o(.data)
    chan0                                    0x2000003c   Data           2  main.o(.data)
    chan1                                    0x2000003e   Data           2  main.o(.data)
    chan2                                    0x20000040   Data           2  main.o(.data)
    chan3                                    0x20000042   Data           2  main.o(.data)
    phase0                                   0x20000044   Data           3  main.o(.data)
    pch0                                     0x20000047   Data           3  main.o(.data)
    pch1                                     0x2000004a   Data           3  main.o(.data)
    pch2                                     0x2000004d   Data           3  main.o(.data)
    pch3                                     0x20000050   Data           3  main.o(.data)
    frameid                                  0x20000054   Data           4  main.o(.data)
    init2                                    0x20000058   Data           4  main.o(.data)
    init3                                    0x2000005c   Data           4  main.o(.data)
    data0                                    0x20000060   Data           5  main.o(.data)
    fch0                                     0x20000065   Data           5  main.o(.data)
    fch1                                     0x2000006a   Data           5  main.o(.data)
    fch2                                     0x2000006f   Data           5  main.o(.data)
    fch3                                     0x20000074   Data           5  main.o(.data)
    f0                                       0x20000079   Data          32  main.o(.data)
    f1                                       0x20000099   Data          32  main.o(.data)
    f2                                       0x200000b9   Data          32  main.o(.data)
    f3                                       0x200000d9   Data          32  main.o(.data)
    p0                                       0x200000f9   Data          16  main.o(.data)
    p2                                       0x20000109   Data          16  main.o(.data)
    .data                                    0x2000011c   Section       16  tm_stm32f4_usb_vcp.o(.data)
    .data                                    0x2000012c   Section      107  usbd_cdc_core.o(.data)
    usbd_cdc_AltSet                          0x20000130   Data           4  usbd_cdc_core.o(.data)
    cdcCmd                                   0x20000140   Data           4  usbd_cdc_core.o(.data)
    cdcLen                                   0x20000144   Data           4  usbd_cdc_core.o(.data)
    FrameCount                               0x20000148   Data           4  usbd_cdc_core.o(.data)
    .data                                    0x20000198   Section       44  usbd_cdc_core.o(.data)
    .data                                    0x200001c4   Section        8  usbd_cdc_vcp.o(.data)
    .data                                    0x200001cc   Section       20  usbd_cdc_vcp.o(.data)
    .data                                    0x200001e0   Section       44  usbd_core.o(.data)
    .data                                    0x2000020c   Section        4  usbd_core.o(.data)
    .data                                    0x20000210   Section        4  usbd_core.o(.data)
    .data                                    0x20000214   Section       28  usbd_desc.o(.data)
    .data                                    0x20000230   Section       22  usbd_desc.o(.data)
    .data                                    0x20000248   Section       16  usbd_req.o(.data)
    cfgidx                                   0x20000248   Data           1  usbd_req.o(.data)
    .data                                    0x20000258   Section        1  usbd_usr.o(.data)
    .data                                    0x2000025c   Section       28  usbd_usr.o(.data)
    .data                                    0x20000278   Section        4  stdout.o(.data)
    .bss                                     0x2000027c   Section      312  main.o(.bss)
    p1                                       0x2000027c   Data          16  main.o(.bss)
    p3                                       0x2000028c   Data          16  main.o(.bss)
    cmd                                      0x2000029c   Data          52  main.o(.bss)
    .bss                                     0x200003b4   Section     1652  tm_stm32f4_usb_vcp.o(.bss)
    .bss                                     0x20000a28   Section     2112  usbd_cdc_core.o(.bss)
    .bss                                     0x20001268   Section      255  usbd_req.o(.bss)
    STACK                                    0x20001368   Section     1024  startup_stm32f407xx.o(STACK)

    Global Symbols

    Symbol Name                              Value     Ov Type        Size  Object(Section)

    BuildAttributes$$THM_ISAv4$E$P$D$K$B$S$7EM$VFPi3$EXTD16$VFPS$VFMA$PE$A:L22UL41UL21$X:L11$S22US41US21$IEEE1$IW$USESV6$~STKCKD$USESV7$~SHL$OSPACE$ROPI$EBA8$MICROLIB$REQ8$PRES8$EABIv2 0x00000000   Number         0  anon$$obj.o ABSOLUTE
    __ARM_use_no_argv                        0x00000000   Number         0  main.o ABSOLUTE
    _printf_a                                0x00000000   Number         0  stubs.o ABSOLUTE
    _printf_c                                0x00000000   Number         0  stubs.o ABSOLUTE
    _printf_charcount                        0x00000000   Number         0  stubs.o ABSOLUTE
    _printf_d                                0x00000000   Number         0  stubs.o ABSOLUTE
    _printf_e                                0x00000000   Number         0  stubs.o ABSOLUTE
    _printf_f                                0x00000000   Number         0  stubs.o ABSOLUTE
    _printf_flags                            0x00000000   Number         0  stubs.o ABSOLUTE
    _printf_fp_dec                           0x00000000   Number         0  stubs.o ABSOLUTE
    _printf_fp_hex                           0x00000000   Number         0  stubs.o ABSOLUTE
    _printf_g                                0x00000000   Number         0  stubs.o ABSOLUTE
    _printf_i                                0x00000000   Number         0  stubs.o ABSOLUTE
    _printf_int_dec                          0x00000000   Number         0  stubs.o ABSOLUTE
    _printf_l                                0x00000000   Number         0  stubs.o ABSOLUTE
    _printf_lc                               0x00000000   Number         0  stubs.o ABSOLUTE
    _printf_ll                               0x00000000   Number         0  stubs.o ABSOLUTE
    _printf_lld                              0x00000000   Number         0  stubs.o ABSOLUTE
    _printf_lli                              0x00000000   Number         0  stubs.o ABSOLUTE
    _printf_llo                              0x00000000   Number         0  stubs.o ABSOLUTE
    _printf_llu                              0x00000000   Number         0  stubs.o ABSOLUTE
    _printf_llx                              0x00000000   Number         0  stubs.o ABSOLUTE
    _printf_longlong_dec                     0x00000000   Number         0  stubs.o ABSOLUTE
    _printf_longlong_hex                     0x00000000   Number         0  stubs.o ABSOLUTE
    _printf_longlong_oct                     0x00000000   Number         0  stubs.o ABSOLUTE
    _printf_ls                               0x00000000   Number         0  stubs.o ABSOLUTE
    _printf_mbtowc                           0x00000000   Number         0  stubs.o ABSOLUTE
    _printf_n                                0x00000000   Number         0  stubs.o ABSOLUTE
    _printf_o                                0x00000000   Number         0  stubs.o ABSOLUTE
    _printf_p                                0x00000000   Number         0  stubs.o ABSOLUTE
    _printf_percent                          0x00000000   Number         0  stubs.o ABSOLUTE
    _printf_pre_padding                      0x00000000   Number         0  stubs.o ABSOLUTE
    _printf_return_value                     0x00000000   Number         0  stubs.o ABSOLUTE
    _printf_s                                0x00000000   Number         0  stubs.o ABSOLUTE
    _printf_sizespec                         0x00000000   Number         0  stubs.o ABSOLUTE
    _printf_str                              0x00000000   Number         0  stubs.o ABSOLUTE
    _printf_truncate_signed                  0x00000000   Number         0  stubs.o ABSOLUTE
    _printf_truncate_unsigned                0x00000000   Number         0  stubs.o ABSOLUTE
    _printf_u                                0x00000000   Number         0  stubs.o ABSOLUTE
    _printf_wc                               0x00000000   Number         0  stubs.o ABSOLUTE
    _printf_wctomb                           0x00000000   Number         0  stubs.o ABSOLUTE
    _printf_widthprec                        0x00000000   Number         0  stubs.o ABSOLUTE
    _printf_x                                0x00000000   Number         0  stubs.o ABSOLUTE
    __cpp_initialize__aeabi_                  - Undefined Weak Reference
    __cxa_finalize                            - Undefined Weak Reference
    _clock_init                               - Undefined Weak Reference
    _microlib_exit                            - Undefined Weak Reference
    __Vectors_Size                           0x00000188   Number         0  startup_stm32f407xx.o ABSOLUTE
    __Vectors                                0x08000000   Data           4  startup_stm32f407xx.o(RESET)
    __Vectors_End                            0x08000188   Data           0  startup_stm32f407xx.o(RESET)
    __main                                   0x08000189   Thumb Code     0  entry.o(.ARM.Collect$$$$00000000)
    _main_stk                                0x08000189   Thumb Code     0  entry2.o(.ARM.Collect$$$$00000001)
    _main_scatterload                        0x0800018d   Thumb Code     0  entry5.o(.ARM.Collect$$$$00000004)
    __main_after_scatterload                 0x08000191   Thumb Code     0  entry5.o(.ARM.Collect$$$$00000004)
    _main_clock                              0x08000191   Thumb Code     0  entry7b.o(.ARM.Collect$$$$00000008)
    _main_cpp_init                           0x08000191   Thumb Code     0  entry8b.o(.ARM.Collect$$$$0000000A)
    _main_init                               0x08000191   Thumb Code     0  entry9a.o(.ARM.Collect$$$$0000000B)
    __rt_final_cpp                           0x08000199   Thumb Code     0  entry10a.o(.ARM.Collect$$$$0000000D)
    __rt_final_exit                          0x08000199   Thumb Code     0  entry11a.o(.ARM.Collect$$$$0000000F)
    Reset_Handler                            0x0800019d   Thumb Code     8  startup_stm32f407xx.o(.text)
    ADC_IRQHandler                           0x080001b7   Thumb Code     0  startup_stm32f407xx.o(.text)
    CAN1_RX0_IRQHandler                      0x080001b7   Thumb Code     0  startup_stm32f407xx.o(.text)
    CAN1_RX1_IRQHandler                      0x080001b7   Thumb Code     0  startup_stm32f407xx.o(.text)
    CAN1_SCE_IRQHandler                      0x080001b7   Thumb Code     0  startup_stm32f407xx.o(.text)
    CAN1_TX_IRQHandler                       0x080001b7   Thumb Code     0  startup_stm32f407xx.o(.text)
    CAN2_RX0_IRQHandler                      0x080001b7   Thumb Code     0  startup_stm32f407xx.o(.text)
    CAN2_RX1_IRQHandler                      0x080001b7   Thumb Code     0  startup_stm32f407xx.o(.text)
    CAN2_SCE_IRQHandler                      0x080001b7   Thumb Code     0  startup_stm32f407xx.o(.text)
    CAN2_TX_IRQHandler                       0x080001b7   Thumb Code     0  startup_stm32f407xx.o(.text)
    DCMI_IRQHandler                          0x080001b7   Thumb Code     0  startup_stm32f407xx.o(.text)
    DMA1_Stream0_IRQHandler                  0x080001b7   Thumb Code     0  startup_stm32f407xx.o(.text)
    DMA1_Stream1_IRQHandler                  0x080001b7   Thumb Code     0  startup_stm32f407xx.o(.text)
    DMA1_Stream2_IRQHandler                  0x080001b7   Thumb Code     0  startup_stm32f407xx.o(.text)
    DMA1_Stream3_IRQHandler                  0x080001b7   Thumb Code     0  startup_stm32f407xx.o(.text)
    DMA1_Stream4_IRQHandler                  0x080001b7   Thumb Code     0  startup_stm32f407xx.o(.text)
    DMA1_Stream5_IRQHandler                  0x080001b7   Thumb Code     0  startup_stm32f407xx.o(.text)
    DMA1_Stream6_IRQHandler                  0x080001b7   Thumb Code     0  startup_stm32f407xx.o(.text)
    DMA1_Stream7_IRQHandler                  0x080001b7   Thumb Code     0  startup_stm32f407xx.o(.text)
    DMA2_Stream0_IRQHandler                  0x080001b7   Thumb Code     0  startup_stm32f407xx.o(.text)
    DMA2_Stream1_IRQHandler                  0x080001b7   Thumb Code     0  startup_stm32f407xx.o(.text)
    DMA2_Stream2_IRQHandler                  0x080001b7   Thumb Code     0  startup_stm32f407xx.o(.text)
    DMA2_Stream3_IRQHandler                  0x080001b7   Thumb Code     0  startup_stm32f407xx.o(.text)
    DMA2_Stream4_IRQHandler                  0x080001b7   Thumb Code     0  startup_stm32f407xx.o(.text)
    DMA2_Stream5_IRQHandler                  0x080001b7   Thumb Code     0  startup_stm32f407xx.o(.text)
    DMA2_Stream6_IRQHandler                  0x080001b7   Thumb Code     0  startup_stm32f407xx.o(.text)
    DMA2_Stream7_IRQHandler                  0x080001b7   Thumb Code     0  startup_stm32f407xx.o(.text)
    ETH_IRQHandler                           0x080001b7   Thumb Code     0  startup_stm32f407xx.o(.text)
    ETH_WKUP_IRQHandler                      0x080001b7   Thumb Code     0  startup_stm32f407xx.o(.text)
    EXTI15_10_IRQHandler                     0x080001b7   Thumb Code     0  startup_stm32f407xx.o(.text)
    EXTI1_IRQHandler                         0x080001b7   Thumb Code     0  startup_stm32f407xx.o(.text)
    EXTI3_IRQHandler                         0x080001b7   Thumb Code     0  startup_stm32f407xx.o(.text)
    EXTI4_IRQHandler                         0x080001b7   Thumb Code     0  startup_stm32f407xx.o(.text)
    EXTI9_5_IRQHandler                       0x080001b7   Thumb Code     0  startup_stm32f407xx.o(.text)
    FLASH_IRQHandler                         0x080001b7   Thumb Code     0  startup_stm32f407xx.o(.text)
    FMC_IRQHandler                           0x080001b7   Thumb Code     0  startup_stm32f407xx.o(.text)
    FPU_IRQHandler                           0x080001b7   Thumb Code     0  startup_stm32f407xx.o(.text)
    HASH_RNG_IRQHandler                      0x080001b7   Thumb Code     0  startup_stm32f407xx.o(.text)
    I2C1_ER_IRQHandler                       0x080001b7   Thumb Code     0  startup_stm32f407xx.o(.text)
    I2C1_EV_IRQHandler                       0x080001b7   Thumb Code     0  startup_stm32f407xx.o(.text)
    I2C2_ER_IRQHandler                       0x080001b7   Thumb Code     0  startup_stm32f407xx.o(.text)
    I2C2_EV_IRQHandler                       0x080001b7   Thumb Code     0  startup_stm32f407xx.o(.text)
    I2C3_ER_IRQHandler                       0x080001b7   Thumb Code     0  startup_stm32f407xx.o(.text)
    I2C3_EV_IRQHandler                       0x080001b7   Thumb Code     0  startup_stm32f407xx.o(.text)
    OTG_HS_EP1_IN_IRQHandler                 0x080001b7   Thumb Code     0  startup_stm32f407xx.o(.text)
    OTG_HS_EP1_OUT_IRQHandler                0x080001b7   Thumb Code     0  startup_stm32f407xx.o(.text)
    OTG_HS_IRQHandler                        0x080001b7   Thumb Code     0  startup_stm32f407xx.o(.text)
    OTG_HS_WKUP_IRQHandler                   0x080001b7   Thumb Code     0  startup_stm32f407xx.o(.text)
    PVD_IRQHandler                           0x080001b7   Thumb Code     0  startup_stm32f407xx.o(.text)
    RCC_IRQHandler                           0x080001b7   Thumb Code     0  startup_stm32f407xx.o(.text)
    RTC_Alarm_IRQHandler                     0x080001b7   Thumb Code     0  startup_stm32f407xx.o(.text)
    RTC_WKUP_IRQHandler                      0x080001b7   Thumb Code     0  startup_stm32f407xx.o(.text)
    SDIO_IRQHandler                          0x080001b7   Thumb Code     0  startup_stm32f407xx.o(.text)
    SPI1_IRQHandler                          0x080001b7   Thumb Code     0  startup_stm32f407xx.o(.text)
    SPI2_IRQHandler                          0x080001b7   Thumb Code     0  startup_stm32f407xx.o(.text)
    SPI3_IRQHandler                          0x080001b7   Thumb Code     0  startup_stm32f407xx.o(.text)
    TAMP_STAMP_IRQHandler                    0x080001b7   Thumb Code     0  startup_stm32f407xx.o(.text)
    TIM1_BRK_TIM9_IRQHandler                 0x080001b7   Thumb Code     0  startup_stm32f407xx.o(.text)
    TIM1_CC_IRQHandler                       0x080001b7   Thumb Code     0  startup_stm32f407xx.o(.text)
    TIM1_TRG_COM_TIM11_IRQHandler            0x080001b7   Thumb Code     0  startup_stm32f407xx.o(.text)
    TIM2_IRQHandler                          0x080001b7   Thumb Code     0  startup_stm32f407xx.o(.text)
    TIM3_IRQHandler                          0x080001b7   Thumb Code     0  startup_stm32f407xx.o(.text)
    TIM4_IRQHandler                          0x080001b7   Thumb Code     0  startup_stm32f407xx.o(.text)
    TIM5_IRQHandler                          0x080001b7   Thumb Code     0  startup_stm32f407xx.o(.text)
    TIM6_DAC_IRQHandler                      0x080001b7   Thumb Code     0  startup_stm32f407xx.o(.text)
    TIM7_IRQHandler                          0x080001b7   Thumb Code     0  startup_stm32f407xx.o(.text)
    TIM8_BRK_TIM12_IRQHandler                0x080001b7   Thumb Code     0  startup_stm32f407xx.o(.text)
    TIM8_TRG_COM_TIM14_IRQHandler            0x080001b7   Thumb Code     0  startup_stm32f407xx.o(.text)
    UART4_IRQHandler                         0x080001b7   Thumb Code     0  startup_stm32f407xx.o(.text)
    UART5_IRQHandler                         0x080001b7   Thumb Code     0  startup_stm32f407xx.o(.text)
    USART1_IRQHandler                        0x080001b7   Thumb Code     0  startup_stm32f407xx.o(.text)
    USART2_IRQHandler                        0x080001b7   Thumb Code     0  startup_stm32f407xx.o(.text)
    USART3_IRQHandler                        0x080001b7   Thumb Code     0  startup_stm32f407xx.o(.text)
    USART6_IRQHandler                        0x080001b7   Thumb Code     0  startup_stm32f407xx.o(.text)
    WWDG_IRQHandler                          0x080001b7   Thumb Code     0  startup_stm32f407xx.o(.text)
    __aeabi_uldivmod                         0x080001c1   Thumb Code    98  uldiv.o(.text)
    __scatterload                            0x08000225   Thumb Code    28  init.o(.text)
    __scatterload_rt2                        0x08000225   Thumb Code     0  init.o(.text)
    __aeabi_llsl                             0x08000249   Thumb Code    30  llshl.o(.text)
    _ll_shift_l                              0x08000249   Thumb Code     0  llshl.o(.text)
    __aeabi_llsr                             0x08000267   Thumb Code    32  llushr.o(.text)
    _ll_ushift_r                             0x08000267   Thumb Code     0  llushr.o(.text)
    __decompress                             0x08000287   Thumb Code     0  __dczerorl2.o(.text)
    __decompress1                            0x08000287   Thumb Code    86  __dczerorl2.o(.text)
    BSP_LED_Init                             0x080002dd   Thumb Code    86  stm32f4_discovery.o(i.BSP_LED_Init)
    BSP_LED_Off                              0x08000341   Thumb Code    18  stm32f4_discovery.o(i.BSP_LED_Off)
    BSP_LED_On                               0x0800035d   Thumb Code    18  stm32f4_discovery.o(i.BSP_LED_On)
    BSP_PB_GetState                          0x08000379   Thumb Code    16  stm32f4_discovery.o(i.BSP_PB_GetState)
    BSP_PB_Init                              0x08000391   Thumb Code   110  stm32f4_discovery.o(i.BSP_PB_Init)
    BusFault_Handler                         0x08000411   Thumb Code     2  stm32f4xx_it.o(i.BusFault_Handler)
    DCD_EP_Close                             0x08000413   Thumb Code    44  usb_dcd.o(i.DCD_EP_Close)
    DCD_EP_ClrStall                          0x0800043f   Thumb Code    56  usb_dcd.o(i.DCD_EP_ClrStall)
    DCD_EP_Open                              0x08000477   Thumb Code    60  usb_dcd.o(i.DCD_EP_Open)
    DCD_EP_PrepareRx                         0x080004b3   Thumb Code    68  usb_dcd.o(i.DCD_EP_PrepareRx)
    DCD_EP_SetAddress                        0x080004f7   Thumb Code    16  usb_dcd.o(i.DCD_EP_SetAddress)
    DCD_EP_Stall                             0x08000507   Thumb Code    56  usb_dcd.o(i.DCD_EP_Stall)
    DCD_EP_Tx                                0x0800053f   Thumb Code    62  usb_dcd.o(i.DCD_EP_Tx)
    DCD_Init                                 0x08000865   Thumb Code   148  usb_dcd.o(i.DCD_Init)
    DebugMon_Handler                         0x08000977   Thumb Code     2  stm32f4xx_it.o(i.DebugMon_Handler)
    EXTI0_IRQHandler                         0x08000979   Thumb Code     6  stm32f4xx_it.o(i.EXTI0_IRQHandler)
    EXTI2_IRQHandler                         0x0800097f   Thumb Code     6  stm32f4xx_it.o(i.EXTI2_IRQHandler)
    HAL_Delay                                0x08000985   Thumb Code    22  stm32f4xx_hal.o(i.HAL_Delay)
    HAL_GPIO_EXTI_Callback                   0x0800099d   Thumb Code    72  main.o(i.HAL_GPIO_EXTI_Callback)
    HAL_GPIO_EXTI_IRQHandler                 0x08000a05   Thumb Code    18  stm32f4xx_hal_gpio.o(i.HAL_GPIO_EXTI_IRQHandler)
    HAL_GPIO_Init                            0x08000a1d   Thumb Code   398  stm32f4xx_hal_gpio.o(i.HAL_GPIO_Init)
    HAL_GPIO_ReadPin                         0x08000bdd   Thumb Code    10  stm32f4xx_hal_gpio.o(i.HAL_GPIO_ReadPin)
    HAL_GPIO_WritePin                        0x08000be7   Thumb Code    10  stm32f4xx_hal_gpio.o(i.HAL_GPIO_WritePin)
    HAL_GetREVID                             0x08000bf1   Thumb Code     8  stm32f4xx_hal.o(i.HAL_GetREVID)
    HAL_GetTick                              0x08000bfd   Thumb Code     6  stm32f4xx_hal.o(i.HAL_GetTick)
    HAL_IncTick                              0x08000c09   Thumb Code    10  stm32f4xx_hal.o(i.HAL_IncTick)
    HAL_Init                                 0x08000c19   Thumb Code    40  stm32f4xx_hal.o(i.HAL_Init)
    HAL_InitTick                             0x08000c45   Thumb Code    34  stm32f4xx_hal.o(i.HAL_InitTick)
    HAL_MspInit                              0x08000c67   Thumb Code     2  stm32f4xx_hal_msp.o(i.HAL_MspInit)
    HAL_NVIC_EnableIRQ                       0x08000c69   Thumb Code    22  stm32f4xx_hal_cortex.o(i.HAL_NVIC_EnableIRQ)
    HAL_NVIC_SetPriority                     0x08000c81   Thumb Code    60  stm32f4xx_hal_cortex.o(i.HAL_NVIC_SetPriority)
    HAL_NVIC_SetPriorityGrouping             0x08000cc1   Thumb Code    26  stm32f4xx_hal_cortex.o(i.HAL_NVIC_SetPriorityGrouping)
    HAL_RCC_ClockConfig                      0x08000ce5   Thumb Code   514  stm32f4xx_hal_rcc.o(i.HAL_RCC_ClockConfig)
    HAL_RCC_GetHCLKFreq                      0x08000ef1   Thumb Code    38  stm32f4xx_hal_rcc.o(i.HAL_RCC_GetHCLKFreq)
    HAL_RCC_GetSysClockFreq                  0x08000f25   Thumb Code   104  stm32f4xx_hal_rcc.o(i.HAL_RCC_GetSysClockFreq)
    HAL_RCC_OscConfig                        0x08000f95   Thumb Code   806  stm32f4xx_hal_rcc.o(i.HAL_RCC_OscConfig)
    HAL_SPI_Init                             0x080012d1   Thumb Code   132  stm32f4xx_hal_spi.o(i.HAL_SPI_Init)
    HAL_SPI_MspInit                          0x08001355   Thumb Code   132  stm32f4xx_hal_msp.o(i.HAL_SPI_MspInit)
    HAL_SPI_Transmit                         0x080013e5   Thumb Code   324  stm32f4xx_hal_spi.o(i.HAL_SPI_Transmit)
    HAL_SPI_TransmitNew                      0x08001529   Thumb Code    58  main.o(i.HAL_SPI_TransmitNew)
    HAL_SYSTICK_Config                       0x08001569   Thumb Code    40  stm32f4xx_hal_cortex.o(i.HAL_SYSTICK_Config)
    HAL_TIMEx_BreakCallback                  0x08001591   Thumb Code     2  stm32f4xx_hal_tim_ex.o(i.HAL_TIMEx_BreakCallback)
    HAL_TIMEx_CommutationCallback            0x08001593   Thumb Code     2  stm32f4xx_hal_tim_ex.o(i.HAL_TIMEx_CommutationCallback)
    HAL_TIMEx_ConfigBreakDeadTime            0x08001595   Thumb Code    66  stm32f4xx_hal_tim_ex.o(i.HAL_TIMEx_ConfigBreakDeadTime)
    HAL_TIMEx_MasterConfigSynchronization    0x080015d7   Thumb Code    80  stm32f4xx_hal_tim_ex.o(i.HAL_TIMEx_MasterConfigSynchronization)
    HAL_TIM_Base_Init                        0x08001627   Thumb Code    54  stm32f4xx_hal_tim.o(i.HAL_TIM_Base_Init)
    HAL_TIM_Base_MspInit                     0x0800165d   Thumb Code   134  stm32f4xx_hal_msp.o(i.HAL_TIM_Base_MspInit)
    HAL_TIM_Base_Start_IT                    0x080016f5   Thumb Code    24  stm32f4xx_hal_tim.o(i.HAL_TIM_Base_Start_IT)
    HAL_TIM_Base_Stop_IT                     0x0800170d   Thumb Code    42  stm32f4xx_hal_tim.o(i.HAL_TIM_Base_Stop_IT)
    HAL_TIM_ConfigClockSource                0x08001737   Thumb Code   242  stm32f4xx_hal_tim.o(i.HAL_TIM_ConfigClockSource)
    HAL_TIM_IC_CaptureCallback               0x08001829   Thumb Code     2  stm32f4xx_hal_tim.o(i.HAL_TIM_IC_CaptureCallback)
    HAL_TIM_IRQHandler                       0x0800182b   Thumb Code   358  stm32f4xx_hal_tim.o(i.HAL_TIM_IRQHandler)
    HAL_TIM_OC_ConfigChannel                 0x08001991   Thumb Code    86  stm32f4xx_hal_tim.o(i.HAL_TIM_OC_ConfigChannel)
    HAL_TIM_OC_DelayElapsedCallback          0x080019e7   Thumb Code     2  main.o(i.HAL_TIM_OC_DelayElapsedCallback)
    HAL_TIM_OC_Init                          0x080019e9   Thumb Code    54  stm32f4xx_hal_tim.o(i.HAL_TIM_OC_Init)
    HAL_TIM_OC_MspInit                       0x08001a1f   Thumb Code     2  stm32f4xx_hal_tim.o(i.HAL_TIM_OC_MspInit)
    HAL_TIM_OC_Start_IT                      0x08001a21   Thumb Code    98  stm32f4xx_hal_tim.o(i.HAL_TIM_OC_Start_IT)
    HAL_TIM_PWM_PulseFinishedCallback        0x08001a8d   Thumb Code     2  stm32f4xx_hal_tim.o(i.HAL_TIM_PWM_PulseFinishedCallback)
    HAL_TIM_PeriodElapsedCallback            0x08001a91   Thumb Code    48  main.o(i.HAL_TIM_PeriodElapsedCallback)
    HAL_TIM_TriggerCallback                  0x08001ad1   Thumb Code     2  stm32f4xx_hal_tim.o(i.HAL_TIM_TriggerCallback)
    HardFault_Handler                        0x08001b3d   Thumb Code     2  stm32f4xx_it.o(i.HardFault_Handler)
    MemManage_Handler                        0x08001b3f   Thumb Code     2  stm32f4xx_it.o(i.MemManage_Handler)
    NMI_Handler                              0x08001b41   Thumb Code     2  stm32f4xx_it.o(i.NMI_Handler)
    OTG_FS_IRQHandler                        0x08001b65   Thumb Code     6  usb_bsp.o(i.OTG_FS_IRQHandler)
    OTG_FS_WKUP_IRQHandler                   0x08001b71   Thumb Code    10  usb_bsp.o(i.OTG_FS_WKUP_IRQHandler)
    PendSV_Handler                           0x08001b81   Thumb Code     2  stm32f4xx_it.o(i.PendSV_Handler)
    SVC_Handler                              0x08001c21   Thumb Code     2  stm32f4xx_it.o(i.SVC_Handler)
    SysTick_Handler                          0x08001c23   Thumb Code     4  stm32f4xx_it.o(i.SysTick_Handler)
    SystemInit                               0x08001cc1   Thumb Code    66  system_stm32f4xx.o(i.SystemInit)
    TIM1_UP_TIM10_IRQHandler                 0x08001d15   Thumb Code     6  stm32f4xx_it.o(i.TIM1_UP_TIM10_IRQHandler)
    TIM8_CC_IRQHandler                       0x08001d21   Thumb Code     6  stm32f4xx_it.o(i.TIM8_CC_IRQHandler)
    TIM8_UP_TIM13_IRQHandler                 0x08001d2d   Thumb Code     6  stm32f4xx_it.o(i.TIM8_UP_TIM13_IRQHandler)
    TIM_Base_SetConfig                       0x08001d39   Thumb Code   148  stm32f4xx_hal_tim.o(i.TIM_Base_SetConfig)
    TIM_CCxChannelCmd                        0x08001df9   Thumb Code    22  stm32f4xx_hal_tim.o(i.TIM_CCxChannelCmd)
    TIM_OC2_SetConfig                        0x08001e8d   Thumb Code    90  stm32f4xx_hal_tim.o(i.TIM_OC2_SetConfig)
    TM_INT_USB_VCP_AddReceived               0x08001fe9   Thumb Code    40  tm_stm32f4_usb_vcp.o(i.TM_INT_USB_VCP_AddReceived)
    TM_USB_VCP_GetStatus                     0x08002019   Thumb Code    16  tm_stm32f4_usb_vcp.o(i.TM_USB_VCP_GetStatus)
    TM_USB_VCP_Getc                          0x08002031   Thumb Code    50  tm_stm32f4_usb_vcp.o(i.TM_USB_VCP_Getc)
    TM_USB_VCP_Init                          0x0800206d   Thumb Code    36  tm_stm32f4_usb_vcp.o(i.TM_USB_VCP_Init)
    TM_USB_VCP_Putc                          0x080020a5   Thumb Code    24  tm_stm32f4_usb_vcp.o(i.TM_USB_VCP_Putc)
    TM_USB_VCP_Puts                          0x080020bd   Thumb Code    20  tm_stm32f4_usb_vcp.o(i.TM_USB_VCP_Puts)
    USBD_ClrCfg                              0x080020d1   Thumb Code    14  usbd_core.o(i.USBD_ClrCfg)
    USBD_CtlContinueRx                       0x080020df   Thumb Code    18  usbd_ioreq.o(i.USBD_CtlContinueRx)
    USBD_CtlContinueSendData                 0x080020f1   Thumb Code    18  usbd_ioreq.o(i.USBD_CtlContinueSendData)
    USBD_CtlError                            0x08002103   Thumb Code    28  usbd_req.o(i.USBD_CtlError)
    USBD_CtlPrepareRx                        0x0800211f   Thumb Code    32  usbd_ioreq.o(i.USBD_CtlPrepareRx)
    USBD_CtlReceiveStatus                    0x0800213f   Thumb Code    34  usbd_ioreq.o(i.USBD_CtlReceiveStatus)
    USBD_CtlSendData                         0x08002161   Thumb Code    32  usbd_ioreq.o(i.USBD_CtlSendData)
    USBD_CtlSendStatus                       0x08002181   Thumb Code    34  usbd_ioreq.o(i.USBD_CtlSendStatus)
    USBD_GetString                           0x0800239b   Thumb Code    70  usbd_req.o(i.USBD_GetString)
    USBD_Init                                0x080023e1   Thumb Code    52  usbd_core.o(i.USBD_Init)
    USBD_OTG_ISR_Handler                     0x08002431   Thumb Code   322  usb_dcd_int.o(i.USBD_OTG_ISR_Handler)
    USBD_ParseSetupRequest                   0x08002579   Thumb Code    68  usbd_req.o(i.USBD_ParseSetupRequest)
    USBD_SetCfg                              0x08002611   Thumb Code    26  usbd_core.o(i.USBD_SetCfg)
    USBD_StdDevReq                           0x08002765   Thumb Code   236  usbd_req.o(i.USBD_StdDevReq)
    USBD_StdEPReq                            0x08002855   Thumb Code   208  usbd_req.o(i.USBD_StdEPReq)
    USBD_StdItfReq                           0x08002929   Thumb Code    54  usbd_req.o(i.USBD_StdItfReq)
    USBD_USR_ConfigStrDescriptor             0x0800297d   Thumb Code    16  usbd_desc.o(i.USBD_USR_ConfigStrDescriptor)
    USBD_USR_DeviceConfigured                0x0800299d   Thumb Code     8  usbd_usr.o(i.USBD_USR_DeviceConfigured)
    USBD_USR_DeviceConnected                 0x080029a9   Thumb Code     8  usbd_usr.o(i.USBD_USR_DeviceConnected)
    USBD_USR_DeviceDescriptor                0x080029b5   Thumb Code     8  usbd_desc.o(i.USBD_USR_DeviceDescriptor)
    USBD_USR_DeviceDisconnected              0x080029c1   Thumb Code     8  usbd_usr.o(i.USBD_USR_DeviceDisconnected)
    USBD_USR_DeviceReset                     0x080029cd   Thumb Code     8  usbd_usr.o(i.USBD_USR_DeviceReset)
    USBD_USR_DeviceResumed                   0x080029d9   Thumb Code     8  usbd_usr.o(i.USBD_USR_DeviceResumed)
    USBD_USR_DeviceSuspended                 0x080029e5   Thumb Code     8  usbd_usr.o(i.USBD_USR_DeviceSuspended)
    USBD_USR_Init                            0x080029f1   Thumb Code     8  usbd_usr.o(i.USBD_USR_Init)
    USBD_USR_InterfaceStrDescriptor          0x080029fd   Thumb Code    16  usbd_desc.o(i.USBD_USR_InterfaceStrDescriptor)
    USBD_USR_LangIDStrDescriptor             0x08002a21   Thumb Code     8  usbd_desc.o(i.USBD_USR_LangIDStrDescriptor)
    USBD_USR_ManufacturerStrDescriptor       0x08002a2d   Thumb Code    16  usbd_desc.o(i.USBD_USR_ManufacturerStrDescriptor)
    USBD_USR_ProductStrDescriptor            0x08002a55   Thumb Code    16  usbd_desc.o(i.USBD_USR_ProductStrDescriptor)
    USBD_USR_SerialStrDescriptor             0x08002a8d   Thumb Code    16  usbd_desc.o(i.USBD_USR_SerialStrDescriptor)
    USB_OTG_BSP_EnableInterrupt              0x08002abd   Thumb Code    28  usb_bsp.o(i.USB_OTG_BSP_EnableInterrupt)
    USB_OTG_BSP_Init                         0x08002ad9   Thumb Code   174  usb_bsp.o(i.USB_OTG_BSP_Init)
    USB_OTG_BSP_mDelay                       0x08002b91   Thumb Code    10  usb_bsp.o(i.USB_OTG_BSP_mDelay)
    USB_OTG_BSP_uDelay                       0x08002b9b   Thumb Code    22  usb_bsp.o(i.USB_OTG_BSP_uDelay)
    USB_OTG_CoreInit                         0x08002bb1   Thumb Code   128  usb_core.o(i.USB_OTG_CoreInit)
    USB_OTG_CoreInitDev                      0x08002c31   Thumb Code   302  usb_core.o(i.USB_OTG_CoreInitDev)
    USB_OTG_DisableGlobalInt                 0x08002db9   Thumb Code    16  usb_core.o(i.USB_OTG_DisableGlobalInt)
    USB_OTG_EP0Activate                      0x08002dc9   Thumb Code    58  usb_core.o(i.USB_OTG_EP0Activate)
    USB_OTG_EP0StartXfer                     0x08002e05   Thumb Code   182  usb_core.o(i.USB_OTG_EP0StartXfer)
    USB_OTG_EP0_OutStart                     0x08002ebd   Thumb Code    32  usb_core.o(i.USB_OTG_EP0_OutStart)
    USB_OTG_EPActivate                       0x08002ee1   Thumb Code    82  usb_core.o(i.USB_OTG_EPActivate)
    USB_OTG_EPClearStall                     0x08002f33   Thumb Code    50  usb_core.o(i.USB_OTG_EPClearStall)
    USB_OTG_EPDeactivate                     0x08002f65   Thumb Code    52  usb_core.o(i.USB_OTG_EPDeactivate)
    USB_OTG_EPSetStall                       0x08002f99   Thumb Code    48  usb_core.o(i.USB_OTG_EPSetStall)
    USB_OTG_EPStartXfer                      0x08002fc9   Thumb Code   288  usb_core.o(i.USB_OTG_EPStartXfer)
    USB_OTG_EnableDevInt                     0x080030e9   Thumb Code    66  usb_core.o(i.USB_OTG_EnableDevInt)
    USB_OTG_EnableGlobalInt                  0x08003131   Thumb Code    16  usb_core.o(i.USB_OTG_EnableGlobalInt)
    USB_OTG_FlushRxFifo                      0x08003141   Thumb Code    52  usb_core.o(i.USB_OTG_FlushRxFifo)
    USB_OTG_FlushTxFifo                      0x08003179   Thumb Code    60  usb_core.o(i.USB_OTG_FlushTxFifo)
    USB_OTG_GetDeviceSpeed                   0x080031b9   Thumb Code    38  usb_core.o(i.USB_OTG_GetDeviceSpeed)
    USB_OTG_InitDevSpeed                     0x080031df   Thumb Code    12  usb_core.o(i.USB_OTG_InitDevSpeed)
    USB_OTG_IsDeviceMode                     0x080031eb   Thumb Code    18  usb_core.o(i.USB_OTG_IsDeviceMode)
    USB_OTG_ReadCoreItr                      0x080031fd   Thumb Code    10  usb_core.o(i.USB_OTG_ReadCoreItr)
    USB_OTG_ReadDevAllInEPItr                0x08003207   Thumb Code    12  usb_core.o(i.USB_OTG_ReadDevAllInEPItr)
    USB_OTG_ReadDevAllOutEp_itr              0x08003213   Thumb Code    12  usb_core.o(i.USB_OTG_ReadDevAllOutEp_itr)
    USB_OTG_ReadDevOutEP_itr                 0x0800321f   Thumb Code    16  usb_core.o(i.USB_OTG_ReadDevOutEP_itr)
    USB_OTG_ReadPacket                       0x0800322f   Thumb Code    32  usb_core.o(i.USB_OTG_ReadPacket)
    USB_OTG_SelectCore                       0x08003251   Thumb Code   192  usb_core.o(i.USB_OTG_SelectCore)
    USB_OTG_SetCurrentMode                   0x08003315   Thumb Code    42  usb_core.o(i.USB_OTG_SetCurrentMode)
    USB_OTG_WritePacket                      0x0800333f   Thumb Code    40  usb_core.o(i.USB_OTG_WritePacket)
    UsageFault_Handler                       0x08003367   Thumb Code     2  stm32f4xx_it.o(i.UsageFault_Handler)
    VCP_DataRx                               0x080033c1   Thumb Code    26  usbd_cdc_vcp.o(i.VCP_DataRx)
    VCP_DataTx                               0x080033dd   Thumb Code    42  usbd_cdc_vcp.o(i.VCP_DataTx)
    __0printf$8                              0x08003419   Thumb Code    22  printf8.o(i.__0printf$8)
    __1printf$8                              0x08003419   Thumb Code     0  printf8.o(i.__0printf$8)
    __2printf                                0x08003419   Thumb Code     0  printf8.o(i.__0printf$8)
    __scatterload_copy                       0x08003439   Thumb Code    14  handlers.o(i.__scatterload_copy)
    __scatterload_null                       0x08003447   Thumb Code     2  handlers.o(i.__scatterload_null)
    __scatterload_zeroinit                   0x08003449   Thumb Code    14  handlers.o(i.__scatterload_zeroinit)
    fputc                                    0x080038bd   Thumb Code    36  retarget.o(i.fputc)
    initDDS                                  0x080038e5   Thumb Code   112  main.o(i.initDDS)
    initializesync                           0x08003961   Thumb Code   124  main.o(i.initializesync)
    inituscounter                            0x080039e5   Thumb Code    64  main.o(i.inituscounter)
    ioupdate                                 0x08003a2d   Thumb Code    40  main.o(i.ioupdate)
    main                                     0x08003a59   Thumb Code   440  main.o(i.main)
    modulation_off                           0x08003d0d   Thumb Code    60  main.o(i.modulation_off)
    modulation_on                            0x08003d4d   Thumb Code    78  main.o(i.modulation_on)
    nextquad                                 0x08003da1   Thumb Code   300  main.o(i.nextquad)
    parse_usb                                0x08003f1d   Thumb Code   236  main.o(i.parse_usb)
    resetDDS                                 0x08004071   Thumb Code    36  main.o(i.resetDDS)
    resetphase                               0x08004099   Thumb Code   116  main.o(i.resetphase)
    setfreqDDS                               0x08004115   Thumb Code   232  main.o(i.setfreqDDS)
    startcounter                             0x08004205   Thumb Code    14  main.o(i.startcounter)
    startsyncpulse                           0x08004219   Thumb Code    20  main.o(i.startsyncpulse)
    BUTTON_IRQn                              0x08004424   Data           1  stm32f4_discovery.o(.constdata)
    BUTTON_PIN                               0x08004426   Data           2  stm32f4_discovery.o(.constdata)
    GPIO_PIN                                 0x08004428   Data           8  stm32f4_discovery.o(.constdata)
    APBAHBPrescTable                         0x08004430   Data          16  stm32f4xx_hal_rcc.o(.constdata)
    Region$$Table$$Base                      0x08004450   Number         0  anon$$obj.o(Region$$Table)
    Region$$Table$$Limit                     0x08004470   Number         0  anon$$obj.o(Region$$Table)
    BUTTON_PORT                              0x20000000   Data           4  stm32f4_discovery.o(.data)
    I2cxTimeout                              0x20000004   Data           4  stm32f4_discovery.o(.data)
    SpixTimeout                              0x20000008   Data           4  stm32f4_discovery.o(.data)
    GPIO_PORT                                0x2000000c   Data          16  stm32f4_discovery.o(.data)
    SystemCoreClock                          0x2000001c   Data           4  system_stm32f4xx.o(.data)
    AHBPrescTable                            0x20000020   Data          16  system_stm32f4xx.o(.data)
    TM_USB_VCP_INT_Init                      0x2000011c   Data           1  tm_stm32f4_usb_vcp.o(.data)
    tm_int_usb_vcp_buf_in                    0x20000120   Data           4  tm_stm32f4_usb_vcp.o(.data)
    tm_int_usb_vcp_buf_out                   0x20000124   Data           4  tm_stm32f4_usb_vcp.o(.data)
    tm_int_usb_vcp_buf_num                   0x20000128   Data           4  tm_stm32f4_usb_vcp.o(.data)
    USB_Tx_State                             0x2000012c   Data           1  usbd_cdc_core.o(.data)
    APP_Rx_ptr_in                            0x20000134   Data           4  usbd_cdc_core.o(.data)
    APP_Rx_ptr_out                           0x20000138   Data           4  usbd_cdc_core.o(.data)
    APP_Rx_length                            0x2000013c   Data           4  usbd_cdc_core.o(.data)
    CmdBuff                                  0x2000014c   Data           8  usbd_cdc_core.o(.data)
    usbd_cdc_CfgDesc                         0x20000154   Data          67  usbd_cdc_core.o(.data)
    USBD_CDC_cb                              0x20000198   Data          44  usbd_cdc_core.o(.data)
    linecoding                               0x200001c4   Data           8  usbd_cdc_vcp.o(.data)
    VCP_fops                                 0x200001cc   Data          20  usbd_cdc_vcp.o(.data)
    USBD_DCD_INT_cb                          0x200001e0   Data          44  usbd_core.o(.data)
    USBD_DCD_INT_fops                        0x2000020c   Data           4  usbd_core.o(.data)
    SET_TEST_MODE                            0x20000210   Data           4  usbd_core.o(.data)
    USR_desc                                 0x20000214   Data          28  usbd_desc.o(.data)
    USBD_LangIDDesc                          0x20000230   Data           4  usbd_desc.o(.data)
    USBD_DeviceDesc                          0x20000234   Data          18  usbd_desc.o(.data)
    USBD_ep_status                           0x2000024c   Data           4  usbd_req.o(.data)
    USBD_default_cfg                         0x20000250   Data           4  usbd_req.o(.data)
    USBD_cfg_status                          0x20000254   Data           4  usbd_req.o(.data)
    TM_USB_VCP_INT_Status                    0x20000258   Data           1  usbd_usr.o(.data)
    USR_cb                                   0x2000025c   Data          28  usbd_usr.o(.data)
    __stdout                                 0x20000278   Data           4  stdout.o(.data)
    SpiHandle                                0x200002d0   Data          88  main.o(.bss)
    GPIO_InitStruct                          0x20000328   Data          20  main.o(.bss)
    htim8                                    0x2000033c   Data          60  main.o(.bss)
    htim1                                    0x20000378   Data          60  main.o(.bss)
    TM_INT_USB_VCP_ReceiveBuffer             0x200003b4   Data         128  tm_stm32f4_usb_vcp.o(.bss)
    USB_OTG_dev                              0x20000434   Data        1524  tm_stm32f4_usb_vcp.o(.bss)
    USB_Rx_Buffer                            0x20000a28   Data          64  usbd_cdc_core.o(.bss)
    APP_Rx_Buffer                            0x20000a68   Data        2048  usbd_cdc_core.o(.bss)
    USBD_StrDesc                             0x20001268   Data         255  usbd_req.o(.bss)
    __initial_sp                             0x20001768   Data           0  startup_stm32f407xx.o(STACK)



==============================================================================

Memory Map of the image

  Image Entry point : 0x08000189

  Load Region LR_IROM1 (Base: 0x08000000, Size: 0x000046ec, Max: 0x00100000, ABSOLUTE, COMPRESSED[0x00004594])

    Execution Region ER_IROM1 (Base: 0x08000000, Size: 0x00004470, Max: 0x00100000, ABSOLUTE)

    Base Addr    Size         Type   Attr      Idx    E Section Name        Object

    0x08000000   0x00000188   Data   RO         7689    RESET               startup_stm32f407xx.o
    0x08000188   0x00000000   Code   RO         9112  * .ARM.Collect$$$$00000000  mc_w.l(entry.o)
    0x08000188   0x00000004   Code   RO         9382    .ARM.Collect$$$$00000001  mc_w.l(entry2.o)
    0x0800018c   0x00000004   Code   RO         9385    .ARM.Collect$$$$00000004  mc_w.l(entry5.o)
    0x08000190   0x00000000   Code   RO         9387    .ARM.Collect$$$$00000008  mc_w.l(entry7b.o)
    0x08000190   0x00000000   Code   RO         9389    .ARM.Collect$$$$0000000A  mc_w.l(entry8b.o)
    0x08000190   0x00000008   Code   RO         9390    .ARM.Collect$$$$0000000B  mc_w.l(entry9a.o)
    0x08000198   0x00000000   Code   RO         9392    .ARM.Collect$$$$0000000D  mc_w.l(entry10a.o)
    0x08000198   0x00000000   Code   RO         9394    .ARM.Collect$$$$0000000F  mc_w.l(entry11a.o)
    0x08000198   0x00000004   Code   RO         9383    .ARM.Collect$$$$00002712  mc_w.l(entry2.o)
    0x0800019c   0x00000024   Code   RO         7690    .text               startup_stm32f407xx.o
    0x080001c0   0x00000062   Code   RO         9399    .text               mc_w.l(uldiv.o)
    0x08000222   0x00000002   PAD
    0x08000224   0x00000024   Code   RO         9412    .text               mc_w.l(init.o)
    0x08000248   0x0000001e   Code   RO         9414    .text               mc_w.l(llshl.o)
    0x08000266   0x00000020   Code   RO         9416    .text               mc_w.l(llushr.o)
    0x08000286   0x00000056   Code   RO         9430    .text               mc_w.l(__dczerorl2.o)
    0x080002dc   0x00000064   Code   RO          273    i.BSP_LED_Init      stm32f4_discovery.o
    0x08000340   0x0000001c   Code   RO          274    i.BSP_LED_Off       stm32f4_discovery.o
    0x0800035c   0x0000001c   Code   RO          275    i.BSP_LED_On        stm32f4_discovery.o
    0x08000378   0x00000018   Code   RO          277    i.BSP_PB_GetState   stm32f4_discovery.o
    0x08000390   0x00000080   Code   RO          278    i.BSP_PB_Init       stm32f4_discovery.o
    0x08000410   0x00000002   Code   RO         7947    i.BusFault_Handler  stm32f4xx_it.o
    0x08000412   0x0000002c   Code   RO         8462    i.DCD_EP_Close      usb_dcd.o
    0x0800043e   0x00000038   Code   RO         8463    i.DCD_EP_ClrStall   usb_dcd.o
    0x08000476   0x0000003c   Code   RO         8465    i.DCD_EP_Open       usb_dcd.o
    0x080004b2   0x00000044   Code   RO         8466    i.DCD_EP_PrepareRx  usb_dcd.o
    0x080004f6   0x00000010   Code   RO         8467    i.DCD_EP_SetAddress  usb_dcd.o
    0x08000506   0x00000038   Code   RO         8468    i.DCD_EP_Stall      usb_dcd.o
    0x0800053e   0x0000003e   Code   RO         8469    i.DCD_EP_Tx         usb_dcd.o
    0x0800057c   0x000000cc   Code   RO         8556    i.DCD_HandleInEP_ISR  usb_dcd_int.o
    0x08000648   0x000000ac   Code   RO         8557    i.DCD_HandleOutEP_ISR  usb_dcd_int.o
    0x080006f4   0x0000007c   Code   RO         8558    i.DCD_HandleRxStatusQueueLevel_ISR  usb_dcd_int.o
    0x08000770   0x00000070   Code   RO         8559    i.DCD_HandleUSBSuspend_ISR  usb_dcd_int.o
    0x080007e0   0x00000084   Code   RO         8560    i.DCD_HandleUsbReset_ISR  usb_dcd_int.o
    0x08000864   0x00000094   Code   RO         8471    i.DCD_Init          usb_dcd.o
    0x080008f8   0x0000007e   Code   RO         8561    i.DCD_WriteEmptyTxFifo  usb_dcd_int.o
    0x08000976   0x00000002   Code   RO         7948    i.DebugMon_Handler  stm32f4xx_it.o
    0x08000978   0x00000006   Code   RO         7949    i.EXTI0_IRQHandler  stm32f4xx_it.o
    0x0800097e   0x00000006   Code   RO         7950    i.EXTI2_IRQHandler  stm32f4xx_it.o
    0x08000984   0x00000016   Code   RO          711    i.HAL_Delay         stm32f4xx_hal.o
    0x0800099a   0x00000002   PAD
    0x0800099c   0x00000068   Code   RO         7697    i.HAL_GPIO_EXTI_Callback  main.o
    0x08000a04   0x00000018   Code   RO         2407    i.HAL_GPIO_EXTI_IRQHandler  stm32f4xx_hal_gpio.o
    0x08000a1c   0x000001c0   Code   RO         2408    i.HAL_GPIO_Init     stm32f4xx_hal_gpio.o
    0x08000bdc   0x0000000a   Code   RO         2410    i.HAL_GPIO_ReadPin  stm32f4xx_hal_gpio.o
    0x08000be6   0x0000000a   Code   RO         2412    i.HAL_GPIO_WritePin  stm32f4xx_hal_gpio.o
    0x08000bf0   0x0000000c   Code   RO          716    i.HAL_GetREVID      stm32f4xx_hal.o
    0x08000bfc   0x0000000c   Code   RO          717    i.HAL_GetTick       stm32f4xx_hal.o
    0x08000c08   0x00000010   Code   RO          718    i.HAL_IncTick       stm32f4xx_hal.o
    0x08000c18   0x0000002c   Code   RO          719    i.HAL_Init          stm32f4xx_hal.o
    0x08000c44   0x00000022   Code   RO          720    i.HAL_InitTick      stm32f4xx_hal.o
    0x08000c66   0x00000002   Code   RO         7894    i.HAL_MspInit       stm32f4xx_hal_msp.o
    0x08000c68   0x00000016   Code   RO         1276    i.HAL_NVIC_EnableIRQ  stm32f4xx_hal_cortex.o
    0x08000c7e   0x00000002   PAD
    0x08000c80   0x00000040   Code   RO         1282    i.HAL_NVIC_SetPriority  stm32f4xx_hal_cortex.o
    0x08000cc0   0x00000024   Code   RO         1283    i.HAL_NVIC_SetPriorityGrouping  stm32f4xx_hal_cortex.o
    0x08000ce4   0x0000020c   Code   RO         4345    i.HAL_RCC_ClockConfig  stm32f4xx_hal_rcc.o
    0x08000ef0   0x00000034   Code   RO         4350    i.HAL_RCC_GetHCLKFreq  stm32f4xx_hal_rcc.o
    0x08000f24   0x00000070   Code   RO         4354    i.HAL_RCC_GetSysClockFreq  stm32f4xx_hal_rcc.o
    0x08000f94   0x0000033c   Code   RO         4357    i.HAL_RCC_OscConfig  stm32f4xx_hal_rcc.o
    0x080012d0   0x00000084   Code   RO         5408    i.HAL_SPI_Init      stm32f4xx_hal_spi.o
    0x08001354   0x00000090   Code   RO         7896    i.HAL_SPI_MspInit   stm32f4xx_hal_msp.o
    0x080013e4   0x00000144   Code   RO         5416    i.HAL_SPI_Transmit  stm32f4xx_hal_spi.o
    0x08001528   0x00000040   Code   RO         7698    i.HAL_SPI_TransmitNew  main.o
    0x08001568   0x00000028   Code   RO         1287    i.HAL_SYSTICK_Config  stm32f4xx_hal_cortex.o
    0x08001590   0x00000002   Code   RO         6395    i.HAL_TIMEx_BreakCallback  stm32f4xx_hal_tim_ex.o
    0x08001592   0x00000002   Code   RO         6396    i.HAL_TIMEx_CommutationCallback  stm32f4xx_hal_tim_ex.o
    0x08001594   0x00000042   Code   RO         6397    i.HAL_TIMEx_ConfigBreakDeadTime  stm32f4xx_hal_tim_ex.o
    0x080015d6   0x00000050   Code   RO         6412    i.HAL_TIMEx_MasterConfigSynchronization  stm32f4xx_hal_tim_ex.o
    0x08001626   0x00000036   Code   RO         5766    i.HAL_TIM_Base_Init  stm32f4xx_hal_tim.o
    0x0800165c   0x00000098   Code   RO         7898    i.HAL_TIM_Base_MspInit  stm32f4xx_hal_msp.o
    0x080016f4   0x00000018   Code   RO         5771    i.HAL_TIM_Base_Start_IT  stm32f4xx_hal_tim.o
    0x0800170c   0x0000002a   Code   RO         5774    i.HAL_TIM_Base_Stop_IT  stm32f4xx_hal_tim.o
    0x08001736   0x000000f2   Code   RO         5775    i.HAL_TIM_ConfigClockSource  stm32f4xx_hal_tim.o
    0x08001828   0x00000002   Code   RO         5795    i.HAL_TIM_IC_CaptureCallback  stm32f4xx_hal_tim.o
    0x0800182a   0x00000166   Code   RO         5808    i.HAL_TIM_IRQHandler  stm32f4xx_hal_tim.o
    0x08001990   0x00000056   Code   RO         5809    i.HAL_TIM_OC_ConfigChannel  stm32f4xx_hal_tim.o
    0x080019e6   0x00000002   Code   RO         7699    i.HAL_TIM_OC_DelayElapsedCallback  main.o
    0x080019e8   0x00000036   Code   RO         5813    i.HAL_TIM_OC_Init   stm32f4xx_hal_tim.o
    0x08001a1e   0x00000002   Code   RO         5815    i.HAL_TIM_OC_MspInit  stm32f4xx_hal_tim.o
    0x08001a20   0x0000006c   Code   RO         5818    i.HAL_TIM_OC_Start_IT  stm32f4xx_hal_tim.o
    0x08001a8c   0x00000002   Code   RO         5838    i.HAL_TIM_PWM_PulseFinishedCallback  stm32f4xx_hal_tim.o
    0x08001a8e   0x00000002   PAD
    0x08001a90   0x00000040   Code   RO         7700    i.HAL_TIM_PeriodElapsedCallback  main.o
    0x08001ad0   0x00000002   Code   RO         5849    i.HAL_TIM_TriggerCallback  stm32f4xx_hal_tim.o
    0x08001ad2   0x00000002   PAD
    0x08001ad4   0x00000068   Code   RO         8614    i.Handle_USBAsynchXfer  usbd_cdc_core.o
    0x08001b3c   0x00000002   Code   RO         7951    i.HardFault_Handler  stm32f4xx_it.o
    0x08001b3e   0x00000002   Code   RO         7952    i.MemManage_Handler  stm32f4xx_it.o
    0x08001b40   0x00000002   Code   RO         7953    i.NMI_Handler       stm32f4xx_it.o
    0x08001b42   0x00000020   Code   RO         1289    i.NVIC_SetPriority  stm32f4xx_hal_cortex.o
    0x08001b62   0x00000002   PAD
    0x08001b64   0x0000000c   Code   RO         8177    i.OTG_FS_IRQHandler  usb_bsp.o
    0x08001b70   0x00000010   Code   RO         8178    i.OTG_FS_WKUP_IRQHandler  usb_bsp.o
    0x08001b80   0x00000002   Code   RO         7954    i.PendSV_Handler    stm32f4xx_it.o
    0x08001b82   0x0000009e   Code   RO         5439    i.SPI_WaitOnFlagUntilTimeout  stm32f4xx_hal_spi.o
    0x08001c20   0x00000002   Code   RO         7955    i.SVC_Handler       stm32f4xx_it.o
    0x08001c22   0x00000004   Code   RO         7956    i.SysTick_Handler   stm32f4xx_it.o
    0x08001c26   0x00000002   PAD
    0x08001c28   0x00000098   Code   RO         7701    i.SystemClock_Config  main.o
    0x08001cc0   0x00000054   Code   RO          669    i.SystemInit        system_stm32f4xx.o
    0x08001d14   0x0000000c   Code   RO         7957    i.TIM1_UP_TIM10_IRQHandler  stm32f4xx_it.o
    0x08001d20   0x0000000c   Code   RO         7958    i.TIM8_CC_IRQHandler  stm32f4xx_it.o
    0x08001d2c   0x0000000c   Code   RO         7959    i.TIM8_UP_TIM13_IRQHandler  stm32f4xx_it.o
    0x08001d38   0x000000c0   Code   RO         5850    i.TIM_Base_SetConfig  stm32f4xx_hal_tim.o
    0x08001df8   0x00000016   Code   RO         5851    i.TIM_CCxChannelCmd  stm32f4xx_hal_tim.o
    0x08001e0e   0x00000014   Code   RO         5857    i.TIM_ETR_SetConfig  stm32f4xx_hal_tim.o
    0x08001e22   0x00000010   Code   RO         5858    i.TIM_ITRx_SetConfig  stm32f4xx_hal_tim.o
    0x08001e32   0x00000002   PAD
    0x08001e34   0x00000058   Code   RO         5859    i.TIM_OC1_SetConfig  stm32f4xx_hal_tim.o
    0x08001e8c   0x00000064   Code   RO         5860    i.TIM_OC2_SetConfig  stm32f4xx_hal_tim.o
    0x08001ef0   0x00000060   Code   RO         5861    i.TIM_OC3_SetConfig  stm32f4xx_hal_tim.o
    0x08001f50   0x00000050   Code   RO         5862    i.TIM_OC4_SetConfig  stm32f4xx_hal_tim.o
    0x08001fa0   0x00000022   Code   RO         5864    i.TIM_TI1_ConfigInputStage  stm32f4xx_hal_tim.o
    0x08001fc2   0x00000024   Code   RO         5866    i.TIM_TI2_ConfigInputStage  stm32f4xx_hal_tim.o
    0x08001fe6   0x00000002   PAD
    0x08001fe8   0x00000030   Code   RO         8081    i.TM_INT_USB_VCP_AddReceived  tm_stm32f4_usb_vcp.o
    0x08002018   0x00000018   Code   RO         8086    i.TM_USB_VCP_GetStatus  tm_stm32f4_usb_vcp.o
    0x08002030   0x0000003c   Code   RO         8087    i.TM_USB_VCP_Getc   tm_stm32f4_usb_vcp.o
    0x0800206c   0x00000038   Code   RO         8089    i.TM_USB_VCP_Init   tm_stm32f4_usb_vcp.o
    0x080020a4   0x00000018   Code   RO         8090    i.TM_USB_VCP_Putc   tm_stm32f4_usb_vcp.o
    0x080020bc   0x00000014   Code   RO         8091    i.TM_USB_VCP_Puts   tm_stm32f4_usb_vcp.o
    0x080020d0   0x0000000e   Code   RO         8740    i.USBD_ClrCfg       usbd_core.o
    0x080020de   0x00000012   Code   RO         8904    i.USBD_CtlContinueRx  usbd_ioreq.o
    0x080020f0   0x00000012   Code   RO         8905    i.USBD_CtlContinueSendData  usbd_ioreq.o
    0x08002102   0x0000001c   Code   RO         8964    i.USBD_CtlError     usbd_req.o
    0x0800211e   0x00000020   Code   RO         8906    i.USBD_CtlPrepareRx  usbd_ioreq.o
    0x0800213e   0x00000022   Code   RO         8907    i.USBD_CtlReceiveStatus  usbd_ioreq.o
    0x08002160   0x00000020   Code   RO         8908    i.USBD_CtlSendData  usbd_ioreq.o
    0x08002180   0x00000022   Code   RO         8909    i.USBD_CtlSendStatus  usbd_ioreq.o
    0x080021a2   0x00000002   PAD
    0x080021a4   0x000000b0   Code   RO         8741    i.USBD_DataInStage  usbd_core.o
    0x08002254   0x00000078   Code   RO         8742    i.USBD_DataOutStage  usbd_core.o
    0x080022cc   0x000000ce   Code   RO         8965    i.USBD_GetDescriptor  usbd_req.o
    0x0800239a   0x00000046   Code   RO         8966    i.USBD_GetString    usbd_req.o
    0x080023e0   0x00000034   Code   RO         8744    i.USBD_Init         usbd_core.o
    0x08002414   0x0000000e   Code   RO         8745    i.USBD_IsoINIncomplete  usbd_core.o
    0x08002422   0x0000000e   Code   RO         8746    i.USBD_IsoOUTIncomplete  usbd_core.o
    0x08002430   0x00000148   Code   RO         8562    i.USBD_OTG_ISR_Handler  usb_dcd_int.o
    0x08002578   0x00000044   Code   RO         8967    i.USBD_ParseSetupRequest  usbd_req.o
    0x080025bc   0x0000002e   Code   RO         8747    i.USBD_Reset        usbd_core.o
    0x080025ea   0x00000016   Code   RO         8748    i.USBD_Resume       usbd_core.o
    0x08002600   0x00000010   Code   RO         8749    i.USBD_SOF          usbd_core.o
    0x08002610   0x0000001a   Code   RO         8750    i.USBD_SetCfg       usbd_core.o
    0x0800262a   0x00000002   PAD
    0x0800262c   0x00000074   Code   RO         8968    i.USBD_SetConfig    usbd_req.o
    0x080026a0   0x0000007c   Code   RO         8969    i.USBD_SetFeature   usbd_req.o
    0x0800271c   0x00000048   Code   RO         8751    i.USBD_SetupStage   usbd_core.o
    0x08002764   0x000000f0   Code   RO         8970    i.USBD_StdDevReq    usbd_req.o
    0x08002854   0x000000d4   Code   RO         8971    i.USBD_StdEPReq     usbd_req.o
    0x08002928   0x00000036   Code   RO         8972    i.USBD_StdItfReq    usbd_req.o
    0x0800295e   0x0000001c   Code   RO         8752    i.USBD_Suspend      usbd_core.o
    0x0800297a   0x00000002   PAD
    0x0800297c   0x00000020   Code   RO         8835    i.USBD_USR_ConfigStrDescriptor  usbd_desc.o
    0x0800299c   0x0000000c   Code   RO         9041    i.USBD_USR_DeviceConfigured  usbd_usr.o
    0x080029a8   0x0000000c   Code   RO         9042    i.USBD_USR_DeviceConnected  usbd_usr.o
    0x080029b4   0x0000000c   Code   RO         8836    i.USBD_USR_DeviceDescriptor  usbd_desc.o
    0x080029c0   0x0000000c   Code   RO         9043    i.USBD_USR_DeviceDisconnected  usbd_usr.o
    0x080029cc   0x0000000c   Code   RO         9044    i.USBD_USR_DeviceReset  usbd_usr.o
    0x080029d8   0x0000000c   Code   RO         9045    i.USBD_USR_DeviceResumed  usbd_usr.o
    0x080029e4   0x0000000c   Code   RO         9046    i.USBD_USR_DeviceSuspended  usbd_usr.o
    0x080029f0   0x0000000c   Code   RO         9047    i.USBD_USR_Init     usbd_usr.o
    0x080029fc   0x00000024   Code   RO         8837    i.USBD_USR_InterfaceStrDescriptor  usbd_desc.o
    0x08002a20   0x0000000c   Code   RO         8838    i.USBD_USR_LangIDStrDescriptor  usbd_desc.o
    0x08002a2c   0x00000028   Code   RO         8839    i.USBD_USR_ManufacturerStrDescriptor  usbd_desc.o
    0x08002a54   0x00000038   Code   RO         8840    i.USBD_USR_ProductStrDescriptor  usbd_desc.o
    0x08002a8c   0x00000024   Code   RO         8841    i.USBD_USR_SerialStrDescriptor  usbd_desc.o
    0x08002ab0   0x0000000c   Code   RO         8615    i.USBD_cdc_GetCfgDesc  usbd_cdc_core.o
    0x08002abc   0x0000001c   Code   RO         8179    i.USB_OTG_BSP_EnableInterrupt  usb_bsp.o
    0x08002ad8   0x000000b8   Code   RO         8180    i.USB_OTG_BSP_Init  usb_bsp.o
    0x08002b90   0x0000000a   Code   RO         8181    i.USB_OTG_BSP_mDelay  usb_bsp.o
    0x08002b9a   0x00000016   Code   RO         8182    i.USB_OTG_BSP_uDelay  usb_bsp.o
    0x08002bb0   0x00000080   Code   RO         8235    i.USB_OTG_CoreInit  usb_core.o
    0x08002c30   0x0000012e   Code   RO         8236    i.USB_OTG_CoreInitDev  usb_core.o
    0x08002d5e   0x00000002   PAD
    0x08002d60   0x00000058   Code   RO         8237    i.USB_OTG_CoreReset  usb_core.o
    0x08002db8   0x00000010   Code   RO         8238    i.USB_OTG_DisableGlobalInt  usb_core.o
    0x08002dc8   0x0000003a   Code   RO         8239    i.USB_OTG_EP0Activate  usb_core.o
    0x08002e02   0x00000002   PAD
    0x08002e04   0x000000b6   Code   RO         8240    i.USB_OTG_EP0StartXfer  usb_core.o
    0x08002eba   0x00000002   PAD
    0x08002ebc   0x00000024   Code   RO         8241    i.USB_OTG_EP0_OutStart  usb_core.o
    0x08002ee0   0x00000052   Code   RO         8242    i.USB_OTG_EPActivate  usb_core.o
    0x08002f32   0x00000032   Code   RO         8243    i.USB_OTG_EPClearStall  usb_core.o
    0x08002f64   0x00000034   Code   RO         8244    i.USB_OTG_EPDeactivate  usb_core.o
    0x08002f98   0x00000030   Code   RO         8245    i.USB_OTG_EPSetStall  usb_core.o
    0x08002fc8   0x00000120   Code   RO         8246    i.USB_OTG_EPStartXfer  usb_core.o
    0x080030e8   0x00000048   Code   RO         8247    i.USB_OTG_EnableDevInt  usb_core.o
    0x08003130   0x00000010   Code   RO         8248    i.USB_OTG_EnableGlobalInt  usb_core.o
    0x08003140   0x00000038   Code   RO         8249    i.USB_OTG_FlushRxFifo  usb_core.o
    0x08003178   0x00000040   Code   RO         8250    i.USB_OTG_FlushTxFifo  usb_core.o
    0x080031b8   0x00000026   Code   RO         8251    i.USB_OTG_GetDeviceSpeed  usb_core.o
    0x080031de   0x0000000c   Code   RO         8254    i.USB_OTG_InitDevSpeed  usb_core.o
    0x080031ea   0x00000012   Code   RO         8255    i.USB_OTG_IsDeviceMode  usb_core.o
    0x080031fc   0x0000000a   Code   RO         8257    i.USB_OTG_ReadCoreItr  usb_core.o
    0x08003206   0x0000000c   Code   RO         8258    i.USB_OTG_ReadDevAllInEPItr  usb_core.o
    0x08003212   0x0000000c   Code   RO         8259    i.USB_OTG_ReadDevAllOutEp_itr  usb_core.o
    0x0800321e   0x00000010   Code   RO         8260    i.USB_OTG_ReadDevOutEP_itr  usb_core.o
    0x0800322e   0x00000020   Code   RO         8262    i.USB_OTG_ReadPacket  usb_core.o
    0x0800324e   0x00000002   PAD
    0x08003250   0x000000c4   Code   RO         8263    i.USB_OTG_SelectCore  usb_core.o
    0x08003314   0x0000002a   Code   RO         8264    i.USB_OTG_SetCurrentMode  usb_core.o
    0x0800333e   0x00000028   Code   RO         8268    i.USB_OTG_WritePacket  usb_core.o
    0x08003366   0x00000002   Code   RO         7960    i.UsageFault_Handler  stm32f4xx_it.o
    0x08003368   0x00000058   Code   RO         8690    i.VCP_Ctrl          usbd_cdc_vcp.o
    0x080033c0   0x0000001a   Code   RO         8691    i.VCP_DataRx        usbd_cdc_vcp.o
    0x080033da   0x00000002   PAD
    0x080033dc   0x00000034   Code   RO         8692    i.VCP_DataTx        usbd_cdc_vcp.o
    0x08003410   0x00000004   Code   RO         8693    i.VCP_DeInit        usbd_cdc_vcp.o
    0x08003414   0x00000004   Code   RO         8694    i.VCP_Init          usbd_cdc_vcp.o
    0x08003418   0x00000020   Code   RO         9328    i.__0printf$8       mc_w.l(printf8.o)
    0x08003438   0x0000000e   Code   RO         9424    i.__scatterload_copy  mc_w.l(handlers.o)
    0x08003446   0x00000002   Code   RO         9425    i.__scatterload_null  mc_w.l(handlers.o)
    0x08003448   0x0000000e   Code   RO         9426    i.__scatterload_zeroinit  mc_w.l(handlers.o)
    0x08003456   0x00000002   PAD
    0x08003458   0x00000410   Code   RO         9335    i._printf_core      mc_w.l(printf8.o)
    0x08003868   0x00000024   Code   RO         9336    i._printf_post_padding  mc_w.l(printf8.o)
    0x0800388c   0x0000002e   Code   RO         9337    i._printf_pre_padding  mc_w.l(printf8.o)
    0x080038ba   0x00000002   PAD
    0x080038bc   0x00000028   Code   RO         8053    i.fputc             retarget.o
    0x080038e4   0x0000007c   Code   RO         7703    i.initDDS           main.o
    0x08003960   0x00000084   Code   RO         7704    i.initializesync    main.o
    0x080039e4   0x00000048   Code   RO         7705    i.inituscounter     main.o
    0x08003a2c   0x0000002c   Code   RO         7706    i.ioupdate          main.o
    0x08003a58   0x000002b4   Code   RO         7707    i.main              main.o
    0x08003d0c   0x00000040   Code   RO         7708    i.modulation_off    main.o
    0x08003d4c   0x00000054   Code   RO         7709    i.modulation_on     main.o
    0x08003da0   0x0000017c   Code   RO         7710    i.nextquad          main.o
    0x08003f1c   0x00000154   Code   RO         7711    i.parse_usb         main.o
    0x08004070   0x00000028   Code   RO         7712    i.resetDDS          main.o
    0x08004098   0x0000007c   Code   RO         7713    i.resetphase        main.o
    0x08004114   0x000000f0   Code   RO         7714    i.setfreqDDS        main.o
    0x08004204   0x00000014   Code   RO         7715    i.startcounter      main.o
    0x08004218   0x00000018   Code   RO         7716    i.startsyncpulse    main.o
    0x08004230   0x00000048   Code   RO         8616    i.usbd_cdc_DataIn   usbd_cdc_core.o
    0x08004278   0x00000034   Code   RO         8617    i.usbd_cdc_DataOut  usbd_cdc_core.o
    0x080042ac   0x00000028   Code   RO         8618    i.usbd_cdc_DeInit   usbd_cdc_core.o
    0x080042d4   0x00000028   Code   RO         8619    i.usbd_cdc_EP0_RxReady  usbd_cdc_core.o
    0x080042fc   0x00000054   Code   RO         8620    i.usbd_cdc_Init     usbd_cdc_core.o
    0x08004350   0x00000020   Code   RO         8621    i.usbd_cdc_SOF      usbd_cdc_core.o
    0x08004370   0x000000b4   Code   RO         8622    i.usbd_cdc_Setup    usbd_cdc_core.o
    0x08004424   0x0000000c   Data   RO          285    .constdata          stm32f4_discovery.o
    0x08004430   0x00000010   Data   RO         4358    .constdata          stm32f4xx_hal_rcc.o
    0x08004440   0x0000000f   Data   RO         7720    .constdata          main.o
    0x0800444f   0x00000001   PAD
    0x08004450   0x00000020   Data   RO         9422    Region$$Table       anon$$obj.o


    Execution Region RW_IRAM1 (Base: 0x20000000, Size: 0x00001768, Max: 0x00020000, ABSOLUTE, COMPRESSED[0x00000124])

    Base Addr    Size         Type   Attr      Idx    E Section Name        Object

    0x20000000   0x0000001c   Data   RW          286    .data               stm32f4_discovery.o
    0x2000001c   0x00000014   Data   RW          670    .data               system_stm32f4xx.o
    0x20000030   0x00000004   Data   RW          725    .data               stm32f4xx_hal.o
    0x20000034   0x000000e5   Data   RW         7721    .data               main.o
    0x20000119   0x00000003   PAD
    0x2000011c   0x00000010   Data   RW         8094    .data               tm_stm32f4_usb_vcp.o
    0x2000012c   0x0000006b   Data   RW         8625    .data               usbd_cdc_core.o
    0x20000197   0x00000001   PAD
    0x20000198   0x0000002c   Data   RW         8626    .data               usbd_cdc_core.o
    0x200001c4   0x00000008   Data   RW         8695    .data               usbd_cdc_vcp.o
    0x200001cc   0x00000014   Data   RW         8696    .data               usbd_cdc_vcp.o
    0x200001e0   0x0000002c   Data   RW         8753    .data               usbd_core.o
    0x2000020c   0x00000004   Data   RW         8754    .data               usbd_core.o
    0x20000210   0x00000004   Data   RW         8755    .data               usbd_core.o
    0x20000214   0x0000001c   Data   RW         8842    .data               usbd_desc.o
    0x20000230   0x00000016   Data   RW         8843    .data               usbd_desc.o
    0x20000246   0x00000002   PAD
    0x20000248   0x00000010   Data   RW         8974    .data               usbd_req.o
    0x20000258   0x00000001   Data   RW         9049    .data               usbd_usr.o
    0x20000259   0x00000003   PAD
    0x2000025c   0x0000001c   Data   RW         9050    .data               usbd_usr.o
    0x20000278   0x00000004   Data   RW         9396    .data               mc_w.l(stdout.o)
    0x2000027c   0x00000138   Zero   RW         7719    .bss                main.o
    0x200003b4   0x00000674   Zero   RW         8093    .bss                tm_stm32f4_usb_vcp.o
    0x20000a28   0x00000840   Zero   RW         8624    .bss                usbd_cdc_core.o
    0x20001268   0x000000ff   Zero   RW         8973    .bss                usbd_req.o
    0x20001367   0x00000001   PAD
    0x20001368   0x00000400   Zero   RW         7687    STACK               startup_stm32f407xx.o


==============================================================================

Image component sizes


      Code (inc. data)   RO Data    RW Data    ZI Data      Debug   Object Name

         0          0          0          0          0       4504   cs43l22.o
      2766        574         15        229        312      36349   main.o
        40          4          0          0          0      26859   retarget.o
        36          8        392          0       1024        832   startup_stm32f407xx.o
       308         60         12         28          0     369274   stm32f4_discovery.o
       140         20          0          4          0       4965   stm32f4xx_hal.o
       194         14          0          0          0      30163   stm32f4xx_hal_cortex.o
       492         56          0          0          0       3942   stm32f4xx_hal_gpio.o
       298         30          0          0          0       2435   stm32f4xx_hal_msp.o
      1516         54         16          0          0       5169   stm32f4xx_hal_rcc.o
       614          0          0          0          0       3430   stm32f4xx_hal_spi.o
      1660         90          0          0          0      17052   stm32f4xx_hal_tim.o
       150          0          0          0          0       3370   stm32f4xx_hal_tim_ex.o
        68         18          0          0          0       6727   stm32f4xx_it.o
        84         18          0         20          0       1185   system_stm32f4xx.o
       232         46          0         16       1652       4841   tm_stm32f4_usb_vcp.o
       272         22          0          0          0       3924   usb_bsp.o
      1966         26          0          0          0      19854   usb_core.o
       510          0          0          0          0       5580   usb_dcd.o
      1198         40          0          0          0       7043   usb_dcd_int.o
       616         74          0        151       2112       8184   usbd_cdc_core.o
       174         16          0         28          0       3606   usbd_cdc_vcp.o
       600          4          0         52          0       8622   usbd_core.o
       224        128          0         50          0       5460   usbd_desc.o
       168          0          0          0          0       4004   usbd_ioreq.o
      1118         44          0         16        255       8129   usbd_req.o
        84         28          0         29          0       3719   usbd_usr.o

    ----------------------------------------------------------------------
     15560       1374        468        632       5356     599222   Object Totals
         0          0         32          0          0          0   (incl. Generated)
        32          0          1          9          1          0   (incl. Padding)

    ----------------------------------------------------------------------

      Code (inc. data)   RO Data    RW Data    ZI Data      Debug   Library Member Name

        86          0          0          0          0          0   __dczerorl2.o
         0          0          0          0          0          0   entry.o
         0          0          0          0          0          0   entry10a.o
         0          0          0          0          0          0   entry11a.o
         8          4          0          0          0          0   entry2.o
         4          0          0          0          0          0   entry5.o
         0          0          0          0          0          0   entry7b.o
         0          0          0          0          0          0   entry8b.o
         8          4          0          0          0          0   entry9a.o
        30          0          0          0          0          0   handlers.o
        36          8          0          0          0         68   init.o
        30          0          0          0          0         68   llshl.o
        32          0          0          0          0         68   llushr.o
      1154         54          0          0          0        352   printf8.o
         0          0          0          4          0          0   stdout.o
        98          0          0          0          0         92   uldiv.o

    ----------------------------------------------------------------------
      1492         70          0          4          0        648   Library Totals
         6          0          0          0          0          0   (incl. Padding)

    ----------------------------------------------------------------------

      Code (inc. data)   RO Data    RW Data    ZI Data      Debug   Library Name

      1486         70          0          4          0        648   mc_w.l

    ----------------------------------------------------------------------
      1492         70          0          4          0        648   Library Totals

    ----------------------------------------------------------------------

==============================================================================


      Code (inc. data)   RO Data    RW Data    ZI Data      Debug   

     17052       1444        468        636       5356     580694   Grand Totals
     17052       1444        468        292       5356     580694   ELF Image Totals (compressed)
     17052       1444        468        292          0          0   ROM Totals

==============================================================================

    Total RO  Size (Code + RO Data)                17520 (  17.11kB)
    Total RW  Size (RW Data + ZI Data)              5992 (   5.85kB)
    Total ROM Size (Code + RO Data + RW Data)      17812 (  17.39kB)

==============================================================================

