Component: ARM Compiler 5.05 update 2 (build 169) Tool: armlink [4d0f33]

==============================================================================

Section Cross References

    cs43l22.o(i.CODEC_IO_Write) refers to stm32f4_discovery.o(i.AUDIO_IO_Write) for AUDIO_IO_Write
    cs43l22.o(i.cs43l22_DeInit) refers to stm32f4_discovery.o(i.AUDIO_IO_DeInit) for AUDIO_IO_DeInit
    cs43l22.o(i.cs43l22_Init) refers to stm32f4_discovery.o(i.AUDIO_IO_Init) for AUDIO_IO_Init
    cs43l22.o(i.cs43l22_Init) refers to cs43l22.o(i.CODEC_IO_Write) for CODEC_IO_Write
    cs43l22.o(i.cs43l22_Init) refers to cs43l22.o(i.cs43l22_SetVolume) for cs43l22_SetVolume
    cs43l22.o(i.cs43l22_Init) refers to cs43l22.o(.data) for .data
    cs43l22.o(i.cs43l22_Pause) refers to cs43l22.o(i.cs43l22_SetMute) for cs43l22_SetMute
    cs43l22.o(i.cs43l22_Pause) refers to cs43l22.o(i.CODEC_IO_Write) for CODEC_IO_Write
    cs43l22.o(i.cs43l22_Play) refers to cs43l22.o(i.cs43l22_SetMute) for cs43l22_SetMute
    cs43l22.o(i.cs43l22_Play) refers to cs43l22.o(i.CODEC_IO_Write) for CODEC_IO_Write
    cs43l22.o(i.cs43l22_Play) refers to cs43l22.o(.data) for .data
    cs43l22.o(i.cs43l22_ReadID) refers to stm32f4_discovery.o(i.AUDIO_IO_Init) for AUDIO_IO_Init
    cs43l22.o(i.cs43l22_ReadID) refers to stm32f4_discovery.o(i.AUDIO_IO_Read) for AUDIO_IO_Read
    cs43l22.o(i.cs43l22_Resume) refers to cs43l22.o(i.cs43l22_SetMute) for cs43l22_SetMute
    cs43l22.o(i.cs43l22_Resume) refers to cs43l22.o(i.CODEC_IO_Write) for CODEC_IO_Write
    cs43l22.o(i.cs43l22_Resume) refers to cs43l22.o(.data) for .data
    cs43l22.o(i.cs43l22_SetMute) refers to cs43l22.o(i.CODEC_IO_Write) for CODEC_IO_Write
    cs43l22.o(i.cs43l22_SetMute) refers to cs43l22.o(.data) for .data
    cs43l22.o(i.cs43l22_SetOutputMode) refers to cs43l22.o(i.CODEC_IO_Write) for CODEC_IO_Write
    cs43l22.o(i.cs43l22_SetOutputMode) refers to cs43l22.o(.data) for .data
    cs43l22.o(i.cs43l22_SetVolume) refers to cs43l22.o(i.CODEC_IO_Write) for CODEC_IO_Write
    cs43l22.o(i.cs43l22_Stop) refers to cs43l22.o(i.cs43l22_SetMute) for cs43l22_SetMute
    cs43l22.o(i.cs43l22_Stop) refers to cs43l22.o(i.CODEC_IO_Write) for CODEC_IO_Write
    cs43l22.o(i.cs43l22_Stop) refers to cs43l22.o(.data) for .data
    cs43l22.o(.data) refers to cs43l22.o(i.cs43l22_Init) for cs43l22_Init
    cs43l22.o(.data) refers to cs43l22.o(i.cs43l22_DeInit) for cs43l22_DeInit
    cs43l22.o(.data) refers to cs43l22.o(i.cs43l22_ReadID) for cs43l22_ReadID
    cs43l22.o(.data) refers to cs43l22.o(i.cs43l22_Play) for cs43l22_Play
    cs43l22.o(.data) refers to cs43l22.o(i.cs43l22_Pause) for cs43l22_Pause
    cs43l22.o(.data) refers to cs43l22.o(i.cs43l22_Resume) for cs43l22_Resume
    cs43l22.o(.data) refers to cs43l22.o(i.cs43l22_Stop) for cs43l22_Stop
    cs43l22.o(.data) refers to cs43l22.o(i.cs43l22_SetFrequency) for cs43l22_SetFrequency
    cs43l22.o(.data) refers to cs43l22.o(i.cs43l22_SetVolume) for cs43l22_SetVolume
    cs43l22.o(.data) refers to cs43l22.o(i.cs43l22_SetMute) for cs43l22_SetMute
    cs43l22.o(.data) refers to cs43l22.o(i.cs43l22_SetOutputMode) for cs43l22_SetOutputMode
    cs43l22.o(.data) refers to cs43l22.o(i.cs43l22_Reset) for cs43l22_Reset
    lis302dl.o(i.LIS302DL_Click_IntClear) refers to stm32f4_discovery.o(i.ACCELERO_IO_Read) for ACCELERO_IO_Read
    lis302dl.o(i.LIS302DL_Click_IntConfig) refers to stm32f4_discovery.o(i.ACCELERO_IO_ITConfig) for ACCELERO_IO_ITConfig
    lis302dl.o(i.LIS302DL_Click_IntConfig) refers to lis302dl.o(i.LIS302DL_InterruptConfig) for LIS302DL_InterruptConfig
    lis302dl.o(i.LIS302DL_Click_IntConfig) refers to stm32f4_discovery.o(i.ACCELERO_IO_Write) for ACCELERO_IO_Write
    lis302dl.o(i.LIS302DL_DataRateCmd) refers to stm32f4_discovery.o(i.ACCELERO_IO_Read) for ACCELERO_IO_Read
    lis302dl.o(i.LIS302DL_DataRateCmd) refers to stm32f4_discovery.o(i.ACCELERO_IO_Write) for ACCELERO_IO_Write
    lis302dl.o(i.LIS302DL_FilterConfig) refers to stm32f4_discovery.o(i.ACCELERO_IO_Read) for ACCELERO_IO_Read
    lis302dl.o(i.LIS302DL_FilterConfig) refers to stm32f4_discovery.o(i.ACCELERO_IO_Write) for ACCELERO_IO_Write
    lis302dl.o(i.LIS302DL_FullScaleCmd) refers to stm32f4_discovery.o(i.ACCELERO_IO_Read) for ACCELERO_IO_Read
    lis302dl.o(i.LIS302DL_FullScaleCmd) refers to stm32f4_discovery.o(i.ACCELERO_IO_Write) for ACCELERO_IO_Write
    lis302dl.o(i.LIS302DL_Init) refers to stm32f4_discovery.o(i.ACCELERO_IO_Init) for ACCELERO_IO_Init
    lis302dl.o(i.LIS302DL_Init) refers to stm32f4_discovery.o(i.ACCELERO_IO_Write) for ACCELERO_IO_Write
    lis302dl.o(i.LIS302DL_InterruptConfig) refers to stm32f4_discovery.o(i.ACCELERO_IO_Read) for ACCELERO_IO_Read
    lis302dl.o(i.LIS302DL_InterruptConfig) refers to stm32f4_discovery.o(i.ACCELERO_IO_Write) for ACCELERO_IO_Write
    lis302dl.o(i.LIS302DL_LowpowerCmd) refers to stm32f4_discovery.o(i.ACCELERO_IO_Read) for ACCELERO_IO_Read
[...]
    ..\\..\\Drivers\\STM32F4xx_HAL_Driver\\Src\\stm32f4xx_hal_tim_ex.c 0x00000000   Number         0  stm32f4xx_hal_tim_ex.o ABSOLUTE
    ..\\..\\Drivers\\STM32F4xx_HAL_Driver\\Src\\stm32f4xx_hal_uart.c 0x00000000   Number         0  stm32f4xx_hal_uart.o ABSOLUTE
    ..\\..\\Drivers\\STM32F4xx_HAL_Driver\\Src\\stm32f4xx_hal_usart.c 0x00000000   Number         0  stm32f4xx_hal_usart.o ABSOLUTE
    ..\\..\\Drivers\\STM32F4xx_HAL_Driver\\Src\\stm32f4xx_hal_wwdg.c 0x00000000   Number         0  stm32f4xx_hal_wwdg.o ABSOLUTE
    ..\\..\\Drivers\\STM32F4xx_HAL_Driver\\Src\\stm32f4xx_ll_fmc.c 0x00000000   Number         0  stm32f4xx_ll_fmc.o ABSOLUTE
    ..\\..\\Drivers\\STM32F4xx_HAL_Driver\\Src\\stm32f4xx_ll_fsmc.c 0x00000000   Number         0  stm32f4xx_ll_fsmc.o ABSOLUTE
    ..\\..\\Drivers\\STM32F4xx_HAL_Driver\\Src\\stm32f4xx_ll_sdmmc.c 0x00000000   Number         0  stm32f4xx_ll_sdmmc.o ABSOLUTE
    ..\\..\\Drivers\\STM32F4xx_HAL_Driver\\Src\\stm32f4xx_ll_usb.c 0x00000000   Number         0  stm32f4xx_ll_usb.o ABSOLUTE
    Src\\main.c                              0x00000000   Number         0  main.o ABSOLUTE
    Src\\stm32f4xx_hal_msp.c                 0x00000000   Number         0  stm32f4xx_hal_msp.o ABSOLUTE
    Src\\stm32f4xx_it.c                      0x00000000   Number         0  stm32f4xx_it.o ABSOLUTE
    Src\\system_stm32f4xx.c                  0x00000000   Number         0  system_stm32f4xx.o ABSOLUTE
    Src\\tm_stm32f4_usb_vcp.c                0x00000000   Number         0  tm_stm32f4_usb_vcp.o ABSOLUTE
    Src\\usb_bsp.c                           0x00000000   Number         0  usb_bsp.o ABSOLUTE
    Src\\usb_core.c                          0x00000000   Number         0  usb_core.o ABSOLUTE
    Src\\usb_dcd.c                           0x00000000   Number         0  usb_dcd.o ABSOLUTE
    Src\\usb_dcd_int.c                       0x00000000   Number         0  usb_dcd_int.o ABSOLUTE
    Src\\usbd_cdc_core.c                     0x00000000   Number         0  usbd_cdc_core.o ABSOLUTE
    Src\\usbd_cdc_vcp.c                      0x00000000   Number         0  usbd_cdc_vcp.o ABSOLUTE
    Src\\usbd_core.c                         0x00000000   Number         0  usbd_core.o ABSOLUTE
    Src\\usbd_desc.c                         0x00000000   Number         0  usbd_desc.o ABSOLUTE
    Src\\usbd_ioreq.c                        0x00000000   Number         0  usbd_ioreq.o ABSOLUTE
    Src\\usbd_req.c                          0x00000000   Number         0  usbd_req.o ABSOLUTE
    Src\\usbd_usr.c                          0x00000000   Number         0  usbd_usr.o ABSOLUTE
    Src\main.c                               0x00000000   Number         0  main.o ABSOLUTE
    Src\stm32f4xx_hal_msp.c                  0x00000000   Number         0  stm32f4xx_hal_msp.o ABSOLUTE
    Src\stm32f4xx_it.c                       0x00000000   Number         0  stm32f4xx_it.o ABSOLUTE
    Src\system_stm32f4xx.c                   0x00000000   Number         0  system_stm32f4xx.o ABSOLUTE
    Src\tm_stm32f4_usb_vcp.c                 0x00000000   Number         0  tm_stm32f4_usb_vcp.o ABSOLUTE
    Src\usb_bsp.c                            0x00000000   Number         0  usb_bsp.o ABSOLUTE
    Src\usb_core.c                           0x00000000   Number         0  usb_core.o ABSOLUTE
    Src\usb_dcd.c                            0x00000000   Number         0  usb_dcd.o ABSOLUTE
    Src\usb_dcd_int.c                        0x00000000   Number         0  usb_dcd_int.o ABSOLUTE
    Src\usbd_cdc_core.c                      0x00000000   Number         0  usbd_cdc_core.o ABSOLUTE
    Src\usbd_cdc_vcp.c                       0x00000000   Number         0  usbd_cdc_vcp.o ABSOLUTE
    Src\usbd_core.c                          0x00000000   Number         0  usbd_core.o ABSOLUTE
    Src\usbd_desc.c                          0x00000000   Number         0  usbd_desc.o ABSOLUTE
    Src\usbd_ioreq.c                         0x00000000   Number         0  usbd_ioreq.o ABSOLUTE
    Src\usbd_req.c                           0x00000000   Number         0  usbd_req.o ABSOLUTE
    Src\usbd_usr.c                           0x00000000   Number         0  usbd_usr.o ABSOLUTE
    cdrcmple.s                               0x00000000   Number         0  cdrcmple.o ABSOLUTE
    dc.s                                     0x00000000   Number         0  dc.o ABSOLUTE
    handlers.s                               0x00000000   Number         0  handlers.o ABSOLUTE
    init.s                                   0x00000000   Number         0  init.o ABSOLUTE
    retarget.c                               0x00000000   Number         0  retarget.o ABSOLUTE
    retarget.c                               0x00000000   Number         0  retarget.o ABSOLUTE
    startup_stm32f407xx.s                    0x00000000   Number         0  startup_stm32f407xx.o ABSOLUTE
    RESET                                    0x08000000   Section      392  startup_stm32f407xx.o(RESET)
    .ARM.Collect$$$$00000000                 0x08000188   Section        0  entry.o(.ARM.Collect$$$$00000000)
    .ARM.Collect$$$$00000001                 0x08000188   Section        4  entry2.o(.ARM.Collect$$$$00000001)
    .ARM.Collect$$$$00000004                 0x0800018c   Section        4  entry5.o(.ARM.Collect$$$$00000004)
    .ARM.Collect$$$$00000008                 0x08000190   Section        0  entry7b.o(.ARM.Collect$$$$00000008)
    .ARM.Collect$$$$0000000A                 0x08000190   Section        0  entry8b.o(.ARM.Collect$$$$0000000A)
    .ARM.Collect$$$$0000000B                 0x08000190   Section        8  entry9a.o(.ARM.Collect$$$$0000000B)
    .ARM.Collect$$$$0000000D                 0x08000198   Section        0  entry10a.o(.ARM.Collect$$$$0000000D)
    .ARM.Collect$$$$0000000F                 0x08000198   Section        0  entry11a.o(.ARM.Collect$$$$0000000F)
    .ARM.Collect$$$$00002712                 0x08000198   Section        4  entry2.o(.ARM.Collect$$$$00002712)
    __lit__00000000                          0x08000198   Data           4  entry2.o(.ARM.Collect$$$$00002712)
    .text                                    0x0800019c   Section       36  startup_stm32f407xx.o(.text)
    $v0                                      0x0800019c   Number         0  startup_stm32f407xx.o(.text)
    .text                                    0x080001c0   Section        0  uidiv.o(.text)
    .text                                    0x080001ec   Section       36  init.o(.text)
    .text                                    0x08000210   Section        0  __dczerorl2.o(.text)
    i.BSP_LED_Init                           0x08000268   Section        0  stm32f4_discovery.o(i.BSP_LED_Init)
    i.BSP_LED_Off                            0x080002cc   Section        0  stm32f4_discovery.o(i.BSP_LED_Off)
    i.BSP_LED_On                             0x080002e8   Section        0  stm32f4_discovery.o(i.BSP_LED_On)
    i.BSP_PB_GetState                        0x08000304   Section        0  stm32f4_discovery.o(i.BSP_PB_GetState)
    i.BSP_PB_Init                            0x0800031c   Section        0  stm32f4_discovery.o(i.BSP_PB_Init)
    i.BusFault_Handler                       0x0800039c   Section        0  stm32f4xx_it.o(i.BusFault_Handler)
    i.DCD_EP_Close                           0x0800039e   Section        0  usb_dcd.o(i.DCD_EP_Close)
    i.DCD_EP_ClrStall                        0x080003ca   Section        0  usb_dcd.o(i.DCD_EP_ClrStall)
    i.DCD_EP_Open                            0x08000402   Section        0  usb_dcd.o(i.DCD_EP_Open)
    i.DCD_EP_PrepareRx                       0x0800043e   Section        0  usb_dcd.o(i.DCD_EP_PrepareRx)
    i.DCD_EP_SetAddress                      0x08000482   Section        0  usb_dcd.o(i.DCD_EP_SetAddress)
    i.DCD_EP_Stall                           0x08000492   Section        0  usb_dcd.o(i.DCD_EP_Stall)
    i.DCD_EP_Tx                              0x080004ca   Section        0  usb_dcd.o(i.DCD_EP_Tx)
    i.DCD_HandleInEP_ISR                     0x08000508   Section        0  usb_dcd_int.o(i.DCD_HandleInEP_ISR)
    DCD_HandleInEP_ISR                       0x08000509   Thumb Code   198  usb_dcd_int.o(i.DCD_HandleInEP_ISR)
    i.DCD_HandleOutEP_ISR                    0x080005d4   Section        0  usb_dcd_int.o(i.DCD_HandleOutEP_ISR)
    DCD_HandleOutEP_ISR                      0x080005d5   Thumb Code   166  usb_dcd_int.o(i.DCD_HandleOutEP_ISR)
    i.DCD_HandleRxStatusQueueLevel_ISR       0x08000680   Section        0  usb_dcd_int.o(i.DCD_HandleRxStatusQueueLevel_ISR)
    DCD_HandleRxStatusQueueLevel_ISR         0x08000681   Thumb Code   124  usb_dcd_int.o(i.DCD_HandleRxStatusQueueLevel_ISR)
    i.DCD_HandleUSBSuspend_ISR               0x080006fc   Section        0  usb_dcd_int.o(i.DCD_HandleUSBSuspend_ISR)
    DCD_HandleUSBSuspend_ISR                 0x080006fd   Thumb Code   102  usb_dcd_int.o(i.DCD_HandleUSBSuspend_ISR)
    i.DCD_HandleUsbReset_ISR                 0x0800076c   Section        0  usb_dcd_int.o(i.DCD_HandleUsbReset_ISR)
    DCD_HandleUsbReset_ISR                   0x0800076d   Thumb Code   128  usb_dcd_int.o(i.DCD_HandleUsbReset_ISR)
    i.DCD_Init                               0x080007f0   Section        0  usb_dcd.o(i.DCD_Init)
    i.DCD_WriteEmptyTxFifo                   0x08000884   Section        0  usb_dcd_int.o(i.DCD_WriteEmptyTxFifo)
    DCD_WriteEmptyTxFifo                     0x08000885   Thumb Code   126  usb_dcd_int.o(i.DCD_WriteEmptyTxFifo)
    i.DebugMon_Handler                       0x08000902   Section        0  stm32f4xx_it.o(i.DebugMon_Handler)
    i.EXTI0_IRQHandler                       0x08000904   Section        0  stm32f4xx_it.o(i.EXTI0_IRQHandler)
    i.EXTI2_IRQHandler                       0x0800090a   Section        0  stm32f4xx_it.o(i.EXTI2_IRQHandler)
    i.HAL_Delay                              0x08000910   Section        0  stm32f4xx_hal.o(i.HAL_Delay)
    i.HAL_GPIO_EXTI_Callback                 0x08000928   Section        0  main.o(i.HAL_GPIO_EXTI_Callback)
    i.HAL_GPIO_EXTI_IRQHandler               0x080009b8   Section        0  stm32f4xx_hal_gpio.o(i.HAL_GPIO_EXTI_IRQHandler)
    i.HAL_GPIO_Init                          0x080009d0   Section        0  stm32f4xx_hal_gpio.o(i.HAL_GPIO_Init)
    i.HAL_GPIO_ReadPin                       0x08000b90   Section        0  stm32f4xx_hal_gpio.o(i.HAL_GPIO_ReadPin)
    i.HAL_GPIO_WritePin                      0x08000b9a   Section        0  stm32f4xx_hal_gpio.o(i.HAL_GPIO_WritePin)
    i.HAL_GetREVID                           0x08000ba4   Section        0  stm32f4xx_hal.o(i.HAL_GetREVID)
    i.HAL_GetTick                            0x08000bb0   Section        0  stm32f4xx_hal.o(i.HAL_GetTick)
    i.HAL_IncTick                            0x08000bbc   Section        0  stm32f4xx_hal.o(i.HAL_IncTick)
    i.HAL_Init                               0x08000bcc   Section        0  stm32f4xx_hal.o(i.HAL_Init)
    i.HAL_InitTick                           0x08000bf8   Section        0  stm32f4xx_hal.o(i.HAL_InitTick)
    i.HAL_MspInit                            0x08000c1a   Section        0  stm32f4xx_hal_msp.o(i.HAL_MspInit)
    i.HAL_NVIC_EnableIRQ                     0x08000c1c   Section        0  stm32f4xx_hal_cortex.o(i.HAL_NVIC_EnableIRQ)
    i.HAL_NVIC_SetPriority                   0x08000c34   Section        0  stm32f4xx_hal_cortex.o(i.HAL_NVIC_SetPriority)
    i.HAL_NVIC_SetPriorityGrouping           0x08000c74   Section        0  stm32f4xx_hal_cortex.o(i.HAL_NVIC_SetPriorityGrouping)
    i.HAL_RCC_ClockConfig                    0x08000c98   Section        0  stm32f4xx_hal_rcc.o(i.HAL_RCC_ClockConfig)
    i.HAL_RCC_GetHCLKFreq                    0x08000ea4   Section        0  stm32f4xx_hal_rcc.o(i.HAL_RCC_GetHCLKFreq)
    i.HAL_RCC_GetSysClockFreq                0x08000ed8   Section        0  stm32f4xx_hal_rcc.o(i.HAL_RCC_GetSysClockFreq)
    i.HAL_RCC_OscConfig                      0x08000f48   Section        0  stm32f4xx_hal_rcc.o(i.HAL_RCC_OscConfig)
    i.HAL_SPI_Init                           0x08001284   Section        0  stm32f4xx_hal_spi.o(i.HAL_SPI_Init)
    i.HAL_SPI_MspInit                        0x08001308   Section        0  stm32f4xx_hal_msp.o(i.HAL_SPI_MspInit)
    i.HAL_SPI_Transmit                       0x08001398   Section        0  stm32f4xx_hal_spi.o(i.HAL_SPI_Transmit)
    i.HAL_SPI_TransmitNew                    0x080014dc   Section        0  main.o(i.HAL_SPI_TransmitNew)
    i.HAL_SYSTICK_Config                     0x0800151c   Section        0  stm32f4xx_hal_cortex.o(i.HAL_SYSTICK_Config)
    i.Handle_USBAsynchXfer                   0x08001544   Section        0  usbd_cdc_core.o(i.Handle_USBAsynchXfer)
    Handle_USBAsynchXfer                     0x08001545   Thumb Code    94  usbd_cdc_core.o(i.Handle_USBAsynchXfer)
    i.HardFault_Handler                      0x080015ac   Section        0  stm32f4xx_it.o(i.HardFault_Handler)
    i.MemManage_Handler                      0x080015ae   Section        0  stm32f4xx_it.o(i.MemManage_Handler)
    i.NMI_Handler                            0x080015b0   Section        0  stm32f4xx_it.o(i.NMI_Handler)
    i.NVIC_SetPriority                       0x080015b2   Section        0  stm32f4xx_hal_cortex.o(i.NVIC_SetPriority)
    NVIC_SetPriority                         0x080015b3   Thumb Code    32  stm32f4xx_hal_cortex.o(i.NVIC_SetPriority)
    i.OTG_FS_IRQHandler                      0x080015d4   Section        0  usb_bsp.o(i.OTG_FS_IRQHandler)
    i.OTG_FS_WKUP_IRQHandler                 0x080015e0   Section        0  usb_bsp.o(i.OTG_FS_WKUP_IRQHandler)
    i.PendSV_Handler                         0x080015f0   Section        0  stm32f4xx_it.o(i.PendSV_Handler)
    i.SPI_WaitOnFlagUntilTimeout             0x080015f2   Section        0  stm32f4xx_hal_spi.o(i.SPI_WaitOnFlagUntilTimeout)
    SPI_WaitOnFlagUntilTimeout               0x080015f3   Thumb Code   158  stm32f4xx_hal_spi.o(i.SPI_WaitOnFlagUntilTimeout)
    i.SVC_Handler                            0x08001690   Section        0  stm32f4xx_it.o(i.SVC_Handler)
    i.SysTick_Handler                        0x08001692   Section        0  stm32f4xx_it.o(i.SysTick_Handler)
    i.SystemClock_Config                     0x08001698   Section        0  main.o(i.SystemClock_Config)
    SystemClock_Config                       0x08001699   Thumb Code   140  main.o(i.SystemClock_Config)
    i.SystemInit                             0x08001730   Section        0  system_stm32f4xx.o(i.SystemInit)
    i.TM_INT_USB_VCP_AddReceived             0x08001784   Section        0  tm_stm32f4_usb_vcp.o(i.TM_INT_USB_VCP_AddReceived)
    i.TM_USB_VCP_GetStatus                   0x080017b4   Section        0  tm_stm32f4_usb_vcp.o(i.TM_USB_VCP_GetStatus)
    i.TM_USB_VCP_Getc                        0x080017cc   Section        0  tm_stm32f4_usb_vcp.o(i.TM_USB_VCP_Getc)
    i.TM_USB_VCP_Init                        0x08001808   Section        0  tm_stm32f4_usb_vcp.o(i.TM_USB_VCP_Init)
    i.TM_USB_VCP_Putc                        0x08001840   Section        0  tm_stm32f4_usb_vcp.o(i.TM_USB_VCP_Putc)
    i.TM_USB_VCP_Puts                        0x08001858   Section        0  tm_stm32f4_usb_vcp.o(i.TM_USB_VCP_Puts)
    i.USBD_ClrCfg                            0x0800186c   Section        0  usbd_core.o(i.USBD_ClrCfg)
    i.USBD_CtlContinueRx                     0x0800187a   Section        0  usbd_ioreq.o(i.USBD_CtlContinueRx)
    i.USBD_CtlContinueSendData               0x0800188c   Section        0  usbd_ioreq.o(i.USBD_CtlContinueSendData)
    i.USBD_CtlError                          0x0800189e   Section        0  usbd_req.o(i.USBD_CtlError)
    i.USBD_CtlPrepareRx                      0x080018ba   Section        0  usbd_ioreq.o(i.USBD_CtlPrepareRx)
    i.USBD_CtlReceiveStatus                  0x080018da   Section        0  usbd_ioreq.o(i.USBD_CtlReceiveStatus)
    i.USBD_CtlSendData                       0x080018fc   Section        0  usbd_ioreq.o(i.USBD_CtlSendData)
    i.USBD_CtlSendStatus                     0x0800191c   Section        0  usbd_ioreq.o(i.USBD_CtlSendStatus)
    i.USBD_DataInStage                       0x08001940   Section        0  usbd_core.o(i.USBD_DataInStage)
    USBD_DataInStage                         0x08001941   Thumb Code   172  usbd_core.o(i.USBD_DataInStage)
    i.USBD_DataOutStage                      0x080019f0   Section        0  usbd_core.o(i.USBD_DataOutStage)
    USBD_DataOutStage                        0x080019f1   Thumb Code   120  usbd_core.o(i.USBD_DataOutStage)
    i.USBD_GetDescriptor                     0x08001a68   Section        0  usbd_req.o(i.USBD_GetDescriptor)
    USBD_GetDescriptor                       0x08001a69   Thumb Code   206  usbd_req.o(i.USBD_GetDescriptor)
    i.USBD_GetString                         0x08001b36   Section        0  usbd_req.o(i.USBD_GetString)
    i.USBD_Init                              0x08001b7c   Section        0  usbd_core.o(i.USBD_Init)
    i.USBD_IsoINIncomplete                   0x08001bb0   Section        0  usbd_core.o(i.USBD_IsoINIncomplete)
    USBD_IsoINIncomplete                     0x08001bb1   Thumb Code    14  usbd_core.o(i.USBD_IsoINIncomplete)
    i.USBD_IsoOUTIncomplete                  0x08001bbe   Section        0  usbd_core.o(i.USBD_IsoOUTIncomplete)
    USBD_IsoOUTIncomplete                    0x08001bbf   Thumb Code    14  usbd_core.o(i.USBD_IsoOUTIncomplete)
    i.USBD_OTG_ISR_Handler                   0x08001bcc   Section        0  usb_dcd_int.o(i.USBD_OTG_ISR_Handler)
    i.USBD_ParseSetupRequest                 0x08001d14   Section        0  usbd_req.o(i.USBD_ParseSetupRequest)
    i.USBD_Reset                             0x08001d58   Section        0  usbd_core.o(i.USBD_Reset)
    USBD_Reset                               0x08001d59   Thumb Code    46  usbd_core.o(i.USBD_Reset)
    i.USBD_Resume                            0x08001d86   Section        0  usbd_core.o(i.USBD_Resume)
    USBD_Resume                              0x08001d87   Thumb Code    22  usbd_core.o(i.USBD_Resume)
    i.USBD_SOF                               0x08001d9c   Section        0  usbd_core.o(i.USBD_SOF)
    USBD_SOF                                 0x08001d9d   Thumb Code    16  usbd_core.o(i.USBD_SOF)
    i.USBD_SetCfg                            0x08001dac   Section        0  usbd_core.o(i.USBD_SetCfg)
    i.USBD_SetConfig                         0x08001dc8   Section        0  usbd_req.o(i.USBD_SetConfig)
    USBD_SetConfig                           0x08001dc9   Thumb Code   112  usbd_req.o(i.USBD_SetConfig)
    i.USBD_SetFeature                        0x08001e3c   Section        0  usbd_req.o(i.USBD_SetFeature)
    USBD_SetFeature                          0x08001e3d   Thumb Code   118  usbd_req.o(i.USBD_SetFeature)
    i.USBD_SetupStage                        0x08001eb8   Section        0  usbd_core.o(i.USBD_SetupStage)
    USBD_SetupStage                          0x08001eb9   Thumb Code    72  usbd_core.o(i.USBD_SetupStage)
    i.USBD_StdDevReq                         0x08001f00   Section        0  usbd_req.o(i.USBD_StdDevReq)
    i.USBD_StdEPReq                          0x08001ff0   Section        0  usbd_req.o(i.USBD_StdEPReq)
    i.USBD_StdItfReq                         0x080020c4   Section        0  usbd_req.o(i.USBD_StdItfReq)
    i.USBD_Suspend                           0x080020fa   Section        0  usbd_core.o(i.USBD_Suspend)
    USBD_Suspend                             0x080020fb   Thumb Code    28  usbd_core.o(i.USBD_Suspend)
    i.USBD_USR_ConfigStrDescriptor           0x08002118   Section        0  usbd_desc.o(i.USBD_USR_ConfigStrDescriptor)
    i.USBD_USR_DeviceConfigured              0x08002138   Section        0  usbd_usr.o(i.USBD_USR_DeviceConfigured)
    i.USBD_USR_DeviceConnected               0x08002144   Section        0  usbd_usr.o(i.USBD_USR_DeviceConnected)
    i.USBD_USR_DeviceDescriptor              0x08002150   Section        0  usbd_desc.o(i.USBD_USR_DeviceDescriptor)
    i.USBD_USR_DeviceDisconnected            0x0800215c   Section        0  usbd_usr.o(i.USBD_USR_DeviceDisconnected)
    i.USBD_USR_DeviceReset                   0x08002168   Section        0  usbd_usr.o(i.USBD_USR_DeviceReset)
    i.USBD_USR_DeviceResumed                 0x08002174   Section        0  usbd_usr.o(i.USBD_USR_DeviceResumed)
    i.USBD_USR_DeviceSuspended               0x08002180   Section        0  usbd_usr.o(i.USBD_USR_DeviceSuspended)
    i.USBD_USR_Init                          0x0800218c   Section        0  usbd_usr.o(i.USBD_USR_Init)
    i.USBD_USR_InterfaceStrDescriptor        0x08002198   Section        0  usbd_desc.o(i.USBD_USR_InterfaceStrDescriptor)
    i.USBD_USR_LangIDStrDescriptor           0x080021bc   Section        0  usbd_desc.o(i.USBD_USR_LangIDStrDescriptor)
    i.USBD_USR_ManufacturerStrDescriptor     0x080021c8   Section        0  usbd_desc.o(i.USBD_USR_ManufacturerStrDescriptor)
    i.USBD_USR_ProductStrDescriptor          0x080021f0   Section        0  usbd_desc.o(i.USBD_USR_ProductStrDescriptor)
    i.USBD_USR_SerialStrDescriptor           0x08002228   Section        0  usbd_desc.o(i.USBD_USR_SerialStrDescriptor)
    i.USBD_cdc_GetCfgDesc                    0x0800224c   Section        0  usbd_cdc_core.o(i.USBD_cdc_GetCfgDesc)
    USBD_cdc_GetCfgDesc                      0x0800224d   Thumb Code     8  usbd_cdc_core.o(i.USBD_cdc_GetCfgDesc)
    i.USB_OTG_BSP_EnableInterrupt            0x08002258   Section        0  usb_bsp.o(i.USB_OTG_BSP_EnableInterrupt)
    i.USB_OTG_BSP_Init                       0x08002274   Section        0  usb_bsp.o(i.USB_OTG_BSP_Init)
    i.USB_OTG_BSP_mDelay                     0x0800232c   Section        0  usb_bsp.o(i.USB_OTG_BSP_mDelay)
    i.USB_OTG_BSP_uDelay                     0x08002336   Section        0  usb_bsp.o(i.USB_OTG_BSP_uDelay)
    i.USB_OTG_CoreInit                       0x0800234c   Section        0  usb_core.o(i.USB_OTG_CoreInit)
    i.USB_OTG_CoreInitDev                    0x080023cc   Section        0  usb_core.o(i.USB_OTG_CoreInitDev)
    i.USB_OTG_CoreReset                      0x080024fc   Section        0  usb_core.o(i.USB_OTG_CoreReset)
    USB_OTG_CoreReset                        0x080024fd   Thumb Code    84  usb_core.o(i.USB_OTG_CoreReset)
    i.USB_OTG_DisableGlobalInt               0x08002554   Section        0  usb_core.o(i.USB_OTG_DisableGlobalInt)
    i.USB_OTG_EP0Activate                    0x08002564   Section        0  usb_core.o(i.USB_OTG_EP0Activate)
    i.USB_OTG_EP0StartXfer                   0x080025a0   Section        0  usb_core.o(i.USB_OTG_EP0StartXfer)
    i.USB_OTG_EP0_OutStart                   0x08002658   Section        0  usb_core.o(i.USB_OTG_EP0_OutStart)
    i.USB_OTG_EPActivate                     0x0800267c   Section        0  usb_core.o(i.USB_OTG_EPActivate)
    i.USB_OTG_EPClearStall                   0x080026ce   Section        0  usb_core.o(i.USB_OTG_EPClearStall)
    i.USB_OTG_EPDeactivate                   0x08002700   Section        0  usb_core.o(i.USB_OTG_EPDeactivate)
    i.USB_OTG_EPSetStall                     0x08002734   Section        0  usb_core.o(i.USB_OTG_EPSetStall)
    i.USB_OTG_EPStartXfer                    0x08002764   Section        0  usb_core.o(i.USB_OTG_EPStartXfer)
    i.USB_OTG_EnableDevInt                   0x08002884   Section        0  usb_core.o(i.USB_OTG_EnableDevInt)
    i.USB_OTG_EnableGlobalInt                0x080028cc   Section        0  usb_core.o(i.USB_OTG_EnableGlobalInt)
    i.USB_OTG_FlushRxFifo                    0x080028dc   Section        0  usb_core.o(i.USB_OTG_FlushRxFifo)
    i.USB_OTG_FlushTxFifo                    0x08002914   Section        0  usb_core.o(i.USB_OTG_FlushTxFifo)
    i.USB_OTG_GetDeviceSpeed                 0x08002954   Section        0  usb_core.o(i.USB_OTG_GetDeviceSpeed)
    i.USB_OTG_InitDevSpeed                   0x0800297a   Section        0  usb_core.o(i.USB_OTG_InitDevSpeed)
    i.USB_OTG_IsDeviceMode                   0x08002986   Section        0  usb_core.o(i.USB_OTG_IsDeviceMode)
    i.USB_OTG_ReadCoreItr                    0x08002998   Section        0  usb_core.o(i.USB_OTG_ReadCoreItr)
    i.USB_OTG_ReadDevAllInEPItr              0x080029a2   Section        0  usb_core.o(i.USB_OTG_ReadDevAllInEPItr)
    i.USB_OTG_ReadDevAllOutEp_itr            0x080029ae   Section        0  usb_core.o(i.USB_OTG_ReadDevAllOutEp_itr)
    i.USB_OTG_ReadDevOutEP_itr               0x080029ba   Section        0  usb_core.o(i.USB_OTG_ReadDevOutEP_itr)
    i.USB_OTG_ReadPacket                     0x080029ca   Section        0  usb_core.o(i.USB_OTG_ReadPacket)
    i.USB_OTG_SelectCore                     0x080029ec   Section        0  usb_core.o(i.USB_OTG_SelectCore)
    i.USB_OTG_SetCurrentMode                 0x08002ab0   Section        0  usb_core.o(i.USB_OTG_SetCurrentMode)
    i.USB_OTG_WritePacket                    0x08002ada   Section        0  usb_core.o(i.USB_OTG_WritePacket)
    i.UsageFault_Handler                     0x08002b02   Section        0  stm32f4xx_it.o(i.UsageFault_Handler)
    i.VCP_Ctrl                               0x08002b04   Section        0  usbd_cdc_vcp.o(i.VCP_Ctrl)
    VCP_Ctrl                                 0x08002b05   Thumb Code    82  usbd_cdc_vcp.o(i.VCP_Ctrl)
    i.VCP_DataRx                             0x08002b5c   Section        0  usbd_cdc_vcp.o(i.VCP_DataRx)
    i.VCP_DataTx                             0x08002b78   Section        0  usbd_cdc_vcp.o(i.VCP_DataTx)
    i.VCP_DeInit                             0x08002bac   Section        0  usbd_cdc_vcp.o(i.VCP_DeInit)
    VCP_DeInit                               0x08002bad   Thumb Code     4  usbd_cdc_vcp.o(i.VCP_DeInit)
    i.VCP_Init                               0x08002bb0   Section        0  usbd_cdc_vcp.o(i.VCP_Init)
    VCP_Init                                 0x08002bb1   Thumb Code     4  usbd_cdc_vcp.o(i.VCP_Init)
    i.__0printf$3                            0x08002bb4   Section        0  printf3.o(i.__0printf$3)
    i.__scatterload_copy                     0x08002bd4   Section       14  handlers.o(i.__scatterload_copy)
    i.__scatterload_null                     0x08002be2   Section        2  handlers.o(i.__scatterload_null)
    i.__scatterload_zeroinit                 0x08002be4   Section       14  handlers.o(i.__scatterload_zeroinit)
    i._printf_core                           0x08002bf4   Section        0  printf3.o(i._printf_core)
    _printf_core                             0x08002bf5   Thumb Code   436  printf3.o(i._printf_core)
    i.fputc                                  0x08002dac   Section        0  retarget.o(i.fputc)
    i.incrementphase                         0x08002dd4   Section        0  main.o(i.incrementphase)
    i.initDDS                                0x08002e50   Section        0  main.o(i.initDDS)
    i.ioupdate                               0x08002ecc   Section        0  main.o(i.ioupdate)
    i.main                                   0x08002ef8   Section        0  main.o(i.main)
    i.modulation_off                         0x0800317c   Section        0  main.o(i.modulation_off)
    i.modulation_on                          0x080031ac   Section        0  main.o(i.modulation_on)
    i.parse_usb                              0x080031e4   Section        0  main.o(i.parse_usb)
    i.resetDDS                               0x08003338   Section        0  main.o(i.resetDDS)
    i.resetphase                             0x08003360   Section        0  main.o(i.resetphase)
    i.setfreqDDS                             0x080033a4   Section        0  main.o(i.setfreqDDS)
    i.setphase                               0x0800345c   Section        0  main.o(i.setphase)
    i.usbd_cdc_DataIn                        0x080034a0   Section        0  usbd_cdc_core.o(i.usbd_cdc_DataIn)
    usbd_cdc_DataIn                          0x080034a1   Thumb Code    64  usbd_cdc_core.o(i.usbd_cdc_DataIn)
    i.usbd_cdc_DataOut                       0x080034e8   Section        0  usbd_cdc_core.o(i.usbd_cdc_DataOut)
    usbd_cdc_DataOut                         0x080034e9   Thumb Code    42  usbd_cdc_core.o(i.usbd_cdc_DataOut)
    i.usbd_cdc_DeInit                        0x0800351c   Section        0  usbd_cdc_core.o(i.usbd_cdc_DeInit)
    usbd_cdc_DeInit                          0x0800351d   Thumb Code    36  usbd_cdc_core.o(i.usbd_cdc_DeInit)
    i.usbd_cdc_EP0_RxReady                   0x08003544   Section        0  usbd_cdc_core.o(i.usbd_cdc_EP0_RxReady)
    usbd_cdc_EP0_RxReady                     0x08003545   Thumb Code    30  usbd_cdc_core.o(i.usbd_cdc_EP0_RxReady)
    i.usbd_cdc_Init                          0x0800356c   Section        0  usbd_cdc_core.o(i.usbd_cdc_Init)
    usbd_cdc_Init                            0x0800356d   Thumb Code    70  usbd_cdc_core.o(i.usbd_cdc_Init)
    i.usbd_cdc_SOF                           0x080035c0   Section        0  usbd_cdc_core.o(i.usbd_cdc_SOF)
    usbd_cdc_SOF                             0x080035c1   Thumb Code    26  usbd_cdc_core.o(i.usbd_cdc_SOF)
    i.usbd_cdc_Setup                         0x080035e0   Section        0  usbd_cdc_core.o(i.usbd_cdc_Setup)
    usbd_cdc_Setup                           0x080035e1   Thumb Code   172  usbd_cdc_core.o(i.usbd_cdc_Setup)
    .constdata                               0x08003694   Section       12  stm32f4_discovery.o(.constdata)
    .constdata                               0x080036a0   Section       16  stm32f4xx_hal_rcc.o(.constdata)
    .constdata                               0x080036b0   Section       15  main.o(.constdata)
    .data                                    0x20000000   Section       28  stm32f4_discovery.o(.data)
    .data                                    0x2000001c   Section       20  system_stm32f4xx.o(.data)
    .data                                    0x20000030   Section        4  stm32f4xx_hal.o(.data)
    uwTick                                   0x20000030   Data           4  stm32f4xx_hal.o(.data)
    .data                                    0x20000034   Section       73  main.o(.data)
    quadcount                                0x20000034   Data           1  main.o(.data)
    click                                    0x20000035   Data           1  main.o(.data)
    PhaseSteppingAuto                        0x20000036   Data           1  main.o(.data)
    modulation_state                         0x20000037   Data           1  main.o(.data)
    init1                                    0x20000038   Data           2  main.o(.data)
    chan                                     0x2000003a   Data           2  main.o(.data)
    chan0                                    0x2000003c   Data           2  main.o(.data)
    chan1                                    0x2000003e   Data           2  main.o(.data)
    chan2                                    0x20000040   Data           2  main.o(.data)
    chan3                                    0x20000042   Data           2  main.o(.data)
    pch0                                     0x20000044   Data           3  main.o(.data)
    pch1                                     0x20000047   Data           3  main.o(.data)
    pch2                                     0x2000004a   Data           3  main.o(.data)
    pch3                                     0x2000004d   Data           3  main.o(.data)
    phase0                                   0x20000050   Data           3  main.o(.data)
    phase1                                   0x20000053   Data           3  main.o(.data)
    phase2                                   0x20000056   Data           3  main.o(.data)
    phase3                                   0x20000059   Data           3  main.o(.data)
    init2                                    0x2000005c   Data           4  main.o(.data)
    init3                                    0x20000060   Data           4  main.o(.data)
    data0                                    0x20000064   Data           5  main.o(.data)
    fch0                                     0x20000069   Data           5  main.o(.data)
    fch1                                     0x2000006e   Data           5  main.o(.data)
    fch2                                     0x20000073   Data           5  main.o(.data)
    fch3                                     0x20000078   Data           5  main.o(.data)
    .data                                    0x20000080   Section       16  tm_stm32f4_usb_vcp.o(.data)
    .data                                    0x20000090   Section      107  usbd_cdc_core.o(.data)
    usbd_cdc_AltSet                          0x20000094   Data           4  usbd_cdc_core.o(.data)
    cdcCmd                                   0x200000a4   Data           4  usbd_cdc_core.o(.data)
    cdcLen                                   0x200000a8   Data           4  usbd_cdc_core.o(.data)
    FrameCount                               0x200000ac   Data           4  usbd_cdc_core.o(.data)
    .data                                    0x200000fc   Section       44  usbd_cdc_core.o(.data)
    .data                                    0x20000128   Section        8  usbd_cdc_vcp.o(.data)
    .data                                    0x20000130   Section       20  usbd_cdc_vcp.o(.data)
    .data                                    0x20000144   Section       44  usbd_core.o(.data)
    .data                                    0x20000170   Section        4  usbd_core.o(.data)
    .data                                    0x20000174   Section        4  usbd_core.o(.data)
    .data                                    0x20000178   Section       28  usbd_desc.o(.data)
    .data                                    0x20000194   Section       22  usbd_desc.o(.data)
    .data                                    0x200001ac   Section       16  usbd_req.o(.data)
    cfgidx                                   0x200001ac   Data           1  usbd_req.o(.data)
    .data                                    0x200001bc   Section        1  usbd_usr.o(.data)
    .data                                    0x200001c0   Section       28  usbd_usr.o(.data)
    .data                                    0x200001dc   Section        4  stdout.o(.data)
    .bss                                     0x200001e0   Section      120  main.o(.bss)
    cmd                                      0x200001e0   Data          11  main.o(.bss)
    .bss                                     0x20000258   Section     1652  tm_stm32f4_usb_vcp.o(.bss)
    .bss                                     0x200008cc   Section     2112  usbd_cdc_core.o(.bss)
    .bss                                     0x2000110c   Section      255  usbd_req.o(.bss)
    STACK                                    0x20001210   Section     1024  startup_stm32f407xx.o(STACK)

    Global Symbols

    Symbol Name                              Value     Ov Type        Size  Object(Section)

    BuildAttributes$$THM_ISAv4$E$P$D$K$B$S$7EM$VFPi3$EXTD16$VFPS$VFMA$PE$A:L22UL41UL21$X:L11$S22US41US21$IEEE1$IW$USESV6$~STKCKD$USESV7$~SHL$OSPACE$ROPI$EBA8$MICROLIB$REQ8$PRES8$EABIv2 0x00000000   Number         0  anon$$obj.o ABSOLUTE
    __ARM_use_no_argv                        0x00000000   Number         0  main.o ABSOLUTE
    _printf_a                                0x00000000   Number         0  stubs.o ABSOLUTE
    _printf_c                                0x00000000   Number         0  stubs.o ABSOLUTE
    _printf_charcount                        0x00000000   Number         0  stubs.o ABSOLUTE
    _printf_d                                0x00000000   Number         0  stubs.o ABSOLUTE
    _printf_e                                0x00000000   Number         0  stubs.o ABSOLUTE
    _printf_f                                0x00000000   Number         0  stubs.o ABSOLUTE
    _printf_flags                            0x00000000   Number         0  stubs.o ABSOLUTE
    _printf_fp_dec                           0x00000000   Number         0  stubs.o ABSOLUTE
    _printf_fp_hex                           0x00000000   Number         0  stubs.o ABSOLUTE
    _printf_g                                0x00000000   Number         0  stubs.o ABSOLUTE
    _printf_i                                0x00000000   Number         0  stubs.o ABSOLUTE
    _printf_int_dec                          0x00000000   Number         0  stubs.o ABSOLUTE
    _printf_l                                0x00000000   Number         0  stubs.o ABSOLUTE
    _printf_lc                               0x00000000   Number         0  stubs.o ABSOLUTE
    _printf_ll                               0x00000000   Number         0  stubs.o ABSOLUTE
    _printf_lld                              0x00000000   Number         0  stubs.o ABSOLUTE
    _printf_lli                              0x00000000   Number         0  stubs.o ABSOLUTE
    _printf_llo                              0x00000000   Number         0  stubs.o ABSOLUTE
    _printf_llu                              0x00000000   Number         0  stubs.o ABSOLUTE
    _printf_llx                              0x00000000   Number         0  stubs.o ABSOLUTE
    _printf_longlong_dec                     0x00000000   Number         0  stubs.o ABSOLUTE
    _printf_longlong_hex                     0x00000000   Number         0  stubs.o ABSOLUTE
    _printf_longlong_oct                     0x00000000   Number         0  stubs.o ABSOLUTE
    _printf_ls                               0x00000000   Number         0  stubs.o ABSOLUTE
    _printf_mbtowc                           0x00000000   Number         0  stubs.o ABSOLUTE
    _printf_n                                0x00000000   Number         0  stubs.o ABSOLUTE
    _printf_o                                0x00000000   Number         0  stubs.o ABSOLUTE
    _printf_p                                0x00000000   Number         0  stubs.o ABSOLUTE
    _printf_percent                          0x00000000   Number         0  stubs.o ABSOLUTE
    _printf_pre_padding                      0x00000000   Number         0  stubs.o ABSOLUTE
    _printf_return_value                     0x00000000   Number         0  stubs.o ABSOLUTE
    _printf_s                                0x00000000   Number         0  stubs.o ABSOLUTE
    _printf_sizespec                         0x00000000   Number         0  stubs.o ABSOLUTE
    _printf_str                              0x00000000   Number         0  stubs.o ABSOLUTE
    _printf_truncate_signed                  0x00000000   Number         0  stubs.o ABSOLUTE
    _printf_truncate_unsigned                0x00000000   Number         0  stubs.o ABSOLUTE
    _printf_u                                0x00000000   Number         0  stubs.o ABSOLUTE
    _printf_wc                               0x00000000   Number         0  stubs.o ABSOLUTE
    _printf_wctomb                           0x00000000   Number         0  stubs.o ABSOLUTE
    _printf_widthprec                        0x00000000   Number         0  stubs.o ABSOLUTE
    _printf_x                                0x00000000   Number         0  stubs.o ABSOLUTE
    __cpp_initialize__aeabi_                  - Undefined Weak Reference
    __cxa_finalize                            - Undefined Weak Reference
    _clock_init                               - Undefined Weak Reference
    _microlib_exit                            - Undefined Weak Reference
    __Vectors_Size                           0x00000188   Number         0  startup_stm32f407xx.o ABSOLUTE
    __Vectors                                0x08000000   Data           4  startup_stm32f407xx.o(RESET)
    __Vectors_End                            0x08000188   Data           0  startup_stm32f407xx.o(RESET)
    __main                                   0x08000189   Thumb Code     0  entry.o(.ARM.Collect$$$$00000000)
    _main_stk                                0x08000189   Thumb Code     0  entry2.o(.ARM.Collect$$$$00000001)
    _main_scatterload                        0x0800018d   Thumb Code     0  entry5.o(.ARM.Collect$$$$00000004)
    __main_after_scatterload                 0x08000191   Thumb Code     0  entry5.o(.ARM.Collect$$$$00000004)
    _main_clock                              0x08000191   Thumb Code     0  entry7b.o(.ARM.Collect$$$$00000008)
    _main_cpp_init                           0x08000191   Thumb Code     0  entry8b.o(.ARM.Collect$$$$0000000A)
    _main_init                               0x08000191   Thumb Code     0  entry9a.o(.ARM.Collect$$$$0000000B)
    __rt_final_cpp                           0x08000199   Thumb Code     0  entry10a.o(.ARM.Collect$$$$0000000D)
    __rt_final_exit                          0x08000199   Thumb Code     0  entry11a.o(.ARM.Collect$$$$0000000F)
    Reset_Handler                            0x0800019d   Thumb Code     8  startup_stm32f407xx.o(.text)
    ADC_IRQHandler                           0x080001b7   Thumb Code     0  startup_stm32f407xx.o(.text)
    CAN1_RX0_IRQHandler                      0x080001b7   Thumb Code     0  startup_stm32f407xx.o(.text)
    CAN1_RX1_IRQHandler                      0x080001b7   Thumb Code     0  startup_stm32f407xx.o(.text)
    CAN1_SCE_IRQHandler                      0x080001b7   Thumb Code     0  startup_stm32f407xx.o(.text)
    CAN1_TX_IRQHandler                       0x080001b7   Thumb Code     0  startup_stm32f407xx.o(.text)
    CAN2_RX0_IRQHandler                      0x080001b7   Thumb Code     0  startup_stm32f407xx.o(.text)
    CAN2_RX1_IRQHandler                      0x080001b7   Thumb Code     0  startup_stm32f407xx.o(.text)
    CAN2_SCE_IRQHandler                      0x080001b7   Thumb Code     0  startup_stm32f407xx.o(.text)
    CAN2_TX_IRQHandler                       0x080001b7   Thumb Code     0  startup_stm32f407xx.o(.text)
    DCMI_IRQHandler                          0x080001b7   Thumb Code     0  startup_stm32f407xx.o(.text)
    DMA1_Stream0_IRQHandler                  0x080001b7   Thumb Code     0  startup_stm32f407xx.o(.text)
    DMA1_Stream1_IRQHandler                  0x080001b7   Thumb Code     0  startup_stm32f407xx.o(.text)
    DMA1_Stream2_IRQHandler                  0x080001b7   Thumb Code     0  startup_stm32f407xx.o(.text)
    DMA1_Stream3_IRQHandler                  0x080001b7   Thumb Code     0  startup_stm32f407xx.o(.text)
    DMA1_Stream4_IRQHandler                  0x080001b7   Thumb Code     0  startup_stm32f407xx.o(.text)
    DMA1_Stream5_IRQHandler                  0x080001b7   Thumb Code     0  startup_stm32f407xx.o(.text)
    DMA1_Stream6_IRQHandler                  0x080001b7   Thumb Code     0  startup_stm32f407xx.o(.text)
    DMA1_Stream7_IRQHandler                  0x080001b7   Thumb Code     0  startup_stm32f407xx.o(.text)
    DMA2_Stream0_IRQHandler                  0x080001b7   Thumb Code     0  startup_stm32f407xx.o(.text)
    DMA2_Stream1_IRQHandler                  0x080001b7   Thumb Code     0  startup_stm32f407xx.o(.text)
    DMA2_Stream2_IRQHandler                  0x080001b7   Thumb Code     0  startup_stm32f407xx.o(.text)
    DMA2_Stream3_IRQHandler                  0x080001b7   Thumb Code     0  startup_stm32f407xx.o(.text)
    DMA2_Stream4_IRQHandler                  0x080001b7   Thumb Code     0  startup_stm32f407xx.o(.text)
    DMA2_Stream5_IRQHandler                  0x080001b7   Thumb Code     0  startup_stm32f407xx.o(.text)
    DMA2_Stream6_IRQHandler                  0x080001b7   Thumb Code     0  startup_stm32f407xx.o(.text)
    DMA2_Stream7_IRQHandler                  0x080001b7   Thumb Code     0  startup_stm32f407xx.o(.text)
    ETH_IRQHandler                           0x080001b7   Thumb Code     0  startup_stm32f407xx.o(.text)
    ETH_WKUP_IRQHandler                      0x080001b7   Thumb Code     0  startup_stm32f407xx.o(.text)
    EXTI15_10_IRQHandler                     0x080001b7   Thumb Code     0  startup_stm32f407xx.o(.text)
    EXTI1_IRQHandler                         0x080001b7   Thumb Code     0  startup_stm32f407xx.o(.text)
    EXTI3_IRQHandler                         0x080001b7   Thumb Code     0  startup_stm32f407xx.o(.text)
    EXTI4_IRQHandler                         0x080001b7   Thumb Code     0  startup_stm32f407xx.o(.text)
    EXTI9_5_IRQHandler                       0x080001b7   Thumb Code     0  startup_stm32f407xx.o(.text)
    FLASH_IRQHandler                         0x080001b7   Thumb Code     0  startup_stm32f407xx.o(.text)
    FMC_IRQHandler                           0x080001b7   Thumb Code     0  startup_stm32f407xx.o(.text)
    FPU_IRQHandler                           0x080001b7   Thumb Code     0  startup_stm32f407xx.o(.text)
    HASH_RNG_IRQHandler                      0x080001b7   Thumb Code     0  startup_stm32f407xx.o(.text)
    I2C1_ER_IRQHandler                       0x080001b7   Thumb Code     0  startup_stm32f407xx.o(.text)
    I2C1_EV_IRQHandler                       0x080001b7   Thumb Code     0  startup_stm32f407xx.o(.text)
    I2C2_ER_IRQHandler                       0x080001b7   Thumb Code     0  startup_stm32f407xx.o(.text)
    I2C2_EV_IRQHandler                       0x080001b7   Thumb Code     0  startup_stm32f407xx.o(.text)
    I2C3_ER_IRQHandler                       0x080001b7   Thumb Code     0  startup_stm32f407xx.o(.text)
    I2C3_EV_IRQHandler                       0x080001b7   Thumb Code     0  startup_stm32f407xx.o(.text)
    OTG_HS_EP1_IN_IRQHandler                 0x080001b7   Thumb Code     0  startup_stm32f407xx.o(.text)
    OTG_HS_EP1_OUT_IRQHandler                0x080001b7   Thumb Code     0  startup_stm32f407xx.o(.text)
    OTG_HS_IRQHandler                        0x080001b7   Thumb Code     0  startup_stm32f407xx.o(.text)
    OTG_HS_WKUP_IRQHandler                   0x080001b7   Thumb Code     0  startup_stm32f407xx.o(.text)
    PVD_IRQHandler                           0x080001b7   Thumb Code     0  startup_stm32f407xx.o(.text)
    RCC_IRQHandler                           0x080001b7   Thumb Code     0  startup_stm32f407xx.o(.text)
    RTC_Alarm_IRQHandler                     0x080001b7   Thumb Code     0  startup_stm32f407xx.o(.text)
    RTC_WKUP_IRQHandler                      0x080001b7   Thumb Code     0  startup_stm32f407xx.o(.text)
    SDIO_IRQHandler                          0x080001b7   Thumb Code     0  startup_stm32f407xx.o(.text)
    SPI1_IRQHandler                          0x080001b7   Thumb Code     0  startup_stm32f407xx.o(.text)
    SPI2_IRQHandler                          0x080001b7   Thumb Code     0  startup_stm32f407xx.o(.text)
    SPI3_IRQHandler                          0x080001b7   Thumb Code     0  startup_stm32f407xx.o(.text)
    TAMP_STAMP_IRQHandler                    0x080001b7   Thumb Code     0  startup_stm32f407xx.o(.text)
    TIM1_BRK_TIM9_IRQHandler                 0x080001b7   Thumb Code     0  startup_stm32f407xx.o(.text)
    TIM1_CC_IRQHandler                       0x080001b7   Thumb Code     0  startup_stm32f407xx.o(.text)
    TIM1_TRG_COM_TIM11_IRQHandler            0x080001b7   Thumb Code     0  startup_stm32f407xx.o(.text)
    TIM1_UP_TIM10_IRQHandler                 0x080001b7   Thumb Code     0  startup_stm32f407xx.o(.text)
    TIM2_IRQHandler                          0x080001b7   Thumb Code     0  startup_stm32f407xx.o(.text)
    TIM3_IRQHandler                          0x080001b7   Thumb Code     0  startup_stm32f407xx.o(.text)
    TIM4_IRQHandler                          0x080001b7   Thumb Code     0  startup_stm32f407xx.o(.text)
    TIM5_IRQHandler                          0x080001b7   Thumb Code     0  startup_stm32f407xx.o(.text)
    TIM6_DAC_IRQHandler                      0x080001b7   Thumb Code     0  startup_stm32f407xx.o(.text)
    TIM7_IRQHandler                          0x080001b7   Thumb Code     0  startup_stm32f407xx.o(.text)
    TIM8_BRK_TIM12_IRQHandler                0x080001b7   Thumb Code     0  startup_stm32f407xx.o(.text)
    TIM8_CC_IRQHandler                       0x080001b7   Thumb Code     0  startup_stm32f407xx.o(.text)
    TIM8_TRG_COM_TIM14_IRQHandler            0x080001b7   Thumb Code     0  startup_stm32f407xx.o(.text)
    TIM8_UP_TIM13_IRQHandler                 0x080001b7   Thumb Code     0  startup_stm32f407xx.o(.text)
    UART4_IRQHandler                         0x080001b7   Thumb Code     0  startup_stm32f407xx.o(.text)
    UART5_IRQHandler                         0x080001b7   Thumb Code     0  startup_stm32f407xx.o(.text)
    USART1_IRQHandler                        0x080001b7   Thumb Code     0  startup_stm32f407xx.o(.text)
    USART2_IRQHandler                        0x080001b7   Thumb Code     0  startup_stm32f407xx.o(.text)
    USART3_IRQHandler                        0x080001b7   Thumb Code     0  startup_stm32f407xx.o(.text)
    USART6_IRQHandler                        0x080001b7   Thumb Code     0  startup_stm32f407xx.o(.text)
    WWDG_IRQHandler                          0x080001b7   Thumb Code     0  startup_stm32f407xx.o(.text)
    __aeabi_uidiv                            0x080001c1   Thumb Code     0  uidiv.o(.text)
    __aeabi_uidivmod                         0x080001c1   Thumb Code    44  uidiv.o(.text)
    __scatterload                            0x080001ed   Thumb Code    28  init.o(.text)
    __scatterload_rt2                        0x080001ed   Thumb Code     0  init.o(.text)
    __decompress                             0x08000211   Thumb Code     0  __dczerorl2.o(.text)
    __decompress1                            0x08000211   Thumb Code    86  __dczerorl2.o(.text)
    BSP_LED_Init                             0x08000269   Thumb Code    86  stm32f4_discovery.o(i.BSP_LED_Init)
    BSP_LED_Off                              0x080002cd   Thumb Code    18  stm32f4_discovery.o(i.BSP_LED_Off)
    BSP_LED_On                               0x080002e9   Thumb Code    18  stm32f4_discovery.o(i.BSP_LED_On)
    BSP_PB_GetState                          0x08000305   Thumb Code    16  stm32f4_discovery.o(i.BSP_PB_GetState)
    BSP_PB_Init                              0x0800031d   Thumb Code   110  stm32f4_discovery.o(i.BSP_PB_Init)
    BusFault_Handler                         0x0800039d   Thumb Code     2  stm32f4xx_it.o(i.BusFault_Handler)
    DCD_EP_Close                             0x0800039f   Thumb Code    44  usb_dcd.o(i.DCD_EP_Close)
    DCD_EP_ClrStall                          0x080003cb   Thumb Code    56  usb_dcd.o(i.DCD_EP_ClrStall)
    DCD_EP_Open                              0x08000403   Thumb Code    60  usb_dcd.o(i.DCD_EP_Open)
    DCD_EP_PrepareRx                         0x0800043f   Thumb Code    68  usb_dcd.o(i.DCD_EP_PrepareRx)
    DCD_EP_SetAddress                        0x08000483   Thumb Code    16  usb_dcd.o(i.DCD_EP_SetAddress)
    DCD_EP_Stall                             0x08000493   Thumb Code    56  usb_dcd.o(i.DCD_EP_Stall)
    DCD_EP_Tx                                0x080004cb   Thumb Code    62  usb_dcd.o(i.DCD_EP_Tx)
    DCD_Init                                 0x080007f1   Thumb Code   148  usb_dcd.o(i.DCD_Init)
    DebugMon_Handler                         0x08000903   Thumb Code     2  stm32f4xx_it.o(i.DebugMon_Handler)
    EXTI0_IRQHandler                         0x08000905   Thumb Code     6  stm32f4xx_it.o(i.EXTI0_IRQHandler)
    EXTI2_IRQHandler                         0x0800090b   Thumb Code     6  stm32f4xx_it.o(i.EXTI2_IRQHandler)
    HAL_Delay                                0x08000911   Thumb Code    22  stm32f4xx_hal.o(i.HAL_Delay)
    HAL_GPIO_EXTI_Callback                   0x08000929   Thumb Code   110  main.o(i.HAL_GPIO_EXTI_Callback)
    HAL_GPIO_EXTI_IRQHandler                 0x080009b9   Thumb Code    18  stm32f4xx_hal_gpio.o(i.HAL_GPIO_EXTI_IRQHandler)
    HAL_GPIO_Init                            0x080009d1   Thumb Code   398  stm32f4xx_hal_gpio.o(i.HAL_GPIO_Init)
    HAL_GPIO_ReadPin                         0x08000b91   Thumb Code    10  stm32f4xx_hal_gpio.o(i.HAL_GPIO_ReadPin)
    HAL_GPIO_WritePin                        0x08000b9b   Thumb Code    10  stm32f4xx_hal_gpio.o(i.HAL_GPIO_WritePin)
    HAL_GetREVID                             0x08000ba5   Thumb Code     8  stm32f4xx_hal.o(i.HAL_GetREVID)
    HAL_GetTick                              0x08000bb1   Thumb Code     6  stm32f4xx_hal.o(i.HAL_GetTick)
    HAL_IncTick                              0x08000bbd   Thumb Code    10  stm32f4xx_hal.o(i.HAL_IncTick)
    HAL_Init                                 0x08000bcd   Thumb Code    40  stm32f4xx_hal.o(i.HAL_Init)
    HAL_InitTick                             0x08000bf9   Thumb Code    34  stm32f4xx_hal.o(i.HAL_InitTick)
    HAL_MspInit                              0x08000c1b   Thumb Code     2  stm32f4xx_hal_msp.o(i.HAL_MspInit)
    HAL_NVIC_EnableIRQ                       0x08000c1d   Thumb Code    22  stm32f4xx_hal_cortex.o(i.HAL_NVIC_EnableIRQ)
    HAL_NVIC_SetPriority                     0x08000c35   Thumb Code    60  stm32f4xx_hal_cortex.o(i.HAL_NVIC_SetPriority)
    HAL_NVIC_SetPriorityGrouping             0x08000c75   Thumb Code    26  stm32f4xx_hal_cortex.o(i.HAL_NVIC_SetPriorityGrouping)
    HAL_RCC_ClockConfig                      0x08000c99   Thumb Code   514  stm32f4xx_hal_rcc.o(i.HAL_RCC_ClockConfig)
    HAL_RCC_GetHCLKFreq                      0x08000ea5   Thumb Code    38  stm32f4xx_hal_rcc.o(i.HAL_RCC_GetHCLKFreq)
    HAL_RCC_GetSysClockFreq                  0x08000ed9   Thumb Code   104  stm32f4xx_hal_rcc.o(i.HAL_RCC_GetSysClockFreq)
    HAL_RCC_OscConfig                        0x08000f49   Thumb Code   806  stm32f4xx_hal_rcc.o(i.HAL_RCC_OscConfig)
    HAL_SPI_Init                             0x08001285   Thumb Code   132  stm32f4xx_hal_spi.o(i.HAL_SPI_Init)
    HAL_SPI_MspInit                          0x08001309   Thumb Code   132  stm32f4xx_hal_msp.o(i.HAL_SPI_MspInit)
    HAL_SPI_Transmit                         0x08001399   Thumb Code   324  stm32f4xx_hal_spi.o(i.HAL_SPI_Transmit)
    HAL_SPI_TransmitNew                      0x080014dd   Thumb Code    58  main.o(i.HAL_SPI_TransmitNew)
    HAL_SYSTICK_Config                       0x0800151d   Thumb Code    40  stm32f4xx_hal_cortex.o(i.HAL_SYSTICK_Config)
    HardFault_Handler                        0x080015ad   Thumb Code     2  stm32f4xx_it.o(i.HardFault_Handler)
    MemManage_Handler                        0x080015af   Thumb Code     2  stm32f4xx_it.o(i.MemManage_Handler)
    NMI_Handler                              0x080015b1   Thumb Code     2  stm32f4xx_it.o(i.NMI_Handler)
    OTG_FS_IRQHandler                        0x080015d5   Thumb Code     6  usb_bsp.o(i.OTG_FS_IRQHandler)
    OTG_FS_WKUP_IRQHandler                   0x080015e1   Thumb Code    10  usb_bsp.o(i.OTG_FS_WKUP_IRQHandler)
    PendSV_Handler                           0x080015f1   Thumb Code     2  stm32f4xx_it.o(i.PendSV_Handler)
    SVC_Handler                              0x08001691   Thumb Code     2  stm32f4xx_it.o(i.SVC_Handler)
    SysTick_Handler                          0x08001693   Thumb Code     4  stm32f4xx_it.o(i.SysTick_Handler)
    SystemInit                               0x08001731   Thumb Code    66  system_stm32f4xx.o(i.SystemInit)
    TM_INT_USB_VCP_AddReceived               0x08001785   Thumb Code    40  tm_stm32f4_usb_vcp.o(i.TM_INT_USB_VCP_AddReceived)
    TM_USB_VCP_GetStatus                     0x080017b5   Thumb Code    16  tm_stm32f4_usb_vcp.o(i.TM_USB_VCP_GetStatus)
    TM_USB_VCP_Getc                          0x080017cd   Thumb Code    50  tm_stm32f4_usb_vcp.o(i.TM_USB_VCP_Getc)
    TM_USB_VCP_Init                          0x08001809   Thumb Code    36  tm_stm32f4_usb_vcp.o(i.TM_USB_VCP_Init)
    TM_USB_VCP_Putc                          0x08001841   Thumb Code    24  tm_stm32f4_usb_vcp.o(i.TM_USB_VCP_Putc)
    TM_USB_VCP_Puts                          0x08001859   Thumb Code    20  tm_stm32f4_usb_vcp.o(i.TM_USB_VCP_Puts)
    USBD_ClrCfg                              0x0800186d   Thumb Code    14  usbd_core.o(i.USBD_ClrCfg)
    USBD_CtlContinueRx                       0x0800187b   Thumb Code    18  usbd_ioreq.o(i.USBD_CtlContinueRx)
    USBD_CtlContinueSendData                 0x0800188d   Thumb Code    18  usbd_ioreq.o(i.USBD_CtlContinueSendData)
    USBD_CtlError                            0x0800189f   Thumb Code    28  usbd_req.o(i.USBD_CtlError)
    USBD_CtlPrepareRx                        0x080018bb   Thumb Code    32  usbd_ioreq.o(i.USBD_CtlPrepareRx)
    USBD_CtlReceiveStatus                    0x080018db   Thumb Code    34  usbd_ioreq.o(i.USBD_CtlReceiveStatus)
    USBD_CtlSendData                         0x080018fd   Thumb Code    32  usbd_ioreq.o(i.USBD_CtlSendData)
    USBD_CtlSendStatus                       0x0800191d   Thumb Code    34  usbd_ioreq.o(i.USBD_CtlSendStatus)
    USBD_GetString                           0x08001b37   Thumb Code    70  usbd_req.o(i.USBD_GetString)
    USBD_Init                                0x08001b7d   Thumb Code    52  usbd_core.o(i.USBD_Init)
    USBD_OTG_ISR_Handler                     0x08001bcd   Thumb Code   322  usb_dcd_int.o(i.USBD_OTG_ISR_Handler)
    USBD_ParseSetupRequest                   0x08001d15   Thumb Code    68  usbd_req.o(i.USBD_ParseSetupRequest)
    USBD_SetCfg                              0x08001dad   Thumb Code    26  usbd_core.o(i.USBD_SetCfg)
    USBD_StdDevReq                           0x08001f01   Thumb Code   236  usbd_req.o(i.USBD_StdDevReq)
    USBD_StdEPReq                            0x08001ff1   Thumb Code   208  usbd_req.o(i.USBD_StdEPReq)
    USBD_StdItfReq                           0x080020c5   Thumb Code    54  usbd_req.o(i.USBD_StdItfReq)
    USBD_USR_ConfigStrDescriptor             0x08002119   Thumb Code    16  usbd_desc.o(i.USBD_USR_ConfigStrDescriptor)
    USBD_USR_DeviceConfigured                0x08002139   Thumb Code     8  usbd_usr.o(i.USBD_USR_DeviceConfigured)
    USBD_USR_DeviceConnected                 0x08002145   Thumb Code     8  usbd_usr.o(i.USBD_USR_DeviceConnected)
    USBD_USR_DeviceDescriptor                0x08002151   Thumb Code     8  usbd_desc.o(i.USBD_USR_DeviceDescriptor)
    USBD_USR_DeviceDisconnected              0x0800215d   Thumb Code     8  usbd_usr.o(i.USBD_USR_DeviceDisconnected)
    USBD_USR_DeviceReset                     0x08002169   Thumb Code     8  usbd_usr.o(i.USBD_USR_DeviceReset)
    USBD_USR_DeviceResumed                   0x08002175   Thumb Code     8  usbd_usr.o(i.USBD_USR_DeviceResumed)
    USBD_USR_DeviceSuspended                 0x08002181   Thumb Code     8  usbd_usr.o(i.USBD_USR_DeviceSuspended)
    USBD_USR_Init                            0x0800218d   Thumb Code     8  usbd_usr.o(i.USBD_USR_Init)
    USBD_USR_InterfaceStrDescriptor          0x08002199   Thumb Code    16  usbd_desc.o(i.USBD_USR_InterfaceStrDescriptor)
    USBD_USR_LangIDStrDescriptor             0x080021bd   Thumb Code     8  usbd_desc.o(i.USBD_USR_LangIDStrDescriptor)
    USBD_USR_ManufacturerStrDescriptor       0x080021c9   Thumb Code    16  usbd_desc.o(i.USBD_USR_ManufacturerStrDescriptor)
    USBD_USR_ProductStrDescriptor            0x080021f1   Thumb Code    16  usbd_desc.o(i.USBD_USR_ProductStrDescriptor)
    USBD_USR_SerialStrDescriptor             0x08002229   Thumb Code    16  usbd_desc.o(i.USBD_USR_SerialStrDescriptor)
    USB_OTG_BSP_EnableInterrupt              0x08002259   Thumb Code    28  usb_bsp.o(i.USB_OTG_BSP_EnableInterrupt)
    USB_OTG_BSP_Init                         0x08002275   Thumb Code   174  usb_bsp.o(i.USB_OTG_BSP_Init)
    USB_OTG_BSP_mDelay                       0x0800232d   Thumb Code    10  usb_bsp.o(i.USB_OTG_BSP_mDelay)
    USB_OTG_BSP_uDelay                       0x08002337   Thumb Code    22  usb_bsp.o(i.USB_OTG_BSP_uDelay)
    USB_OTG_CoreInit                         0x0800234d   Thumb Code   128  usb_core.o(i.USB_OTG_CoreInit)
    USB_OTG_CoreInitDev                      0x080023cd   Thumb Code   302  usb_core.o(i.USB_OTG_CoreInitDev)
    USB_OTG_DisableGlobalInt                 0x08002555   Thumb Code    16  usb_core.o(i.USB_OTG_DisableGlobalInt)
    USB_OTG_EP0Activate                      0x08002565   Thumb Code    58  usb_core.o(i.USB_OTG_EP0Activate)
    USB_OTG_EP0StartXfer                     0x080025a1   Thumb Code   182  usb_core.o(i.USB_OTG_EP0StartXfer)
    USB_OTG_EP0_OutStart                     0x08002659   Thumb Code    32  usb_core.o(i.USB_OTG_EP0_OutStart)
    USB_OTG_EPActivate                       0x0800267d   Thumb Code    82  usb_core.o(i.USB_OTG_EPActivate)
    USB_OTG_EPClearStall                     0x080026cf   Thumb Code    50  usb_core.o(i.USB_OTG_EPClearStall)
    USB_OTG_EPDeactivate                     0x08002701   Thumb Code    52  usb_core.o(i.USB_OTG_EPDeactivate)
    USB_OTG_EPSetStall                       0x08002735   Thumb Code    48  usb_core.o(i.USB_OTG_EPSetStall)
    USB_OTG_EPStartXfer                      0x08002765   Thumb Code   288  usb_core.o(i.USB_OTG_EPStartXfer)
    USB_OTG_EnableDevInt                     0x08002885   Thumb Code    66  usb_core.o(i.USB_OTG_EnableDevInt)
    USB_OTG_EnableGlobalInt                  0x080028cd   Thumb Code    16  usb_core.o(i.USB_OTG_EnableGlobalInt)
    USB_OTG_FlushRxFifo                      0x080028dd   Thumb Code    52  usb_core.o(i.USB_OTG_FlushRxFifo)
    USB_OTG_FlushTxFifo                      0x08002915   Thumb Code    60  usb_core.o(i.USB_OTG_FlushTxFifo)
    USB_OTG_GetDeviceSpeed                   0x08002955   Thumb Code    38  usb_core.o(i.USB_OTG_GetDeviceSpeed)
    USB_OTG_InitDevSpeed                     0x0800297b   Thumb Code    12  usb_core.o(i.USB_OTG_InitDevSpeed)
    USB_OTG_IsDeviceMode                     0x08002987   Thumb Code    18  usb_core.o(i.USB_OTG_IsDeviceMode)
    USB_OTG_ReadCoreItr                      0x08002999   Thumb Code    10  usb_core.o(i.USB_OTG_ReadCoreItr)
    USB_OTG_ReadDevAllInEPItr                0x080029a3   Thumb Code    12  usb_core.o(i.USB_OTG_ReadDevAllInEPItr)
    USB_OTG_ReadDevAllOutEp_itr              0x080029af   Thumb Code    12  usb_core.o(i.USB_OTG_ReadDevAllOutEp_itr)
    USB_OTG_ReadDevOutEP_itr                 0x080029bb   Thumb Code    16  usb_core.o(i.USB_OTG_ReadDevOutEP_itr)
    USB_OTG_ReadPacket                       0x080029cb   Thumb Code    32  usb_core.o(i.USB_OTG_ReadPacket)
    USB_OTG_SelectCore                       0x080029ed   Thumb Code   192  usb_core.o(i.USB_OTG_SelectCore)
    USB_OTG_SetCurrentMode                   0x08002ab1   Thumb Code    42  usb_core.o(i.USB_OTG_SetCurrentMode)
    USB_OTG_WritePacket                      0x08002adb   Thumb Code    40  usb_core.o(i.USB_OTG_WritePacket)
    UsageFault_Handler                       0x08002b03   Thumb Code     2  stm32f4xx_it.o(i.UsageFault_Handler)
    VCP_DataRx                               0x08002b5d   Thumb Code    26  usbd_cdc_vcp.o(i.VCP_DataRx)
    VCP_DataTx                               0x08002b79   Thumb Code    42  usbd_cdc_vcp.o(i.VCP_DataTx)
    __0printf$3                              0x08002bb5   Thumb Code    22  printf3.o(i.__0printf$3)
    __1printf$3                              0x08002bb5   Thumb Code     0  printf3.o(i.__0printf$3)
    __2printf                                0x08002bb5   Thumb Code     0  printf3.o(i.__0printf$3)
    __scatterload_copy                       0x08002bd5   Thumb Code    14  handlers.o(i.__scatterload_copy)
    __scatterload_null                       0x08002be3   Thumb Code     2  handlers.o(i.__scatterload_null)
    __scatterload_zeroinit                   0x08002be5   Thumb Code    14  handlers.o(i.__scatterload_zeroinit)
    fputc                                    0x08002dad   Thumb Code    36  retarget.o(i.fputc)
    incrementphase                           0x08002dd5   Thumb Code   104  main.o(i.incrementphase)
    initDDS                                  0x08002e51   Thumb Code   112  main.o(i.initDDS)
    ioupdate                                 0x08002ecd   Thumb Code    40  main.o(i.ioupdate)
    main                                     0x08002ef9   Thumb Code   418  main.o(i.main)
    modulation_off                           0x0800317d   Thumb Code    42  main.o(i.modulation_off)
    modulation_on                            0x080031ad   Thumb Code    50  main.o(i.modulation_on)
    parse_usb                                0x080031e5   Thumb Code   248  main.o(i.parse_usb)
    resetDDS                                 0x08003339   Thumb Code    36  main.o(i.resetDDS)
    resetphase                               0x08003361   Thumb Code    60  main.o(i.resetphase)
    setfreqDDS                               0x080033a5   Thumb Code   176  main.o(i.setfreqDDS)
    setphase                                 0x0800345d   Thumb Code    60  main.o(i.setphase)
    BUTTON_IRQn                              0x08003694   Data           1  stm32f4_discovery.o(.constdata)
    BUTTON_PIN                               0x08003696   Data           2  stm32f4_discovery.o(.constdata)
    GPIO_PIN                                 0x08003698   Data           8  stm32f4_discovery.o(.constdata)
    APBAHBPrescTable                         0x080036a0   Data          16  stm32f4xx_hal_rcc.o(.constdata)
    Region$$Table$$Base                      0x080036c0   Number         0  anon$$obj.o(Region$$Table)
    Region$$Table$$Limit                     0x080036e0   Number         0  anon$$obj.o(Region$$Table)
    BUTTON_PORT                              0x20000000   Data           4  stm32f4_discovery.o(.data)
    I2cxTimeout                              0x20000004   Data           4  stm32f4_discovery.o(.data)
    SpixTimeout                              0x20000008   Data           4  stm32f4_discovery.o(.data)
    GPIO_PORT                                0x2000000c   Data          16  stm32f4_discovery.o(.data)
    SystemCoreClock                          0x2000001c   Data           4  system_stm32f4xx.o(.data)
    AHBPrescTable                            0x20000020   Data          16  system_stm32f4xx.o(.data)
    TM_USB_VCP_INT_Init                      0x20000080   Data           1  tm_stm32f4_usb_vcp.o(.data)
    tm_int_usb_vcp_buf_in                    0x20000084   Data           4  tm_stm32f4_usb_vcp.o(.data)
    tm_int_usb_vcp_buf_out                   0x20000088   Data           4  tm_stm32f4_usb_vcp.o(.data)
    tm_int_usb_vcp_buf_num                   0x2000008c   Data           4  tm_stm32f4_usb_vcp.o(.data)
    USB_Tx_State                             0x20000090   Data           1  usbd_cdc_core.o(.data)
    APP_Rx_ptr_in                            0x20000098   Data           4  usbd_cdc_core.o(.data)
    APP_Rx_ptr_out                           0x2000009c   Data           4  usbd_cdc_core.o(.data)
    APP_Rx_length                            0x200000a0   Data           4  usbd_cdc_core.o(.data)
    CmdBuff                                  0x200000b0   Data           8  usbd_cdc_core.o(.data)
    usbd_cdc_CfgDesc                         0x200000b8   Data          67  usbd_cdc_core.o(.data)
    USBD_CDC_cb                              0x200000fc   Data          44  usbd_cdc_core.o(.data)
    linecoding                               0x20000128   Data           8  usbd_cdc_vcp.o(.data)
    VCP_fops                                 0x20000130   Data          20  usbd_cdc_vcp.o(.data)
    USBD_DCD_INT_cb                          0x20000144   Data          44  usbd_core.o(.data)
    USBD_DCD_INT_fops                        0x20000170   Data           4  usbd_core.o(.data)
    SET_TEST_MODE                            0x20000174   Data           4  usbd_core.o(.data)
    USR_desc                                 0x20000178   Data          28  usbd_desc.o(.data)
    USBD_LangIDDesc                          0x20000194   Data           4  usbd_desc.o(.data)
    USBD_DeviceDesc                          0x20000198   Data          18  usbd_desc.o(.data)
    USBD_ep_status                           0x200001b0   Data           4  usbd_req.o(.data)
    USBD_default_cfg                         0x200001b4   Data           4  usbd_req.o(.data)
    USBD_cfg_status                          0x200001b8   Data           4  usbd_req.o(.data)
    TM_USB_VCP_INT_Status                    0x200001bc   Data           1  usbd_usr.o(.data)
    USR_cb                                   0x200001c0   Data          28  usbd_usr.o(.data)
    __stdout                                 0x200001dc   Data           4  stdout.o(.data)
    SpiHandle                                0x200001ec   Data          88  main.o(.bss)
    GPIO_InitStruct                          0x20000244   Data          20  main.o(.bss)
    TM_INT_USB_VCP_ReceiveBuffer             0x20000258   Data         128  tm_stm32f4_usb_vcp.o(.bss)
    USB_OTG_dev                              0x200002d8   Data        1524  tm_stm32f4_usb_vcp.o(.bss)
    USB_Rx_Buffer                            0x200008cc   Data          64  usbd_cdc_core.o(.bss)
    APP_Rx_Buffer                            0x2000090c   Data        2048  usbd_cdc_core.o(.bss)
    USBD_StrDesc                             0x2000110c   Data         255  usbd_req.o(.bss)
    __initial_sp                             0x20001610   Data           0  startup_stm32f407xx.o(STACK)



==============================================================================

Memory Map of the image

  Image Entry point : 0x08000189

  Load Region LR_IROM1 (Base: 0x08000000, Size: 0x000038c0, Max: 0x00100000, ABSOLUTE, COMPRESSED[0x00003800])

    Execution Region ER_IROM1 (Base: 0x08000000, Size: 0x000036e0, Max: 0x00100000, ABSOLUTE)

    Base Addr    Size         Type   Attr      Idx    E Section Name        Object

    0x08000000   0x00000188   Data   RO         7689    RESET               startup_stm32f407xx.o
    0x08000188   0x00000000   Code   RO         9042  * .ARM.Collect$$$$00000000  mc_w.l(entry.o)
    0x08000188   0x00000004   Code   RO         9312    .ARM.Collect$$$$00000001  mc_w.l(entry2.o)
    0x0800018c   0x00000004   Code   RO         9315    .ARM.Collect$$$$00000004  mc_w.l(entry5.o)
    0x08000190   0x00000000   Code   RO         9317    .ARM.Collect$$$$00000008  mc_w.l(entry7b.o)
    0x08000190   0x00000000   Code   RO         9319    .ARM.Collect$$$$0000000A  mc_w.l(entry8b.o)
    0x08000190   0x00000008   Code   RO         9320    .ARM.Collect$$$$0000000B  mc_w.l(entry9a.o)
    0x08000198   0x00000000   Code   RO         9322    .ARM.Collect$$$$0000000D  mc_w.l(entry10a.o)
    0x08000198   0x00000000   Code   RO         9324    .ARM.Collect$$$$0000000F  mc_w.l(entry11a.o)
    0x08000198   0x00000004   Code   RO         9313    .ARM.Collect$$$$00002712  mc_w.l(entry2.o)
    0x0800019c   0x00000024   Code   RO         7690    .text               startup_stm32f407xx.o
    0x080001c0   0x0000002c   Code   RO         9327    .text               mc_w.l(uidiv.o)
    0x080001ec   0x00000024   Code   RO         9342    .text               mc_w.l(init.o)
    0x08000210   0x00000056   Code   RO         9360    .text               mc_w.l(__dczerorl2.o)
    0x08000266   0x00000002   PAD
    0x08000268   0x00000064   Code   RO          273    i.BSP_LED_Init      stm32f4_discovery.o
    0x080002cc   0x0000001c   Code   RO          274    i.BSP_LED_Off       stm32f4_discovery.o
    0x080002e8   0x0000001c   Code   RO          275    i.BSP_LED_On        stm32f4_discovery.o
    0x08000304   0x00000018   Code   RO          277    i.BSP_PB_GetState   stm32f4_discovery.o
    0x0800031c   0x00000080   Code   RO          278    i.BSP_PB_Init       stm32f4_discovery.o
    0x0800039c   0x00000002   Code   RO         7896    i.BusFault_Handler  stm32f4xx_it.o
    0x0800039e   0x0000002c   Code   RO         8392    i.DCD_EP_Close      usb_dcd.o
    0x080003ca   0x00000038   Code   RO         8393    i.DCD_EP_ClrStall   usb_dcd.o
    0x08000402   0x0000003c   Code   RO         8395    i.DCD_EP_Open       usb_dcd.o
    0x0800043e   0x00000044   Code   RO         8396    i.DCD_EP_PrepareRx  usb_dcd.o
    0x08000482   0x00000010   Code   RO         8397    i.DCD_EP_SetAddress  usb_dcd.o
    0x08000492   0x00000038   Code   RO         8398    i.DCD_EP_Stall      usb_dcd.o
    0x080004ca   0x0000003e   Code   RO         8399    i.DCD_EP_Tx         usb_dcd.o
    0x08000508   0x000000cc   Code   RO         8486    i.DCD_HandleInEP_ISR  usb_dcd_int.o
    0x080005d4   0x000000ac   Code   RO         8487    i.DCD_HandleOutEP_ISR  usb_dcd_int.o
    0x08000680   0x0000007c   Code   RO         8488    i.DCD_HandleRxStatusQueueLevel_ISR  usb_dcd_int.o
    0x080006fc   0x00000070   Code   RO         8489    i.DCD_HandleUSBSuspend_ISR  usb_dcd_int.o
    0x0800076c   0x00000084   Code   RO         8490    i.DCD_HandleUsbReset_ISR  usb_dcd_int.o
    0x080007f0   0x00000094   Code   RO         8401    i.DCD_Init          usb_dcd.o
    0x08000884   0x0000007e   Code   RO         8491    i.DCD_WriteEmptyTxFifo  usb_dcd_int.o
    0x08000902   0x00000002   Code   RO         7897    i.DebugMon_Handler  stm32f4xx_it.o
    0x08000904   0x00000006   Code   RO         7898    i.EXTI0_IRQHandler  stm32f4xx_it.o
    0x0800090a   0x00000006   Code   RO         7899    i.EXTI2_IRQHandler  stm32f4xx_it.o
    0x08000910   0x00000016   Code   RO          711    i.HAL_Delay         stm32f4xx_hal.o
    0x08000926   0x00000002   PAD
    0x08000928   0x00000090   Code   RO         7697    i.HAL_GPIO_EXTI_Callback  main.o
    0x080009b8   0x00000018   Code   RO         2407    i.HAL_GPIO_EXTI_IRQHandler  stm32f4xx_hal_gpio.o
    0x080009d0   0x000001c0   Code   RO         2408    i.HAL_GPIO_Init     stm32f4xx_hal_gpio.o
    0x08000b90   0x0000000a   Code   RO         2410    i.HAL_GPIO_ReadPin  stm32f4xx_hal_gpio.o
    0x08000b9a   0x0000000a   Code   RO         2412    i.HAL_GPIO_WritePin  stm32f4xx_hal_gpio.o
    0x08000ba4   0x0000000c   Code   RO          716    i.HAL_GetREVID      stm32f4xx_hal.o
    0x08000bb0   0x0000000c   Code   RO          717    i.HAL_GetTick       stm32f4xx_hal.o
    0x08000bbc   0x00000010   Code   RO          718    i.HAL_IncTick       stm32f4xx_hal.o
    0x08000bcc   0x0000002c   Code   RO          719    i.HAL_Init          stm32f4xx_hal.o
    0x08000bf8   0x00000022   Code   RO          720    i.HAL_InitTick      stm32f4xx_hal.o
    0x08000c1a   0x00000002   Code   RO         7855    i.HAL_MspInit       stm32f4xx_hal_msp.o
    0x08000c1c   0x00000016   Code   RO         1276    i.HAL_NVIC_EnableIRQ  stm32f4xx_hal_cortex.o
    0x08000c32   0x00000002   PAD
    0x08000c34   0x00000040   Code   RO         1282    i.HAL_NVIC_SetPriority  stm32f4xx_hal_cortex.o
    0x08000c74   0x00000024   Code   RO         1283    i.HAL_NVIC_SetPriorityGrouping  stm32f4xx_hal_cortex.o
    0x08000c98   0x0000020c   Code   RO         4345    i.HAL_RCC_ClockConfig  stm32f4xx_hal_rcc.o
    0x08000ea4   0x00000034   Code   RO         4350    i.HAL_RCC_GetHCLKFreq  stm32f4xx_hal_rcc.o
    0x08000ed8   0x00000070   Code   RO         4354    i.HAL_RCC_GetSysClockFreq  stm32f4xx_hal_rcc.o
    0x08000f48   0x0000033c   Code   RO         4357    i.HAL_RCC_OscConfig  stm32f4xx_hal_rcc.o
    0x08001284   0x00000084   Code   RO         5408    i.HAL_SPI_Init      stm32f4xx_hal_spi.o
    0x08001308   0x00000090   Code   RO         7857    i.HAL_SPI_MspInit   stm32f4xx_hal_msp.o
    0x08001398   0x00000144   Code   RO         5416    i.HAL_SPI_Transmit  stm32f4xx_hal_spi.o
    0x080014dc   0x00000040   Code   RO         7698    i.HAL_SPI_TransmitNew  main.o
    0x0800151c   0x00000028   Code   RO         1287    i.HAL_SYSTICK_Config  stm32f4xx_hal_cortex.o
    0x08001544   0x00000068   Code   RO         8544    i.Handle_USBAsynchXfer  usbd_cdc_core.o
    0x080015ac   0x00000002   Code   RO         7900    i.HardFault_Handler  stm32f4xx_it.o
    0x080015ae   0x00000002   Code   RO         7901    i.MemManage_Handler  stm32f4xx_it.o
    0x080015b0   0x00000002   Code   RO         7902    i.NMI_Handler       stm32f4xx_it.o
    0x080015b2   0x00000020   Code   RO         1289    i.NVIC_SetPriority  stm32f4xx_hal_cortex.o
    0x080015d2   0x00000002   PAD
    0x080015d4   0x0000000c   Code   RO         8107    i.OTG_FS_IRQHandler  usb_bsp.o
    0x080015e0   0x00000010   Code   RO         8108    i.OTG_FS_WKUP_IRQHandler  usb_bsp.o
    0x080015f0   0x00000002   Code   RO         7903    i.PendSV_Handler    stm32f4xx_it.o
    0x080015f2   0x0000009e   Code   RO         5439    i.SPI_WaitOnFlagUntilTimeout  stm32f4xx_hal_spi.o
    0x08001690   0x00000002   Code   RO         7904    i.SVC_Handler       stm32f4xx_it.o
    0x08001692   0x00000004   Code   RO         7905    i.SysTick_Handler   stm32f4xx_it.o
    0x08001696   0x00000002   PAD
    0x08001698   0x00000098   Code   RO         7699    i.SystemClock_Config  main.o
    0x08001730   0x00000054   Code   RO          669    i.SystemInit        system_stm32f4xx.o
    0x08001784   0x00000030   Code   RO         8011    i.TM_INT_USB_VCP_AddReceived  tm_stm32f4_usb_vcp.o
    0x080017b4   0x00000018   Code   RO         8016    i.TM_USB_VCP_GetStatus  tm_stm32f4_usb_vcp.o
    0x080017cc   0x0000003c   Code   RO         8017    i.TM_USB_VCP_Getc   tm_stm32f4_usb_vcp.o
    0x08001808   0x00000038   Code   RO         8019    i.TM_USB_VCP_Init   tm_stm32f4_usb_vcp.o
    0x08001840   0x00000018   Code   RO         8020    i.TM_USB_VCP_Putc   tm_stm32f4_usb_vcp.o
    0x08001858   0x00000014   Code   RO         8021    i.TM_USB_VCP_Puts   tm_stm32f4_usb_vcp.o
    0x0800186c   0x0000000e   Code   RO         8670    i.USBD_ClrCfg       usbd_core.o
    0x0800187a   0x00000012   Code   RO         8834    i.USBD_CtlContinueRx  usbd_ioreq.o
    0x0800188c   0x00000012   Code   RO         8835    i.USBD_CtlContinueSendData  usbd_ioreq.o
    0x0800189e   0x0000001c   Code   RO         8894    i.USBD_CtlError     usbd_req.o
    0x080018ba   0x00000020   Code   RO         8836    i.USBD_CtlPrepareRx  usbd_ioreq.o
    0x080018da   0x00000022   Code   RO         8837    i.USBD_CtlReceiveStatus  usbd_ioreq.o
    0x080018fc   0x00000020   Code   RO         8838    i.USBD_CtlSendData  usbd_ioreq.o
    0x0800191c   0x00000022   Code   RO         8839    i.USBD_CtlSendStatus  usbd_ioreq.o
    0x0800193e   0x00000002   PAD
    0x08001940   0x000000b0   Code   RO         8671    i.USBD_DataInStage  usbd_core.o
    0x080019f0   0x00000078   Code   RO         8672    i.USBD_DataOutStage  usbd_core.o
    0x08001a68   0x000000ce   Code   RO         8895    i.USBD_GetDescriptor  usbd_req.o
    0x08001b36   0x00000046   Code   RO         8896    i.USBD_GetString    usbd_req.o
    0x08001b7c   0x00000034   Code   RO         8674    i.USBD_Init         usbd_core.o
    0x08001bb0   0x0000000e   Code   RO         8675    i.USBD_IsoINIncomplete  usbd_core.o
    0x08001bbe   0x0000000e   Code   RO         8676    i.USBD_IsoOUTIncomplete  usbd_core.o
    0x08001bcc   0x00000148   Code   RO         8492    i.USBD_OTG_ISR_Handler  usb_dcd_int.o
    0x08001d14   0x00000044   Code   RO         8897    i.USBD_ParseSetupRequest  usbd_req.o
    0x08001d58   0x0000002e   Code   RO         8677    i.USBD_Reset        usbd_core.o
    0x08001d86   0x00000016   Code   RO         8678    i.USBD_Resume       usbd_core.o
    0x08001d9c   0x00000010   Code   RO         8679    i.USBD_SOF          usbd_core.o
    0x08001dac   0x0000001a   Code   RO         8680    i.USBD_SetCfg       usbd_core.o
    0x08001dc6   0x00000002   PAD
    0x08001dc8   0x00000074   Code   RO         8898    i.USBD_SetConfig    usbd_req.o
    0x08001e3c   0x0000007c   Code   RO         8899    i.USBD_SetFeature   usbd_req.o
    0x08001eb8   0x00000048   Code   RO         8681    i.USBD_SetupStage   usbd_core.o
    0x08001f00   0x000000f0   Code   RO         8900    i.USBD_StdDevReq    usbd_req.o
    0x08001ff0   0x000000d4   Code   RO         8901    i.USBD_StdEPReq     usbd_req.o
    0x080020c4   0x00000036   Code   RO         8902    i.USBD_StdItfReq    usbd_req.o
    0x080020fa   0x0000001c   Code   RO         8682    i.USBD_Suspend      usbd_core.o
    0x08002116   0x00000002   PAD
    0x08002118   0x00000020   Code   RO         8765    i.USBD_USR_ConfigStrDescriptor  usbd_desc.o
    0x08002138   0x0000000c   Code   RO         8971    i.USBD_USR_DeviceConfigured  usbd_usr.o
    0x08002144   0x0000000c   Code   RO         8972    i.USBD_USR_DeviceConnected  usbd_usr.o
    0x08002150   0x0000000c   Code   RO         8766    i.USBD_USR_DeviceDescriptor  usbd_desc.o
    0x0800215c   0x0000000c   Code   RO         8973    i.USBD_USR_DeviceDisconnected  usbd_usr.o
    0x08002168   0x0000000c   Code   RO         8974    i.USBD_USR_DeviceReset  usbd_usr.o
    0x08002174   0x0000000c   Code   RO         8975    i.USBD_USR_DeviceResumed  usbd_usr.o
    0x08002180   0x0000000c   Code   RO         8976    i.USBD_USR_DeviceSuspended  usbd_usr.o
    0x0800218c   0x0000000c   Code   RO         8977    i.USBD_USR_Init     usbd_usr.o
    0x08002198   0x00000024   Code   RO         8767    i.USBD_USR_InterfaceStrDescriptor  usbd_desc.o
    0x080021bc   0x0000000c   Code   RO         8768    i.USBD_USR_LangIDStrDescriptor  usbd_desc.o
    0x080021c8   0x00000028   Code   RO         8769    i.USBD_USR_ManufacturerStrDescriptor  usbd_desc.o
    0x080021f0   0x00000038   Code   RO         8770    i.USBD_USR_ProductStrDescriptor  usbd_desc.o
    0x08002228   0x00000024   Code   RO         8771    i.USBD_USR_SerialStrDescriptor  usbd_desc.o
    0x0800224c   0x0000000c   Code   RO         8545    i.USBD_cdc_GetCfgDesc  usbd_cdc_core.o
    0x08002258   0x0000001c   Code   RO         8109    i.USB_OTG_BSP_EnableInterrupt  usb_bsp.o
    0x08002274   0x000000b8   Code   RO         8110    i.USB_OTG_BSP_Init  usb_bsp.o
    0x0800232c   0x0000000a   Code   RO         8111    i.USB_OTG_BSP_mDelay  usb_bsp.o
    0x08002336   0x00000016   Code   RO         8112    i.USB_OTG_BSP_uDelay  usb_bsp.o
    0x0800234c   0x00000080   Code   RO         8165    i.USB_OTG_CoreInit  usb_core.o
    0x080023cc   0x0000012e   Code   RO         8166    i.USB_OTG_CoreInitDev  usb_core.o
    0x080024fa   0x00000002   PAD
    0x080024fc   0x00000058   Code   RO         8167    i.USB_OTG_CoreReset  usb_core.o
    0x08002554   0x00000010   Code   RO         8168    i.USB_OTG_DisableGlobalInt  usb_core.o
    0x08002564   0x0000003a   Code   RO         8169    i.USB_OTG_EP0Activate  usb_core.o
    0x0800259e   0x00000002   PAD
    0x080025a0   0x000000b6   Code   RO         8170    i.USB_OTG_EP0StartXfer  usb_core.o
    0x08002656   0x00000002   PAD
    0x08002658   0x00000024   Code   RO         8171    i.USB_OTG_EP0_OutStart  usb_core.o
    0x0800267c   0x00000052   Code   RO         8172    i.USB_OTG_EPActivate  usb_core.o
    0x080026ce   0x00000032   Code   RO         8173    i.USB_OTG_EPClearStall  usb_core.o
    0x08002700   0x00000034   Code   RO         8174    i.USB_OTG_EPDeactivate  usb_core.o
    0x08002734   0x00000030   Code   RO         8175    i.USB_OTG_EPSetStall  usb_core.o
    0x08002764   0x00000120   Code   RO         8176    i.USB_OTG_EPStartXfer  usb_core.o
    0x08002884   0x00000048   Code   RO         8177    i.USB_OTG_EnableDevInt  usb_core.o
    0x080028cc   0x00000010   Code   RO         8178    i.USB_OTG_EnableGlobalInt  usb_core.o
    0x080028dc   0x00000038   Code   RO         8179    i.USB_OTG_FlushRxFifo  usb_core.o
    0x08002914   0x00000040   Code   RO         8180    i.USB_OTG_FlushTxFifo  usb_core.o
    0x08002954   0x00000026   Code   RO         8181    i.USB_OTG_GetDeviceSpeed  usb_core.o
    0x0800297a   0x0000000c   Code   RO         8184    i.USB_OTG_InitDevSpeed  usb_core.o
    0x08002986   0x00000012   Code   RO         8185    i.USB_OTG_IsDeviceMode  usb_core.o
    0x08002998   0x0000000a   Code   RO         8187    i.USB_OTG_ReadCoreItr  usb_core.o
    0x080029a2   0x0000000c   Code   RO         8188    i.USB_OTG_ReadDevAllInEPItr  usb_core.o
    0x080029ae   0x0000000c   Code   RO         8189    i.USB_OTG_ReadDevAllOutEp_itr  usb_core.o
    0x080029ba   0x00000010   Code   RO         8190    i.USB_OTG_ReadDevOutEP_itr  usb_core.o
    0x080029ca   0x00000020   Code   RO         8192    i.USB_OTG_ReadPacket  usb_core.o
    0x080029ea   0x00000002   PAD
    0x080029ec   0x000000c4   Code   RO         8193    i.USB_OTG_SelectCore  usb_core.o
    0x08002ab0   0x0000002a   Code   RO         8194    i.USB_OTG_SetCurrentMode  usb_core.o
    0x08002ada   0x00000028   Code   RO         8198    i.USB_OTG_WritePacket  usb_core.o
    0x08002b02   0x00000002   Code   RO         7906    i.UsageFault_Handler  stm32f4xx_it.o
    0x08002b04   0x00000058   Code   RO         8620    i.VCP_Ctrl          usbd_cdc_vcp.o
    0x08002b5c   0x0000001a   Code   RO         8621    i.VCP_DataRx        usbd_cdc_vcp.o
    0x08002b76   0x00000002   PAD
    0x08002b78   0x00000034   Code   RO         8622    i.VCP_DataTx        usbd_cdc_vcp.o
    0x08002bac   0x00000004   Code   RO         8623    i.VCP_DeInit        usbd_cdc_vcp.o
    0x08002bb0   0x00000004   Code   RO         8624    i.VCP_Init          usbd_cdc_vcp.o
    0x08002bb4   0x00000020   Code   RO         9140    i.__0printf$3       mc_w.l(printf3.o)
    0x08002bd4   0x0000000e   Code   RO         9354    i.__scatterload_copy  mc_w.l(handlers.o)
    0x08002be2   0x00000002   Code   RO         9355    i.__scatterload_null  mc_w.l(handlers.o)
    0x08002be4   0x0000000e   Code   RO         9356    i.__scatterload_zeroinit  mc_w.l(handlers.o)
    0x08002bf2   0x00000002   PAD
    0x08002bf4   0x000001b8   Code   RO         9147    i._printf_core      mc_w.l(printf3.o)
    0x08002dac   0x00000028   Code   RO         7983    i.fputc             retarget.o
    0x08002dd4   0x0000007c   Code   RO         7701    i.incrementphase    main.o
    0x08002e50   0x0000007c   Code   RO         7702    i.initDDS           main.o
    0x08002ecc   0x0000002c   Code   RO         7703    i.ioupdate          main.o
    0x08002ef8   0x00000284   Code   RO         7704    i.main              main.o
    0x0800317c   0x00000030   Code   RO         7705    i.modulation_off    main.o
    0x080031ac   0x00000038   Code   RO         7706    i.modulation_on     main.o
    0x080031e4   0x00000154   Code   RO         7707    i.parse_usb         main.o
    0x08003338   0x00000028   Code   RO         7708    i.resetDDS          main.o
    0x08003360   0x00000044   Code   RO         7709    i.resetphase        main.o
    0x080033a4   0x000000b8   Code   RO         7710    i.setfreqDDS        main.o
    0x0800345c   0x00000044   Code   RO         7711    i.setphase          main.o
    0x080034a0   0x00000048   Code   RO         8546    i.usbd_cdc_DataIn   usbd_cdc_core.o
    0x080034e8   0x00000034   Code   RO         8547    i.usbd_cdc_DataOut  usbd_cdc_core.o
    0x0800351c   0x00000028   Code   RO         8548    i.usbd_cdc_DeInit   usbd_cdc_core.o
    0x08003544   0x00000028   Code   RO         8549    i.usbd_cdc_EP0_RxReady  usbd_cdc_core.o
    0x0800356c   0x00000054   Code   RO         8550    i.usbd_cdc_Init     usbd_cdc_core.o
    0x080035c0   0x00000020   Code   RO         8551    i.usbd_cdc_SOF      usbd_cdc_core.o
    0x080035e0   0x000000b4   Code   RO         8552    i.usbd_cdc_Setup    usbd_cdc_core.o
    0x08003694   0x0000000c   Data   RO          285    .constdata          stm32f4_discovery.o
    0x080036a0   0x00000010   Data   RO         4358    .constdata          stm32f4xx_hal_rcc.o
    0x080036b0   0x0000000f   Data   RO         7713    .constdata          main.o
    0x080036bf   0x00000001   PAD
    0x080036c0   0x00000020   Data   RO         9352    Region$$Table       anon$$obj.o


    Execution Region RW_IRAM1 (Base: 0x20000000, Size: 0x00001610, Max: 0x00020000, ABSOLUTE, COMPRESSED[0x00000120])

    Base Addr    Size         Type   Attr      Idx    E Section Name        Object

    0x20000000   0x0000001c   Data   RW          286    .data               stm32f4_discovery.o
    0x2000001c   0x00000014   Data   RW          670    .data               system_stm32f4xx.o
    0x20000030   0x00000004   Data   RW          725    .data               stm32f4xx_hal.o
    0x20000034   0x00000049   Data   RW         7714    .data               main.o
    0x2000007d   0x00000003   PAD
    0x20000080   0x00000010   Data   RW         8024    .data               tm_stm32f4_usb_vcp.o
    0x20000090   0x0000006b   Data   RW         8555    .data               usbd_cdc_core.o
    0x200000fb   0x00000001   PAD
    0x200000fc   0x0000002c   Data   RW         8556    .data               usbd_cdc_core.o
    0x20000128   0x00000008   Data   RW         8625    .data               usbd_cdc_vcp.o
    0x20000130   0x00000014   Data   RW         8626    .data               usbd_cdc_vcp.o
    0x20000144   0x0000002c   Data   RW         8683    .data               usbd_core.o
    0x20000170   0x00000004   Data   RW         8684    .data               usbd_core.o
    0x20000174   0x00000004   Data   RW         8685    .data               usbd_core.o
    0x20000178   0x0000001c   Data   RW         8772    .data               usbd_desc.o
    0x20000194   0x00000016   Data   RW         8773    .data               usbd_desc.o
    0x200001aa   0x00000002   PAD
    0x200001ac   0x00000010   Data   RW         8904    .data               usbd_req.o
    0x200001bc   0x00000001   Data   RW         8979    .data               usbd_usr.o
    0x200001bd   0x00000003   PAD
    0x200001c0   0x0000001c   Data   RW         8980    .data               usbd_usr.o
    0x200001dc   0x00000004   Data   RW         9326    .data               mc_w.l(stdout.o)
    0x200001e0   0x00000078   Zero   RW         7712    .bss                main.o
    0x20000258   0x00000674   Zero   RW         8023    .bss                tm_stm32f4_usb_vcp.o
    0x200008cc   0x00000840   Zero   RW         8554    .bss                usbd_cdc_core.o
    0x2000110c   0x000000ff   Zero   RW         8903    .bss                usbd_req.o
    0x2000120b   0x00000005   PAD
    0x20001210   0x00000400   Zero   RW         7687    STACK               startup_stm32f407xx.o


==============================================================================

Image component sizes


      Code (inc. data)   RO Data    RW Data    ZI Data      Debug   Object Name

         0          0          0          0          0       4504   cs43l22.o
      2100        446         15         73        120      32223   main.o
        40          4          0          0          0      26859   retarget.o
        36          8        392          0       1024        832   startup_stm32f407xx.o
       308         60         12         28          0     342742   stm32f4_discovery.o
       140         20          0          4          0       4965   stm32f4xx_hal.o
       194         14          0          0          0      30163   stm32f4xx_hal_cortex.o
       492         56          0          0          0       3942   stm32f4xx_hal_gpio.o
       146         12          0          0          0       1636   stm32f4xx_hal_msp.o
      1516         54         16          0          0       5169   stm32f4xx_hal_rcc.o
       614          0          0          0          0       3430   stm32f4xx_hal_spi.o
        32          0          0          0          0       5252   stm32f4xx_it.o
        84         18          0         20          0       1185   system_stm32f4xx.o
       232         46          0         16       1652       4841   tm_stm32f4_usb_vcp.o
       272         22          0          0          0       3924   usb_bsp.o
      1966         26          0          0          0      19854   usb_core.o
       510          0          0          0          0       5580   usb_dcd.o
      1198         40          0          0          0       7043   usb_dcd_int.o
       616         74          0        151       2112       8184   usbd_cdc_core.o
       174         16          0         28          0       3606   usbd_cdc_vcp.o
       600          4          0         52          0       8622   usbd_core.o
       224        128          0         50          0       5460   usbd_desc.o
       168          0          0          0          0       4004   usbd_ioreq.o
      1118         44          0         16        255       8129   usbd_req.o
        84         28          0         29          0       3719   usbd_usr.o

    ----------------------------------------------------------------------
     12888       1120        468        476       5168     545868   Object Totals
         0          0         32          0          0          0   (incl. Generated)
        24          0          1          9          5          0   (incl. Padding)

    ----------------------------------------------------------------------

      Code (inc. data)   RO Data    RW Data    ZI Data      Debug   Library Member Name

        86          0          0          0          0          0   __dczerorl2.o
         0          0          0          0          0          0   entry.o
         0          0          0          0          0          0   entry10a.o
         0          0          0          0          0          0   entry11a.o
         8          4          0          0          0          0   entry2.o
         4          0          0          0          0          0   entry5.o
         0          0          0          0          0          0   entry7b.o
         0          0          0          0          0          0   entry8b.o
         8          4          0          0          0          0   entry9a.o
        30          0          0          0          0          0   handlers.o
        36          8          0          0          0         68   init.o
       472         14          0          0          0        184   printf3.o
         0          0          0          4          0          0   stdout.o
        44          0          0          0          0         80   uidiv.o

    ----------------------------------------------------------------------
       692         30          0          4          0        332   Library Totals
         4          0          0          0          0          0   (incl. Padding)

    ----------------------------------------------------------------------

      Code (inc. data)   RO Data    RW Data    ZI Data      Debug   Library Name

       688         30          0          4          0        332   mc_w.l

    ----------------------------------------------------------------------
       692         30          0          4          0        332   Library Totals

    ----------------------------------------------------------------------

==============================================================================


      Code (inc. data)   RO Data    RW Data    ZI Data      Debug   

     13580       1150        468        480       5168     530732   Grand Totals
     13580       1150        468        288       5168     530732   ELF Image Totals (compressed)
     13580       1150        468        288          0          0   ROM Totals

==============================================================================

    Total RO  Size (Code + RO Data)                14048 (  13.72kB)
    Total RW  Size (RW Data + ZI Data)              5648 (   5.52kB)
    Total ROM Size (Code + RO Data + RW Data)      14336 (  14.00kB)

==============================================================================

